Archive member included to satisfy reference by file (symbol)

/home/tulip/gcc-arm-none-eabi-10.3-2021.10-x86_64-linux/gcc-arm-none-eabi-10.3-2021.10/bin/../lib/gcc/arm-none-eabi/10.3.1/../../../../arm-none-eabi/lib/thumb/v6-m/nofp/libc.a(lib_a-memcmp.o)
                              build/ble_print.o (memcmp)
/home/tulip/gcc-arm-none-eabi-10.3-2021.10-x86_64-linux/gcc-arm-none-eabi-10.3-2021.10/bin/../lib/gcc/arm-none-eabi/10.3.1/../../../../arm-none-eabi/lib/thumb/v6-m/nofp/libc.a(lib_a-memcpy-stub.o)
                              build/ble_print.o (memcpy)
/home/tulip/gcc-arm-none-eabi-10.3-2021.10-x86_64-linux/gcc-arm-none-eabi-10.3-2021.10/bin/../lib/gcc/arm-none-eabi/10.3.1/../../../../arm-none-eabi/lib/thumb/v6-m/nofp/libc.a(lib_a-memset.o)
                              build/startup.o (memset)
/home/tulip/gcc-arm-none-eabi-10.3-2021.10-x86_64-linux/gcc-arm-none-eabi-10.3-2021.10/bin/../lib/gcc/arm-none-eabi/10.3.1/../../../../arm-none-eabi/lib/thumb/v6-m/nofp/libc.a(lib_a-printf.o)
                              build/ble_phy.o (printf)
/home/tulip/gcc-arm-none-eabi-10.3-2021.10-x86_64-linux/gcc-arm-none-eabi-10.3-2021.10/bin/../lib/gcc/arm-none-eabi/10.3.1/../../../../arm-none-eabi/lib/thumb/v6-m/nofp/libc.a(lib_a-putchar.o)
                              build/ble_print.o (putchar)
/home/tulip/gcc-arm-none-eabi-10.3-2021.10-x86_64-linux/gcc-arm-none-eabi-10.3-2021.10/bin/../lib/gcc/arm-none-eabi/10.3.1/../../../../arm-none-eabi/lib/thumb/v6-m/nofp/libc.a(lib_a-reent.o)
                              build/stdlib_impl.o (errno)
/home/tulip/gcc-arm-none-eabi-10.3-2021.10-x86_64-linux/gcc-arm-none-eabi-10.3-2021.10/bin/../lib/gcc/arm-none-eabi/10.3.1/../../../../arm-none-eabi/lib/thumb/v6-m/nofp/libc.a(lib_a-sprintf.o)
                              build/ble_print.o (sprintf)
/home/tulip/gcc-arm-none-eabi-10.3-2021.10-x86_64-linux/gcc-arm-none-eabi-10.3-2021.10/bin/../lib/gcc/arm-none-eabi/10.3.1/../../../../arm-none-eabi/lib/thumb/v6-m/nofp/libc.a(lib_a-svfprintf.o)
                              /home/tulip/gcc-arm-none-eabi-10.3-2021.10-x86_64-linux/gcc-arm-none-eabi-10.3-2021.10/bin/../lib/gcc/arm-none-eabi/10.3.1/../../../../arm-none-eabi/lib/thumb/v6-m/nofp/libc.a(lib_a-sprintf.o) (_svfprintf_r)
/home/tulip/gcc-arm-none-eabi-10.3-2021.10-x86_64-linux/gcc-arm-none-eabi-10.3-2021.10/bin/../lib/gcc/arm-none-eabi/10.3.1/../../../../arm-none-eabi/lib/thumb/v6-m/nofp/libc.a(lib_a-vfprintf.o)
                              /home/tulip/gcc-arm-none-eabi-10.3-2021.10-x86_64-linux/gcc-arm-none-eabi-10.3-2021.10/bin/../lib/gcc/arm-none-eabi/10.3.1/../../../../arm-none-eabi/lib/thumb/v6-m/nofp/libc.a(lib_a-printf.o) (_vfprintf_r)
/home/tulip/gcc-arm-none-eabi-10.3-2021.10-x86_64-linux/gcc-arm-none-eabi-10.3-2021.10/bin/../lib/gcc/arm-none-eabi/10.3.1/../../../../arm-none-eabi/lib/thumb/v6-m/nofp/libc.a(lib_a-wsetup.o)
                              /home/tulip/gcc-arm-none-eabi-10.3-2021.10-x86_64-linux/gcc-arm-none-eabi-10.3-2021.10/bin/../lib/gcc/arm-none-eabi/10.3.1/../../../../arm-none-eabi/lib/thumb/v6-m/nofp/libc.a(lib_a-vfprintf.o) (__swsetup_r)
/home/tulip/gcc-arm-none-eabi-10.3-2021.10-x86_64-linux/gcc-arm-none-eabi-10.3-2021.10/bin/../lib/gcc/arm-none-eabi/10.3.1/../../../../arm-none-eabi/lib/thumb/v6-m/nofp/libc.a(lib_a-dtoa.o)
                              /home/tulip/gcc-arm-none-eabi-10.3-2021.10-x86_64-linux/gcc-arm-none-eabi-10.3-2021.10/bin/../lib/gcc/arm-none-eabi/10.3.1/../../../../arm-none-eabi/lib/thumb/v6-m/nofp/libc.a(lib_a-svfprintf.o) (_dtoa_r)
/home/tulip/gcc-arm-none-eabi-10.3-2021.10-x86_64-linux/gcc-arm-none-eabi-10.3-2021.10/bin/../lib/gcc/arm-none-eabi/10.3.1/../../../../arm-none-eabi/lib/thumb/v6-m/nofp/libc.a(lib_a-fflush.o)
                              /home/tulip/gcc-arm-none-eabi-10.3-2021.10-x86_64-linux/gcc-arm-none-eabi-10.3-2021.10/bin/../lib/gcc/arm-none-eabi/10.3.1/../../../../arm-none-eabi/lib/thumb/v6-m/nofp/libc.a(lib_a-vfprintf.o) (_fflush_r)
/home/tulip/gcc-arm-none-eabi-10.3-2021.10-x86_64-linux/gcc-arm-none-eabi-10.3-2021.10/bin/../lib/gcc/arm-none-eabi/10.3.1/../../../../arm-none-eabi/lib/thumb/v6-m/nofp/libc.a(lib_a-findfp.o)
                              /home/tulip/gcc-arm-none-eabi-10.3-2021.10-x86_64-linux/gcc-arm-none-eabi-10.3-2021.10/bin/../lib/gcc/arm-none-eabi/10.3.1/../../../../arm-none-eabi/lib/thumb/v6-m/nofp/libc.a(lib_a-vfprintf.o) (__sinit)
/home/tulip/gcc-arm-none-eabi-10.3-2021.10-x86_64-linux/gcc-arm-none-eabi-10.3-2021.10/bin/../lib/gcc/arm-none-eabi/10.3.1/../../../../arm-none-eabi/lib/thumb/v6-m/nofp/libc.a(lib_a-freer.o)
                              /home/tulip/gcc-arm-none-eabi-10.3-2021.10-x86_64-linux/gcc-arm-none-eabi-10.3-2021.10/bin/../lib/gcc/arm-none-eabi/10.3.1/../../../../arm-none-eabi/lib/thumb/v6-m/nofp/libc.a(lib_a-reent.o) (_free_r)
/home/tulip/gcc-arm-none-eabi-10.3-2021.10-x86_64-linux/gcc-arm-none-eabi-10.3-2021.10/bin/../lib/gcc/arm-none-eabi/10.3.1/../../../../arm-none-eabi/lib/thumb/v6-m/nofp/libc.a(lib_a-fwalk.o)
[...]
Memory Configuration

Name             Origin             Length             Attributes
FLASH            0x0000000000000000 0x0000000000040000 xr
RAM              0x0000000020000000 0x0000000000008000 xrw
*default*        0x0000000000000000 0xffffffffffffffff

Linker script and memory map

LOAD build/ble_phy.o
LOAD build/ble_print.o
LOAD build/leds.o
LOAD build/Main.o
LOAD build/startup.o
LOAD build/stdlib_impl.o
LOAD build/uart.o
START GROUP
LOAD /home/tulip/gcc-arm-none-eabi-10.3-2021.10-x86_64-linux/gcc-arm-none-eabi-10.3-2021.10/bin/../lib/gcc/arm-none-eabi/10.3.1/thumb/v6-m/nofp/libgcc.a
LOAD /home/tulip/gcc-arm-none-eabi-10.3-2021.10-x86_64-linux/gcc-arm-none-eabi-10.3-2021.10/bin/../lib/gcc/arm-none-eabi/10.3.1/../../../../arm-none-eabi/lib/thumb/v6-m/nofp/libc.a
END GROUP
                0x0000000000000800                _minimum_stack_size = 0x800

.text           0x0000000000000000     0xba64
 *(.isr_vector)
 .isr_vector    0x0000000000000000       0xc0 build/startup.o
                0x0000000000000000                interrupt_vectors
 *(.text)
 .text          0x00000000000000c0      0x114 /home/tulip/gcc-arm-none-eabi-10.3-2021.10-x86_64-linux/gcc-arm-none-eabi-10.3-2021.10/bin/../lib/gcc/arm-none-eabi/10.3.1/thumb/v6-m/nofp/libgcc.a(_udivsi3.o)
                0x00000000000000c0                __udivsi3
                0x00000000000000c0                __aeabi_uidiv
                0x00000000000001cc                __aeabi_uidivmod
 .text          0x00000000000001d4      0x1d4 /home/tulip/gcc-arm-none-eabi-10.3-2021.10-x86_64-linux/gcc-arm-none-eabi-10.3-2021.10/bin/../lib/gcc/arm-none-eabi/10.3.1/thumb/v6-m/nofp/libgcc.a(_divsi3.o)
                0x00000000000001d4                __aeabi_idiv
                0x00000000000001d4                __divsi3
                0x00000000000003a0                __aeabi_idivmod
 .text          0x00000000000003a8        0x4 /home/tulip/gcc-arm-none-eabi-10.3-2021.10-x86_64-linux/gcc-arm-none-eabi-10.3-2021.10/bin/../lib/gcc/arm-none-eabi/10.3.1/thumb/v6-m/nofp/libgcc.a(_dvmd_tls.o)
                0x00000000000003a8                __aeabi_ldiv0
                0x00000000000003a8                __aeabi_idiv0
 .text          0x00000000000003ac       0x7c /home/tulip/gcc-arm-none-eabi-10.3-2021.10-x86_64-linux/gcc-arm-none-eabi-10.3-2021.10/bin/../lib/gcc/arm-none-eabi/10.3.1/thumb/v6-m/nofp/libgcc.a(_arm_cmpdf2.o)
                0x00000000000003ac                __aeabi_cdrcmple
                0x00000000000003bc                __aeabi_cdcmple
                0x00000000000003bc                __aeabi_cdcmpeq
                0x00000000000003cc                __aeabi_dcmpeq
                0x00000000000003d8                __aeabi_dcmplt
                0x00000000000003ec                __aeabi_dcmple
                0x0000000000000400                __aeabi_dcmpgt
                0x0000000000000414                __aeabi_dcmpge
 .text          0x0000000000000428       0x40 /home/tulip/gcc-arm-none-eabi-10.3-2021.10-x86_64-linux/gcc-arm-none-eabi-10.3-2021.10/bin/../lib/gcc/arm-none-eabi/10.3.1/thumb/v6-m/nofp/libgcc.a(_aeabi_uldivmod.o)
                0x0000000000000428                __aeabi_uldivmod
 .text          0x0000000000000468      0x198 /home/tulip/gcc-arm-none-eabi-10.3-2021.10-x86_64-linux/gcc-arm-none-eabi-10.3-2021.10/bin/../lib/gcc/arm-none-eabi/10.3.1/thumb/v6-m/nofp/libgcc.a(_udivmoddi4.o)
                0x0000000000000468                __udivmoddi4
 .text          0x0000000000000600      0x678 /home/tulip/gcc-arm-none-eabi-10.3-2021.10-x86_64-linux/gcc-arm-none-eabi-10.3-2021.10/bin/../lib/gcc/arm-none-eabi/10.3.1/thumb/v6-m/nofp/libgcc.a(adddf3.o)
                0x0000000000000600                __aeabi_dadd
 .text          0x0000000000000c78      0x5ec /home/tulip/gcc-arm-none-eabi-10.3-2021.10-x86_64-linux/gcc-arm-none-eabi-10.3-2021.10/bin/../lib/gcc/arm-none-eabi/10.3.1/thumb/v6-m/nofp/libgcc.a(divdf3.o)
                0x0000000000000c78                __aeabi_ddiv
 .text          0x0000000000001264       0x84 /home/tulip/gcc-arm-none-eabi-10.3-2021.10-x86_64-linux/gcc-arm-none-eabi-10.3-2021.10/bin/../lib/gcc/arm-none-eabi/10.3.1/thumb/v6-m/nofp/libgcc.a(eqdf2.o)
                0x0000000000001264                __eqdf2
                0x0000000000001264                __nedf2
 .text          0x00000000000012e8       0xcc /home/tulip/gcc-arm-none-eabi-10.3-2021.10-x86_64-linux/gcc-arm-none-eabi-10.3-2021.10/bin/../lib/gcc/arm-none-eabi/10.3.1/thumb/v6-m/nofp/libgcc.a(gedf2.o)
                0x00000000000012e8                __gtdf2
                0x00000000000012e8                __gedf2
 .text          0x00000000000013b4       0xc8 /home/tulip/gcc-arm-none-eabi-10.3-2021.10-x86_64-linux/gcc-arm-none-eabi-10.3-2021.10/bin/../lib/gcc/arm-none-eabi/10.3.1/thumb/v6-m/nofp/libgcc.a(ledf2.o)
                0x00000000000013b4                __ltdf2
                0x00000000000013b4                __ledf2
 .text          0x000000000000147c      0x4d8 /home/tulip/gcc-arm-none-eabi-10.3-2021.10-x86_64-linux/gcc-arm-none-eabi-10.3-2021.10/bin/../lib/gcc/arm-none-eabi/10.3.1/thumb/v6-m/nofp/libgcc.a(muldf3.o)
                0x000000000000147c                __aeabi_dmul
 .text          0x0000000000001954      0x724 /home/tulip/gcc-arm-none-eabi-10.3-2021.10-x86_64-linux/gcc-arm-none-eabi-10.3-2021.10/bin/../lib/gcc/arm-none-eabi/10.3.1/thumb/v6-m/nofp/libgcc.a(subdf3.o)
                0x0000000000001954                __aeabi_dsub
 .text          0x0000000000002078       0x3c /home/tulip/gcc-arm-none-eabi-10.3-2021.10-x86_64-linux/gcc-arm-none-eabi-10.3-2021.10/bin/../lib/gcc/arm-none-eabi/10.3.1/thumb/v6-m/nofp/libgcc.a(unorddf2.o)
                0x0000000000002078                __aeabi_dcmpun
 .text          0x00000000000020b4       0x6c /home/tulip/gcc-arm-none-eabi-10.3-2021.10-x86_64-linux/gcc-arm-none-eabi-10.3-2021.10/bin/../lib/gcc/arm-none-eabi/10.3.1/thumb/v6-m/nofp/libgcc.a(fixdfsi.o)
                0x00000000000020b4                __aeabi_d2iz
 .text          0x0000000000002120       0x60 /home/tulip/gcc-arm-none-eabi-10.3-2021.10-x86_64-linux/gcc-arm-none-eabi-10.3-2021.10/bin/../lib/gcc/arm-none-eabi/10.3.1/thumb/v6-m/nofp/libgcc.a(floatsidf.o)
                0x0000000000002120                __aeabi_i2d
 .text          0x0000000000002180       0x4c /home/tulip/gcc-arm-none-eabi-10.3-2021.10-x86_64-linux/gcc-arm-none-eabi-10.3-2021.10/bin/../lib/gcc/arm-none-eabi/10.3.1/thumb/v6-m/nofp/libgcc.a(floatunsidf.o)
                0x0000000000002180                __aeabi_ui2d
 .text          0x00000000000021cc       0x3c /home/tulip/gcc-arm-none-eabi-10.3-2021.10-x86_64-linux/gcc-arm-none-eabi-10.3-2021.10/bin/../lib/gcc/arm-none-eabi/10.3.1/thumb/v6-m/nofp/libgcc.a(_clzsi2.o)
                0x00000000000021cc                __clzsi2
 .text          0x0000000000002208       0x18 /home/tulip/gcc-arm-none-eabi-10.3-2021.10-x86_64-linux/gcc-arm-none-eabi-10.3-2021.10/bin/../lib/gcc/arm-none-eabi/10.3.1/thumb/v6-m/nofp/libgcc.a(_clzdi2.o)
                0x0000000000002208                __clzdi2
 *(.text.*)
 .text.ble_init
                0x0000000000002220       0xe8 build/ble_phy.o
                0x0000000000002220                ble_init
 .text.ble_start_rx
                0x0000000000002308       0xcc build/ble_phy.o
                0x0000000000002308                ble_start_rx
 .text.RADIO_IRQHandler
                0x00000000000023d4      0x120 build/ble_phy.o
                0x00000000000023d4                RADIO_IRQHandler
 .text.print_analyse_pdu.part.0
                0x00000000000024f4      0x1f0 build/ble_print.o
 .text.print_ADV_IND
                0x00000000000026e4      0x108 build/ble_print.o
 .text.init_pdu_buffer_pointer
                0x00000000000027ec        0xc build/ble_print.o
                0x00000000000027ec                init_pdu_buffer_pointer
 .text.show_pdu_data
                0x00000000000027f8      0x2a4 build/ble_print.o
                0x00000000000027f8                show_pdu_data
 .text.led_toogle
                0x0000000000002a9c       0x28 build/leds.o
                0x0000000000002a9c                led_toogle
 .text.led_init
                0x0000000000002ac4       0x3c build/leds.o
                0x0000000000002ac4                led_init
 .text.startup.main
                0x0000000000002b00       0xec build/Main.o
                0x0000000000002b00                main
 .text.Default_Handler
                0x0000000000002bec        0x4 build/Main.o
                0x0000000000002bec                Default_Handler
 .text.TIMER2_IRQHandler
                0x0000000000002bf0       0x1c build/Main.o
                0x0000000000002bf0                TIMER2_IRQHandler
 .text.Default_Handler
                0x0000000000002c0c        0x4 build/startup.o
                0x0000000000002c0c                SPI0_TWI0_IRQHandler
                0x0000000000002c0c                RTC0_IRQHandler
                0x0000000000002c0c                HardFault_Handler
                0x0000000000002c0c                SysTick_Handler
                0x0000000000002c0c                GPIOTE_IRQHandler
                0x0000000000002c0c                PendSV_Handler
                0x0000000000002c0c                NMI_Handler
                0x0000000000002c0c                POWER_CLOCK_IRQHandler
                0x0000000000002c0c                LPCOMP_IRQHandler
                0x0000000000002c0c                SWI4_IRQHandler
                0x0000000000002c0c                TEMP_IRQHandler
                0x0000000000002c0c                QDEC_IRQHandler
                0x0000000000002c0c                UART0_IRQHandler
                0x0000000000002c0c                SWI5_IRQHandler
                0x0000000000002c0c                TIMER0_IRQHandler
                0x0000000000002c0c                SWI0_IRQHandler
                0x0000000000002c0c                TIMER1_IRQHandler
                0x0000000000002c0c                ECB_IRQHandler
                0x0000000000002c0c                ADC_IRQHandler
                0x0000000000002c0c                SWI3_IRQHandler
                0x0000000000002c0c                CCM_AAR_IRQHandler
                0x0000000000002c0c                WDT_IRQHandler
                0x0000000000002c0c                SVC_Handler
                0x0000000000002c0c                SWI2_IRQHandler
                0x0000000000002c0c                RNG_IRQHandler
                0x0000000000002c0c                SPI1_TWI1_IRQHandler
                0x0000000000002c0c                RTC1_IRQHandler
                0x0000000000002c0c                SWI1_IRQHandler
 .text.Reset_Handler
                0x0000000000002c10       0x4c build/startup.o
 .text._write   0x0000000000002c5c       0x1c build/stdlib_impl.o
                0x0000000000002c5c                _write
 .text._sbrk    0x0000000000002c78       0x24 build/stdlib_impl.o
                0x0000000000002c78                _sbrk
 .text._close   0x0000000000002c9c       0x10 build/stdlib_impl.o
                0x0000000000002c9c                _close
 .text._lseek   0x0000000000002cac        0x4 build/stdlib_impl.o
                0x0000000000002cac                _lseek
 .text._read    0x0000000000002cb0        0x4 build/stdlib_impl.o
                0x0000000000002cb0                _read
 .text._fstat   0x0000000000002cb4        0xc build/stdlib_impl.o
                0x0000000000002cb4                _fstat
 .text._isatty  0x0000000000002cc0        0x4 build/stdlib_impl.o
                0x0000000000002cc0                _isatty
 .text._exit    0x0000000000002cc4        0x8 build/stdlib_impl.o
                0x0000000000002cc4                _exit
 .text._kill    0x0000000000002ccc       0x10 build/stdlib_impl.o
                0x0000000000002ccc                _kill
 .text._getpid  0x0000000000002cdc        0x4 build/stdlib_impl.o
                0x0000000000002cdc                _getpid
 .text.uart_init
                0x0000000000002ce0       0x58 build/uart.o
                0x0000000000002ce0                uart_init
 .text.uart_put
                0x0000000000002d38       0x20 build/uart.o
                0x0000000000002d38                uart_put
 .text.memcmp   0x0000000000002d58       0x48 /home/tulip/gcc-arm-none-eabi-10.3-2021.10-x86_64-linux/gcc-arm-none-eabi-10.3-2021.10/bin/../lib/gcc/arm-none-eabi/10.3.1/../../../../arm-none-eabi/lib/thumb/v6-m/nofp/libc.a(lib_a-memcmp.o)
                0x0000000000002d58                memcmp
 .text.memcpy   0x0000000000002da0       0xa4 /home/tulip/gcc-arm-none-eabi-10.3-2021.10-x86_64-linux/gcc-arm-none-eabi-10.3-2021.10/bin/../lib/gcc/arm-none-eabi/10.3.1/../../../../arm-none-eabi/lib/thumb/v6-m/nofp/libc.a(lib_a-memcpy-stub.o)
                0x0000000000002da0                memcpy
 .text.memset   0x0000000000002e44       0xa8 /home/tulip/gcc-arm-none-eabi-10.3-2021.10-x86_64-linux/gcc-arm-none-eabi-10.3-2021.10/bin/../lib/gcc/arm-none-eabi/10.3.1/../../../../arm-none-eabi/lib/thumb/v6-m/nofp/libc.a(lib_a-memset.o)
                0x0000000000002e44                memset
 .text.printf   0x0000000000002eec       0x24 /home/tulip/gcc-arm-none-eabi-10.3-2021.10-x86_64-linux/gcc-arm-none-eabi-10.3-2021.10/bin/../lib/gcc/arm-none-eabi/10.3.1/../../../../arm-none-eabi/lib/thumb/v6-m/nofp/libc.a(lib_a-printf.o)
                0x0000000000002eec                printf
 .text.putchar  0x0000000000002f10       0x14 /home/tulip/gcc-arm-none-eabi-10.3-2021.10-x86_64-linux/gcc-arm-none-eabi-10.3-2021.10/bin/../lib/gcc/arm-none-eabi/10.3.1/../../../../arm-none-eabi/lib/thumb/v6-m/nofp/libc.a(lib_a-putchar.o)
                0x0000000000002f10                putchar
 .text.sprintf  0x0000000000002f24       0x40 /home/tulip/gcc-arm-none-eabi-10.3-2021.10-x86_64-linux/gcc-arm-none-eabi-10.3-2021.10/bin/../lib/gcc/arm-none-eabi/10.3.1/../../../../arm-none-eabi/lib/thumb/v6-m/nofp/libc.a(lib_a-sprintf.o)
                0x0000000000002f24                sprintf
 .text._svfprintf_r
                0x0000000000002f64     0x1bd4 /home/tulip/gcc-arm-none-eabi-10.3-2021.10-x86_64-linux/gcc-arm-none-eabi-10.3-2021.10/bin/../lib/gcc/arm-none-eabi/10.3.1/../../../../arm-none-eabi/lib/thumb/v6-m/nofp/libc.a(lib_a-svfprintf.o)
                0x0000000000002f64                _svfprintf_r
 .text._vfprintf_r
                0x0000000000004b38     0x1c44 /home/tulip/gcc-arm-none-eabi-10.3-2021.10-x86_64-linux/gcc-arm-none-eabi-10.3-2021.10/bin/../lib/gcc/arm-none-eabi/10.3.1/../../../../arm-none-eabi/lib/thumb/v6-m/nofp/libc.a(lib_a-vfprintf.o)
                0x0000000000004b38                _vfprintf_r
 .text.__sbprintf
                0x000000000000677c       0x8c /home/tulip/gcc-arm-none-eabi-10.3-2021.10-x86_64-linux/gcc-arm-none-eabi-10.3-2021.10/bin/../lib/gcc/arm-none-eabi/10.3.1/../../../../arm-none-eabi/lib/thumb/v6-m/nofp/libc.a(lib_a-vfprintf.o)
 .text.__swsetup_r
                0x0000000000006808       0xdc /home/tulip/gcc-arm-none-eabi-10.3-2021.10-x86_64-linux/gcc-arm-none-eabi-10.3-2021.10/bin/../lib/gcc/arm-none-eabi/10.3.1/../../../../arm-none-eabi/lib/thumb/v6-m/nofp/libc.a(lib_a-wsetup.o)
                0x0000000000006808                __swsetup_r
 .text.quorem   0x00000000000068e4      0x148 /home/tulip/gcc-arm-none-eabi-10.3-2021.10-x86_64-linux/gcc-arm-none-eabi-10.3-2021.10/bin/../lib/gcc/arm-none-eabi/10.3.1/../../../../arm-none-eabi/lib/thumb/v6-m/nofp/libc.a(lib_a-dtoa.o)
 .text._dtoa_r  0x0000000000006a2c      0xfbc /home/tulip/gcc-arm-none-eabi-10.3-2021.10-x86_64-linux/gcc-arm-none-eabi-10.3-2021.10/bin/../lib/gcc/arm-none-eabi/10.3.1/../../../../arm-none-eabi/lib/thumb/v6-m/nofp/libc.a(lib_a-dtoa.o)
                0x0000000000006a2c                _dtoa_r
 .text.__sflush_r
                0x00000000000079e8      0x140 /home/tulip/gcc-arm-none-eabi-10.3-2021.10-x86_64-linux/gcc-arm-none-eabi-10.3-2021.10/bin/../lib/gcc/arm-none-eabi/10.3.1/../../../../arm-none-eabi/lib/thumb/v6-m/nofp/libc.a(lib_a-fflush.o)
                0x00000000000079e8                __sflush_r
 .text._fflush_r
                0x0000000000007b28       0x6c /home/tulip/gcc-arm-none-eabi-10.3-2021.10-x86_64-linux/gcc-arm-none-eabi-10.3-2021.10/bin/../lib/gcc/arm-none-eabi/10.3.1/../../../../arm-none-eabi/lib/thumb/v6-m/nofp/libc.a(lib_a-fflush.o)
                0x0000000000007b28                _fflush_r
 .text._cleanup_r
                0x0000000000007b94       0x10 /home/tulip/gcc-arm-none-eabi-10.3-2021.10-x86_64-linux/gcc-arm-none-eabi-10.3-2021.10/bin/../lib/gcc/arm-none-eabi/10.3.1/../../../../arm-none-eabi/lib/thumb/v6-m/nofp/libc.a(lib_a-findfp.o)
                0x0000000000007b94                _cleanup_r
 .text.__sinit  0x0000000000007ba4      0x120 /home/tulip/gcc-arm-none-eabi-10.3-2021.10-x86_64-linux/gcc-arm-none-eabi-10.3-2021.10/bin/../lib/gcc/arm-none-eabi/10.3.1/../../../../arm-none-eabi/lib/thumb/v6-m/nofp/libc.a(lib_a-findfp.o)
                0x0000000000007ba4                __sinit
 .text.__sfp_lock_acquire
                0x0000000000007cc4       0x10 /home/tulip/gcc-arm-none-eabi-10.3-2021.10-x86_64-linux/gcc-arm-none-eabi-10.3-2021.10/bin/../lib/gcc/arm-none-eabi/10.3.1/../../../../arm-none-eabi/lib/thumb/v6-m/nofp/libc.a(lib_a-findfp.o)
                0x0000000000007cc4                __sfp_lock_acquire
 .text.__sfp_lock_release
                0x0000000000007cd4       0x10 /home/tulip/gcc-arm-none-eabi-10.3-2021.10-x86_64-linux/gcc-arm-none-eabi-10.3-2021.10/bin/../lib/gcc/arm-none-eabi/10.3.1/../../../../arm-none-eabi/lib/thumb/v6-m/nofp/libc.a(lib_a-findfp.o)
                0x0000000000007cd4                __sfp_lock_release
 .text._malloc_trim_r
                0x0000000000007ce4       0x9c /home/tulip/gcc-arm-none-eabi-10.3-2021.10-x86_64-linux/gcc-arm-none-eabi-10.3-2021.10/bin/../lib/gcc/arm-none-eabi/10.3.1/../../../../arm-none-eabi/lib/thumb/v6-m/nofp/libc.a(lib_a-freer.o)
                0x0000000000007ce4                _malloc_trim_r
 .text._free_r  0x0000000000007d80      0x1c4 /home/tulip/gcc-arm-none-eabi-10.3-2021.10-x86_64-linux/gcc-arm-none-eabi-10.3-2021.10/bin/../lib/gcc/arm-none-eabi/10.3.1/../../../../arm-none-eabi/lib/thumb/v6-m/nofp/libc.a(lib_a-freer.o)
                0x0000000000007d80                _free_r
 .text._fwalk_reent
                0x0000000000007f44       0x48 /home/tulip/gcc-arm-none-eabi-10.3-2021.10-x86_64-linux/gcc-arm-none-eabi-10.3-2021.10/bin/../lib/gcc/arm-none-eabi/10.3.1/../../../../arm-none-eabi/lib/thumb/v6-m/nofp/libc.a(lib_a-fwalk.o)
                0x0000000000007f44                _fwalk_reent
 .text._localeconv_r
                0x0000000000007f8c        0x8 /home/tulip/gcc-arm-none-eabi-10.3-2021.10-x86_64-linux/gcc-arm-none-eabi-10.3-2021.10/bin/../lib/gcc/arm-none-eabi/10.3.1/../../../../arm-none-eabi/lib/thumb/v6-m/nofp/libc.a(lib_a-localeconv.o)
                0x0000000000007f8c                _localeconv_r
 .text.__retarget_lock_init_recursive
                0x0000000000007f94        0x4 /home/tulip/gcc-arm-none-eabi-10.3-2021.10-x86_64-linux/gcc-arm-none-eabi-10.3-2021.10/bin/../lib/gcc/arm-none-eabi/10.3.1/../../../../arm-none-eabi/lib/thumb/v6-m/nofp/libc.a(lib_a-lock.o)
                0x0000000000007f94                __retarget_lock_init_recursive
 .text.__retarget_lock_close_recursive
                0x0000000000007f98        0x4 /home/tulip/gcc-arm-none-eabi-10.3-2021.10-x86_64-linux/gcc-arm-none-eabi-10.3-2021.10/bin/../lib/gcc/arm-none-eabi/10.3.1/../../../../arm-none-eabi/lib/thumb/v6-m/nofp/libc.a(lib_a-lock.o)
                0x0000000000007f98                __retarget_lock_close_recursive
 .text.__retarget_lock_acquire_recursive
                0x0000000000007f9c        0x4 /home/tulip/gcc-arm-none-eabi-10.3-2021.10-x86_64-linux/gcc-arm-none-eabi-10.3-2021.10/bin/../lib/gcc/arm-none-eabi/10.3.1/../../../../arm-none-eabi/lib/thumb/v6-m/nofp/libc.a(lib_a-lock.o)
                0x0000000000007f9c                __retarget_lock_acquire_recursive
 .text.__retarget_lock_release_recursive
                0x0000000000007fa0        0x4 /home/tulip/gcc-arm-none-eabi-10.3-2021.10-x86_64-linux/gcc-arm-none-eabi-10.3-2021.10/bin/../lib/gcc/arm-none-eabi/10.3.1/../../../../arm-none-eabi/lib/thumb/v6-m/nofp/libc.a(lib_a-lock.o)
                0x0000000000007fa0                __retarget_lock_release_recursive
 .text.__smakebuf_r
                0x0000000000007fa4       0xe4 /home/tulip/gcc-arm-none-eabi-10.3-2021.10-x86_64-linux/gcc-arm-none-eabi-10.3-2021.10/bin/../lib/gcc/arm-none-eabi/10.3.1/../../../../arm-none-eabi/lib/thumb/v6-m/nofp/libc.a(lib_a-makebuf.o)
                0x0000000000007fa4                __smakebuf_r
 .text._malloc_r
                0x0000000000008088      0x584 /home/tulip/gcc-arm-none-eabi-10.3-2021.10-x86_64-linux/gcc-arm-none-eabi-10.3-2021.10/bin/../lib/gcc/arm-none-eabi/10.3.1/../../../../arm-none-eabi/lib/thumb/v6-m/nofp/libc.a(lib_a-mallocr.o)
                0x0000000000008088                _malloc_r
 .text.memchr   0x000000000000860c       0x74 /home/tulip/gcc-arm-none-eabi-10.3-2021.10-x86_64-linux/gcc-arm-none-eabi-10.3-2021.10/bin/../lib/gcc/arm-none-eabi/10.3.1/../../../../arm-none-eabi/lib/thumb/v6-m/nofp/libc.a(lib_a-memchr-stub.o)
                0x000000000000860c                memchr
 .text.__malloc_lock
                0x0000000000008680       0x10 /home/tulip/gcc-arm-none-eabi-10.3-2021.10-x86_64-linux/gcc-arm-none-eabi-10.3-2021.10/bin/../lib/gcc/arm-none-eabi/10.3.1/../../../../arm-none-eabi/lib/thumb/v6-m/nofp/libc.a(lib_a-mlock.o)
                0x0000000000008680                __malloc_lock
 .text.__malloc_unlock
                0x0000000000008690       0x10 /home/tulip/gcc-arm-none-eabi-10.3-2021.10-x86_64-linux/gcc-arm-none-eabi-10.3-2021.10/bin/../lib/gcc/arm-none-eabi/10.3.1/../../../../arm-none-eabi/lib/thumb/v6-m/nofp/libc.a(lib_a-mlock.o)
                0x0000000000008690                __malloc_unlock
 .text._Balloc  0x00000000000086a0       0x50 /home/tulip/gcc-arm-none-eabi-10.3-2021.10-x86_64-linux/gcc-arm-none-eabi-10.3-2021.10/bin/../lib/gcc/arm-none-eabi/10.3.1/../../../../arm-none-eabi/lib/thumb/v6-m/nofp/libc.a(lib_a-mprec.o)
                0x00000000000086a0                _Balloc
 .text._Bfree   0x00000000000086f0       0x14 /home/tulip/gcc-arm-none-eabi-10.3-2021.10-x86_64-linux/gcc-arm-none-eabi-10.3-2021.10/bin/../lib/gcc/arm-none-eabi/10.3.1/../../../../arm-none-eabi/lib/thumb/v6-m/nofp/libc.a(lib_a-mprec.o)
                0x00000000000086f0                _Bfree
 .text.__multadd
                0x0000000000008704       0xa8 /home/tulip/gcc-arm-none-eabi-10.3-2021.10-x86_64-linux/gcc-arm-none-eabi-10.3-2021.10/bin/../lib/gcc/arm-none-eabi/10.3.1/../../../../arm-none-eabi/lib/thumb/v6-m/nofp/libc.a(lib_a-mprec.o)
                0x0000000000008704                __multadd
 .text.__hi0bits
                0x00000000000087ac       0x38 /home/tulip/gcc-arm-none-eabi-10.3-2021.10-x86_64-linux/gcc-arm-none-eabi-10.3-2021.10/bin/../lib/gcc/arm-none-eabi/10.3.1/../../../../arm-none-eabi/lib/thumb/v6-m/nofp/libc.a(lib_a-mprec.o)
                0x00000000000087ac                __hi0bits
 .text.__lo0bits
                0x00000000000087e4       0x5c /home/tulip/gcc-arm-none-eabi-10.3-2021.10-x86_64-linux/gcc-arm-none-eabi-10.3-2021.10/bin/../lib/gcc/arm-none-eabi/10.3.1/../../../../arm-none-eabi/lib/thumb/v6-m/nofp/libc.a(lib_a-mprec.o)
                0x00000000000087e4                __lo0bits
 .text.__i2b    0x0000000000008840       0x60 /home/tulip/gcc-arm-none-eabi-10.3-2021.10-x86_64-linux/gcc-arm-none-eabi-10.3-2021.10/bin/../lib/gcc/arm-none-eabi/10.3.1/../../../../arm-none-eabi/lib/thumb/v6-m/nofp/libc.a(lib_a-mprec.o)
                0x0000000000008840                __i2b
 .text.__multiply
                0x00000000000088a0      0x1a4 /home/tulip/gcc-arm-none-eabi-10.3-2021.10-x86_64-linux/gcc-arm-none-eabi-10.3-2021.10/bin/../lib/gcc/arm-none-eabi/10.3.1/../../../../arm-none-eabi/lib/thumb/v6-m/nofp/libc.a(lib_a-mprec.o)
                0x00000000000088a0                __multiply
 .text.__pow5mult
                0x0000000000008a44       0xd8 /home/tulip/gcc-arm-none-eabi-10.3-2021.10-x86_64-linux/gcc-arm-none-eabi-10.3-2021.10/bin/../lib/gcc/arm-none-eabi/10.3.1/../../../../arm-none-eabi/lib/thumb/v6-m/nofp/libc.a(lib_a-mprec.o)
                0x0000000000008a44                __pow5mult
 .text.__lshift
                0x0000000000008b1c       0xfc /home/tulip/gcc-arm-none-eabi-10.3-2021.10-x86_64-linux/gcc-arm-none-eabi-10.3-2021.10/bin/../lib/gcc/arm-none-eabi/10.3.1/../../../../arm-none-eabi/lib/thumb/v6-m/nofp/libc.a(lib_a-mprec.o)
                0x0000000000008b1c                __lshift
 .text.__mcmp   0x0000000000008c18       0x34 /home/tulip/gcc-arm-none-eabi-10.3-2021.10-x86_64-linux/gcc-arm-none-eabi-10.3-2021.10/bin/../lib/gcc/arm-none-eabi/10.3.1/../../../../arm-none-eabi/lib/thumb/v6-m/nofp/libc.a(lib_a-mprec.o)
                0x0000000000008c18                __mcmp
 .text.__mdiff  0x0000000000008c4c      0x18c /home/tulip/gcc-arm-none-eabi-10.3-2021.10-x86_64-linux/gcc-arm-none-eabi-10.3-2021.10/bin/../lib/gcc/arm-none-eabi/10.3.1/../../../../arm-none-eabi/lib/thumb/v6-m/nofp/libc.a(lib_a-mprec.o)
                0x0000000000008c4c                __mdiff
 .text.__d2b    0x0000000000008dd8       0xd8 /home/tulip/gcc-arm-none-eabi-10.3-2021.10-x86_64-linux/gcc-arm-none-eabi-10.3-2021.10/bin/../lib/gcc/arm-none-eabi/10.3.1/../../../../arm-none-eabi/lib/thumb/v6-m/nofp/libc.a(lib_a-mprec.o)
                0x0000000000008dd8                __d2b
 .text._putc_r  0x0000000000008eb0       0x74 /home/tulip/gcc-arm-none-eabi-10.3-2021.10-x86_64-linux/gcc-arm-none-eabi-10.3-2021.10/bin/../lib/gcc/arm-none-eabi/10.3.1/../../../../arm-none-eabi/lib/thumb/v6-m/nofp/libc.a(lib_a-putc.o)
                0x0000000000008eb0                _putc_r
 .text.frexp    0x0000000000008f24       0x64 /home/tulip/gcc-arm-none-eabi-10.3-2021.10-x86_64-linux/gcc-arm-none-eabi-10.3-2021.10/bin/../lib/gcc/arm-none-eabi/10.3.1/../../../../arm-none-eabi/lib/thumb/v6-m/nofp/libc.a(lib_a-s_frexp.o)
                0x0000000000008f24                frexp
 .text._sbrk_r  0x0000000000008f88       0x24 /home/tulip/gcc-arm-none-eabi-10.3-2021.10-x86_64-linux/gcc-arm-none-eabi-10.3-2021.10/bin/../lib/gcc/arm-none-eabi/10.3.1/../../../../arm-none-eabi/lib/thumb/v6-m/nofp/libc.a(lib_a-sbrkr.o)
                0x0000000000008f88                _sbrk_r
 .text.__sread  0x0000000000008fac       0x28 /home/tulip/gcc-arm-none-eabi-10.3-2021.10-x86_64-linux/gcc-arm-none-eabi-10.3-2021.10/bin/../lib/gcc/arm-none-eabi/10.3.1/../../../../arm-none-eabi/lib/thumb/v6-m/nofp/libc.a(lib_a-stdio.o)
                0x0000000000008fac                __sread
 .text.__swrite
                0x0000000000008fd4       0x40 /home/tulip/gcc-arm-none-eabi-10.3-2021.10-x86_64-linux/gcc-arm-none-eabi-10.3-2021.10/bin/../lib/gcc/arm-none-eabi/10.3.1/../../../../arm-none-eabi/lib/thumb/v6-m/nofp/libc.a(lib_a-stdio.o)
                0x0000000000008fd4                __swrite
 .text.__sseek  0x0000000000009014       0x2c /home/tulip/gcc-arm-none-eabi-10.3-2021.10-x86_64-linux/gcc-arm-none-eabi-10.3-2021.10/bin/../lib/gcc/arm-none-eabi/10.3.1/../../../../arm-none-eabi/lib/thumb/v6-m/nofp/libc.a(lib_a-stdio.o)
                0x0000000000009014                __sseek
 .text.__sclose
                0x0000000000009040        0xc /home/tulip/gcc-arm-none-eabi-10.3-2021.10-x86_64-linux/gcc-arm-none-eabi-10.3-2021.10/bin/../lib/gcc/arm-none-eabi/10.3.1/../../../../arm-none-eabi/lib/thumb/v6-m/nofp/libc.a(lib_a-stdio.o)
                0x0000000000009040                __sclose
 .text.strlen   0x000000000000904c       0x5c /home/tulip/gcc-arm-none-eabi-10.3-2021.10-x86_64-linux/gcc-arm-none-eabi-10.3-2021.10/bin/../lib/gcc/arm-none-eabi/10.3.1/../../../../arm-none-eabi/lib/thumb/v6-m/nofp/libc.a(lib_a-strlen-stub.o)
                0x000000000000904c                strlen
 .text.strncpy  0x00000000000090a8       0x6c /home/tulip/gcc-arm-none-eabi-10.3-2021.10-x86_64-linux/gcc-arm-none-eabi-10.3-2021.10/bin/../lib/gcc/arm-none-eabi/10.3.1/../../../../arm-none-eabi/lib/thumb/v6-m/nofp/libc.a(lib_a-strncpy.o)
                0x00000000000090a8                strncpy
 .text.__ssprint_r
                0x0000000000009114      0x114 /home/tulip/gcc-arm-none-eabi-10.3-2021.10-x86_64-linux/gcc-arm-none-eabi-10.3-2021.10/bin/../lib/gcc/arm-none-eabi/10.3.1/../../../../arm-none-eabi/lib/thumb/v6-m/nofp/libc.a(lib_a-svfiprintf.o)
                0x0000000000009114                __ssprint_r
 .text.__sprint_r.part.0
                0x0000000000009228       0x88 /home/tulip/gcc-arm-none-eabi-10.3-2021.10-x86_64-linux/gcc-arm-none-eabi-10.3-2021.10/bin/../lib/gcc/arm-none-eabi/10.3.1/../../../../arm-none-eabi/lib/thumb/v6-m/nofp/libc.a(lib_a-vfiprintf.o)
 .text.__sprint_r
                0x00000000000092b0       0x14 /home/tulip/gcc-arm-none-eabi-10.3-2021.10-x86_64-linux/gcc-arm-none-eabi-10.3-2021.10/bin/../lib/gcc/arm-none-eabi/10.3.1/../../../../arm-none-eabi/lib/thumb/v6-m/nofp/libc.a(lib_a-vfiprintf.o)
                0x00000000000092b0                __sprint_r
 .text._vfiprintf_r
                0x00000000000092c4      0xdb8 /home/tulip/gcc-arm-none-eabi-10.3-2021.10-x86_64-linux/gcc-arm-none-eabi-10.3-2021.10/bin/../lib/gcc/arm-none-eabi/10.3.1/../../../../arm-none-eabi/lib/thumb/v6-m/nofp/libc.a(lib_a-vfiprintf.o)
                0x00000000000092c4                _vfiprintf_r
 .text.__sbprintf
                0x000000000000a07c       0x8c /home/tulip/gcc-arm-none-eabi-10.3-2021.10-x86_64-linux/gcc-arm-none-eabi-10.3-2021.10/bin/../lib/gcc/arm-none-eabi/10.3.1/../../../../arm-none-eabi/lib/thumb/v6-m/nofp/libc.a(lib_a-vfiprintf.o)
 .text.__swbuf_r
                0x000000000000a108       0xc8 /home/tulip/gcc-arm-none-eabi-10.3-2021.10-x86_64-linux/gcc-arm-none-eabi-10.3-2021.10/bin/../lib/gcc/arm-none-eabi/10.3.1/../../../../arm-none-eabi/lib/thumb/v6-m/nofp/libc.a(lib_a-wbuf.o)
                0x000000000000a108                __swbuf_r
 .text._write_r
                0x000000000000a1d0       0x28 /home/tulip/gcc-arm-none-eabi-10.3-2021.10-x86_64-linux/gcc-arm-none-eabi-10.3-2021.10/bin/../lib/gcc/arm-none-eabi/10.3.1/../../../../arm-none-eabi/lib/thumb/v6-m/nofp/libc.a(lib_a-writer.o)
                0x000000000000a1d0                _write_r
 .text.__assert_func
                0x000000000000a1f8       0x40 /home/tulip/gcc-arm-none-eabi-10.3-2021.10-x86_64-linux/gcc-arm-none-eabi-10.3-2021.10/bin/../lib/gcc/arm-none-eabi/10.3.1/../../../../arm-none-eabi/lib/thumb/v6-m/nofp/libc.a(lib_a-assert.o)
                0x000000000000a1f8                __assert_func
 .text._calloc_r
                0x000000000000a238       0x9c /home/tulip/gcc-arm-none-eabi-10.3-2021.10-x86_64-linux/gcc-arm-none-eabi-10.3-2021.10/bin/../lib/gcc/arm-none-eabi/10.3.1/../../../../arm-none-eabi/lib/thumb/v6-m/nofp/libc.a(lib_a-callocr.o)
                0x000000000000a238                _calloc_r
 .text._close_r
                0x000000000000a2d4       0x24 /home/tulip/gcc-arm-none-eabi-10.3-2021.10-x86_64-linux/gcc-arm-none-eabi-10.3-2021.10/bin/../lib/gcc/arm-none-eabi/10.3.1/../../../../arm-none-eabi/lib/thumb/v6-m/nofp/libc.a(lib_a-closer.o)
                0x000000000000a2d4                _close_r
 .text.__errno  0x000000000000a2f8        0xc /home/tulip/gcc-arm-none-eabi-10.3-2021.10-x86_64-linux/gcc-arm-none-eabi-10.3-2021.10/bin/../lib/gcc/arm-none-eabi/10.3.1/../../../../arm-none-eabi/lib/thumb/v6-m/nofp/libc.a(lib_a-errno.o)
                0x000000000000a2f8                __errno
 .text._fclose_r
                0x000000000000a304       0xdc /home/tulip/gcc-arm-none-eabi-10.3-2021.10-x86_64-linux/gcc-arm-none-eabi-10.3-2021.10/bin/../lib/gcc/arm-none-eabi/10.3.1/../../../../arm-none-eabi/lib/thumb/v6-m/nofp/libc.a(lib_a-fclose.o)
                0x000000000000a304                _fclose_r
 .text.fiprintf
                0x000000000000a3e0       0x24 /home/tulip/gcc-arm-none-eabi-10.3-2021.10-x86_64-linux/gcc-arm-none-eabi-10.3-2021.10/bin/../lib/gcc/arm-none-eabi/10.3.1/../../../../arm-none-eabi/lib/thumb/v6-m/nofp/libc.a(lib_a-fiprintf.o)
                0x000000000000a3e0                fiprintf
 .text.__fputwc
                0x000000000000a404       0x98 /home/tulip/gcc-arm-none-eabi-10.3-2021.10-x86_64-linux/gcc-arm-none-eabi-10.3-2021.10/bin/../lib/gcc/arm-none-eabi/10.3.1/../../../../arm-none-eabi/lib/thumb/v6-m/nofp/libc.a(lib_a-fputwc.o)
                0x000000000000a404                __fputwc
 .text._fputwc_r
                0x000000000000a49c       0x5c /home/tulip/gcc-arm-none-eabi-10.3-2021.10-x86_64-linux/gcc-arm-none-eabi-10.3-2021.10/bin/../lib/gcc/arm-none-eabi/10.3.1/../../../../arm-none-eabi/lib/thumb/v6-m/nofp/libc.a(lib_a-fputwc.o)
                0x000000000000a49c                _fputwc_r
 .text._fstat_r
                0x000000000000a4f8       0x28 /home/tulip/gcc-arm-none-eabi-10.3-2021.10-x86_64-linux/gcc-arm-none-eabi-10.3-2021.10/bin/../lib/gcc/arm-none-eabi/10.3.1/../../../../arm-none-eabi/lib/thumb/v6-m/nofp/libc.a(lib_a-fstatr.o)
                0x000000000000a4f8                _fstat_r
 .text.__sfvwrite_r
                0x000000000000a520      0x2f4 /home/tulip/gcc-arm-none-eabi-10.3-2021.10-x86_64-linux/gcc-arm-none-eabi-10.3-2021.10/bin/../lib/gcc/arm-none-eabi/10.3.1/../../../../arm-none-eabi/lib/thumb/v6-m/nofp/libc.a(lib_a-fvwrite.o)
                0x000000000000a520                __sfvwrite_r
 .text._isatty_r
                0x000000000000a814       0x24 /home/tulip/gcc-arm-none-eabi-10.3-2021.10-x86_64-linux/gcc-arm-none-eabi-10.3-2021.10/bin/../lib/gcc/arm-none-eabi/10.3.1/../../../../arm-none-eabi/lib/thumb/v6-m/nofp/libc.a(lib_a-isattyr.o)
                0x000000000000a814                _isatty_r
 .text.__locale_mb_cur_max
                0x000000000000a838       0x10 /home/tulip/gcc-arm-none-eabi-10.3-2021.10-x86_64-linux/gcc-arm-none-eabi-10.3-2021.10/bin/../lib/gcc/arm-none-eabi/10.3.1/../../../../arm-none-eabi/lib/thumb/v6-m/nofp/libc.a(lib_a-locale.o)
                0x000000000000a838                __locale_mb_cur_max
 .text._lseek_r
                0x000000000000a848       0x28 /home/tulip/gcc-arm-none-eabi-10.3-2021.10-x86_64-linux/gcc-arm-none-eabi-10.3-2021.10/bin/../lib/gcc/arm-none-eabi/10.3.1/../../../../arm-none-eabi/lib/thumb/v6-m/nofp/libc.a(lib_a-lseekr.o)
                0x000000000000a848                _lseek_r
 .text.__ascii_mbtowc
                0x000000000000a870       0x2c /home/tulip/gcc-arm-none-eabi-10.3-2021.10-x86_64-linux/gcc-arm-none-eabi-10.3-2021.10/bin/../lib/gcc/arm-none-eabi/10.3.1/../../../../arm-none-eabi/lib/thumb/v6-m/nofp/libc.a(lib_a-mbtowc_r.o)
                0x000000000000a870                __ascii_mbtowc
 .text.memmove  0x000000000000a89c       0xac /home/tulip/gcc-arm-none-eabi-10.3-2021.10-x86_64-linux/gcc-arm-none-eabi-10.3-2021.10/bin/../lib/gcc/arm-none-eabi/10.3.1/../../../../arm-none-eabi/lib/thumb/v6-m/nofp/libc.a(lib_a-memmove.o)
                0x000000000000a89c                memmove
 .text._read_r  0x000000000000a948       0x28 /home/tulip/gcc-arm-none-eabi-10.3-2021.10-x86_64-linux/gcc-arm-none-eabi-10.3-2021.10/bin/../lib/gcc/arm-none-eabi/10.3.1/../../../../arm-none-eabi/lib/thumb/v6-m/nofp/libc.a(lib_a-readr.o)
                0x000000000000a948                _read_r
 .text._realloc_r
                0x000000000000a970      0x354 /home/tulip/gcc-arm-none-eabi-10.3-2021.10-x86_64-linux/gcc-arm-none-eabi-10.3-2021.10/bin/../lib/gcc/arm-none-eabi/10.3.1/../../../../arm-none-eabi/lib/thumb/v6-m/nofp/libc.a(lib_a-reallocr.o)
                0x000000000000a970                _realloc_r
 .text._wcrtomb_r
                0x000000000000acc4       0x40 /home/tulip/gcc-arm-none-eabi-10.3-2021.10-x86_64-linux/gcc-arm-none-eabi-10.3-2021.10/bin/../lib/gcc/arm-none-eabi/10.3.1/../../../../arm-none-eabi/lib/thumb/v6-m/nofp/libc.a(lib_a-wcrtomb.o)
                0x000000000000acc4                _wcrtomb_r
 .text.__ascii_wctomb
                0x000000000000ad04       0x1c /home/tulip/gcc-arm-none-eabi-10.3-2021.10-x86_64-linux/gcc-arm-none-eabi-10.3-2021.10/bin/../lib/gcc/arm-none-eabi/10.3.1/../../../../arm-none-eabi/lib/thumb/v6-m/nofp/libc.a(lib_a-wctomb_r.o)
                0x000000000000ad04                __ascii_wctomb
 .text.abort    0x000000000000ad20       0x10 /home/tulip/gcc-arm-none-eabi-10.3-2021.10-x86_64-linux/gcc-arm-none-eabi-10.3-2021.10/bin/../lib/gcc/arm-none-eabi/10.3.1/../../../../arm-none-eabi/lib/thumb/v6-m/nofp/libc.a(lib_a-abort.o)
                0x000000000000ad20                abort
 .text.raise    0x000000000000ad30       0x60 /home/tulip/gcc-arm-none-eabi-10.3-2021.10-x86_64-linux/gcc-arm-none-eabi-10.3-2021.10/bin/../lib/gcc/arm-none-eabi/10.3.1/../../../../arm-none-eabi/lib/thumb/v6-m/nofp/libc.a(lib_a-signal.o)
                0x000000000000ad30                raise
 .text._kill_r  0x000000000000ad90       0x28 /home/tulip/gcc-arm-none-eabi-10.3-2021.10-x86_64-linux/gcc-arm-none-eabi-10.3-2021.10/bin/../lib/gcc/arm-none-eabi/10.3.1/../../../../arm-none-eabi/lib/thumb/v6-m/nofp/libc.a(lib_a-signalr.o)
                0x000000000000ad90                _kill_r
 .text._getpid_r
                0x000000000000adb8        0x8 /home/tulip/gcc-arm-none-eabi-10.3-2021.10-x86_64-linux/gcc-arm-none-eabi-10.3-2021.10/bin/../lib/gcc/arm-none-eabi/10.3.1/../../../../arm-none-eabi/lib/thumb/v6-m/nofp/libc.a(lib_a-signalr.o)
                0x000000000000adb8                _getpid_r
 *(.rodata)
 .rodata        0x000000000000adc0       0x40 /home/tulip/gcc-arm-none-eabi-10.3-2021.10-x86_64-linux/gcc-arm-none-eabi-10.3-2021.10/bin/../lib/gcc/arm-none-eabi/10.3.1/thumb/v6-m/nofp/libgcc.a(divdf3.o)
 .rodata        0x000000000000ae00       0x40 /home/tulip/gcc-arm-none-eabi-10.3-2021.10-x86_64-linux/gcc-arm-none-eabi-10.3-2021.10/bin/../lib/gcc/arm-none-eabi/10.3.1/thumb/v6-m/nofp/libgcc.a(muldf3.o)
 *(.rodata.*)
 .rodata.ble_init.str1.4
                0x000000000000ae40       0x22 build/ble_phy.o
 *fill*         0x000000000000ae62        0x2 ff
 .rodata.ble_start_rx.str1.4
                0x000000000000ae64       0x1e build/ble_phy.o
 *fill*         0x000000000000ae82        0x2 ff
 .rodata.CSWTCH.20
                0x000000000000ae84        0x3 build/ble_phy.o
 *fill*         0x000000000000ae87        0x1 ff
 .rodata.print_analyse_pdu.part.0.str1.4
                0x000000000000ae88       0xf5 build/ble_print.o
 *fill*         0x000000000000af7d        0x3 ff
 .rodata.print_ADV_IND.str1.4
                0x000000000000af80       0x9c build/ble_print.o
 .rodata.show_pdu_data.str1.4
                0x000000000000b01c      0x144 build/ble_print.o
 .rodata.show_pdu_data
                0x000000000000b160       0x3c build/ble_print.o
 .rodata.LED1   0x000000000000b19c        0x4 build/leds.o
                0x000000000000b19c                LED1
 .rodata.LED3   0x000000000000b1a0        0x4 build/leds.o
                0x000000000000b1a0                LED3
 .rodata.LED4   0x000000000000b1a4        0x4 build/leds.o
                0x000000000000b1a4                LED4
 .rodata.main.str1.4
                0x000000000000b1a8       0x5c build/Main.o
 .rodata._svfprintf_r.str1.4
                0x000000000000b204       0x42 /home/tulip/gcc-arm-none-eabi-10.3-2021.10-x86_64-linux/gcc-arm-none-eabi-10.3-2021.10/bin/../lib/gcc/arm-none-eabi/10.3.1/../../../../arm-none-eabi/lib/thumb/v6-m/nofp/libc.a(lib_a-svfprintf.o)
 *fill*         0x000000000000b246        0x2 ff
 .rodata._svfprintf_r
                0x000000000000b248      0x16c /home/tulip/gcc-arm-none-eabi-10.3-2021.10-x86_64-linux/gcc-arm-none-eabi-10.3-2021.10/bin/../lib/gcc/arm-none-eabi/10.3.1/../../../../arm-none-eabi/lib/thumb/v6-m/nofp/libc.a(lib_a-svfprintf.o)
 .rodata.blanks.1
                0x000000000000b3b4       0x10 /home/tulip/gcc-arm-none-eabi-10.3-2021.10-x86_64-linux/gcc-arm-none-eabi-10.3-2021.10/bin/../lib/gcc/arm-none-eabi/10.3.1/../../../../arm-none-eabi/lib/thumb/v6-m/nofp/libc.a(lib_a-svfprintf.o)
 .rodata.zeroes.0
                0x000000000000b3c4       0x10 /home/tulip/gcc-arm-none-eabi-10.3-2021.10-x86_64-linux/gcc-arm-none-eabi-10.3-2021.10/bin/../lib/gcc/arm-none-eabi/10.3.1/../../../../arm-none-eabi/lib/thumb/v6-m/nofp/libc.a(lib_a-svfprintf.o)
 .rodata._vfprintf_r.str1.4
                0x000000000000b3d4       0x42 /home/tulip/gcc-arm-none-eabi-10.3-2021.10-x86_64-linux/gcc-arm-none-eabi-10.3-2021.10/bin/../lib/gcc/arm-none-eabi/10.3.1/../../../../arm-none-eabi/lib/thumb/v6-m/nofp/libc.a(lib_a-vfprintf.o)
 .rodata._vfprintf_r
                0x000000000000b3d4      0x16c /home/tulip/gcc-arm-none-eabi-10.3-2021.10-x86_64-linux/gcc-arm-none-eabi-10.3-2021.10/bin/../lib/gcc/arm-none-eabi/10.3.1/../../../../arm-none-eabi/lib/thumb/v6-m/nofp/libc.a(lib_a-vfprintf.o)
 .rodata.blanks.1
                0x000000000000b540       0x10 /home/tulip/gcc-arm-none-eabi-10.3-2021.10-x86_64-linux/gcc-arm-none-eabi-10.3-2021.10/bin/../lib/gcc/arm-none-eabi/10.3.1/../../../../arm-none-eabi/lib/thumb/v6-m/nofp/libc.a(lib_a-vfprintf.o)
 .rodata.zeroes.0
                0x000000000000b550       0x10 /home/tulip/gcc-arm-none-eabi-10.3-2021.10-x86_64-linux/gcc-arm-none-eabi-10.3-2021.10/bin/../lib/gcc/arm-none-eabi/10.3.1/../../../../arm-none-eabi/lib/thumb/v6-m/nofp/libc.a(lib_a-vfprintf.o)
 .rodata._dtoa_r.str1.4
                0x000000000000b560       0xa2 /home/tulip/gcc-arm-none-eabi-10.3-2021.10-x86_64-linux/gcc-arm-none-eabi-10.3-2021.10/bin/../lib/gcc/arm-none-eabi/10.3.1/../../../../arm-none-eabi/lib/thumb/v6-m/nofp/libc.a(lib_a-dtoa.o)
                                         0xa6 (size before relaxing)
 *fill*         0x000000000000b602        0x2 ff
 .rodata.__multadd.str1.4
                0x000000000000b604       0x7f /home/tulip/gcc-arm-none-eabi-10.3-2021.10-x86_64-linux/gcc-arm-none-eabi-10.3-2021.10/bin/../lib/gcc/arm-none-eabi/10.3.1/../../../../arm-none-eabi/lib/thumb/v6-m/nofp/libc.a(lib_a-mprec.o)
                                         0x93 (size before relaxing)
 *fill*         0x000000000000b683        0x5 ff
 .rodata.__mprec_bigtens
                0x000000000000b688       0x28 /home/tulip/gcc-arm-none-eabi-10.3-2021.10-x86_64-linux/gcc-arm-none-eabi-10.3-2021.10/bin/../lib/gcc/arm-none-eabi/10.3.1/../../../../arm-none-eabi/lib/thumb/v6-m/nofp/libc.a(lib_a-mprec.o)
                0x000000000000b688                __mprec_bigtens
 .rodata.__mprec_tens
                0x000000000000b6b0       0xc8 /home/tulip/gcc-arm-none-eabi-10.3-2021.10-x86_64-linux/gcc-arm-none-eabi-10.3-2021.10/bin/../lib/gcc/arm-none-eabi/10.3.1/../../../../arm-none-eabi/lib/thumb/v6-m/nofp/libc.a(lib_a-mprec.o)
                0x000000000000b6b0                __mprec_tens
 .rodata.p05.0  0x000000000000b778        0xc /home/tulip/gcc-arm-none-eabi-10.3-2021.10-x86_64-linux/gcc-arm-none-eabi-10.3-2021.10/bin/../lib/gcc/arm-none-eabi/10.3.1/../../../../arm-none-eabi/lib/thumb/v6-m/nofp/libc.a(lib_a-mprec.o)
 .rodata._vfiprintf_r.str1.4
                0x000000000000b784       0x2f /home/tulip/gcc-arm-none-eabi-10.3-2021.10-x86_64-linux/gcc-arm-none-eabi-10.3-2021.10/bin/../lib/gcc/arm-none-eabi/10.3.1/../../../../arm-none-eabi/lib/thumb/v6-m/nofp/libc.a(lib_a-vfiprintf.o)
 .rodata._vfiprintf_r
                0x000000000000b784      0x16c /home/tulip/gcc-arm-none-eabi-10.3-2021.10-x86_64-linux/gcc-arm-none-eabi-10.3-2021.10/bin/../lib/gcc/arm-none-eabi/10.3.1/../../../../arm-none-eabi/lib/thumb/v6-m/nofp/libc.a(lib_a-vfiprintf.o)
 .rodata.blanks.1
                0x000000000000b8f0       0x10 /home/tulip/gcc-arm-none-eabi-10.3-2021.10-x86_64-linux/gcc-arm-none-eabi-10.3-2021.10/bin/../lib/gcc/arm-none-eabi/10.3.1/../../../../arm-none-eabi/lib/thumb/v6-m/nofp/libc.a(lib_a-vfiprintf.o)
 .rodata.zeroes.0
                0x000000000000b900       0x10 /home/tulip/gcc-arm-none-eabi-10.3-2021.10-x86_64-linux/gcc-arm-none-eabi-10.3-2021.10/bin/../lib/gcc/arm-none-eabi/10.3.1/../../../../arm-none-eabi/lib/thumb/v6-m/nofp/libc.a(lib_a-vfiprintf.o)
 .rodata.__assert_func.str1.4
                0x000000000000b910       0x3f /home/tulip/gcc-arm-none-eabi-10.3-2021.10-x86_64-linux/gcc-arm-none-eabi-10.3-2021.10/bin/../lib/gcc/arm-none-eabi/10.3.1/../../../../arm-none-eabi/lib/thumb/v6-m/nofp/libc.a(lib_a-assert.o)
                                         0x43 (size before relaxing)
 *fill*         0x000000000000b94f        0x1 ff
 .rodata._setlocale_r.str1.4
                0x000000000000b950        0xa /home/tulip/gcc-arm-none-eabi-10.3-2021.10-x86_64-linux/gcc-arm-none-eabi-10.3-2021.10/bin/../lib/gcc/arm-none-eabi/10.3.1/../../../../arm-none-eabi/lib/thumb/v6-m/nofp/libc.a(lib_a-locale.o)
                                          0xd (size before relaxing)
 *fill*         0x000000000000b95a        0x2 ff
 .rodata.str1.4
                0x000000000000b95c        0x2 /home/tulip/gcc-arm-none-eabi-10.3-2021.10-x86_64-linux/gcc-arm-none-eabi-10.3-2021.10/bin/../lib/gcc/arm-none-eabi/10.3.1/../../../../arm-none-eabi/lib/thumb/v6-m/nofp/libc.a(lib_a-locale.o)
 *fill*         0x000000000000b95e        0x2 ff
 .rodata._ctype_
                0x000000000000b960      0x101 /home/tulip/gcc-arm-none-eabi-10.3-2021.10-x86_64-linux/gcc-arm-none-eabi-10.3-2021.10/bin/../lib/gcc/arm-none-eabi/10.3.1/../../../../arm-none-eabi/lib/thumb/v6-m/nofp/libc.a(lib_a-ctype_.o)
                0x000000000000b960                _ctype_
                0x000000000000ba64                . = ALIGN (0x4)
 *fill*         0x000000000000ba61        0x3 ff
                0x000000000000ba64                _etext = .
                0x000000000000ba64                _sidata = _etext

.glue_7         0x000000000000ba64        0x0
 .glue_7        0x000000000000ba64        0x0 linker stubs

.glue_7t        0x000000000000ba64        0x0
 .glue_7t       0x000000000000ba64        0x0 linker stubs

.vfp11_veneer   0x000000000000ba64        0x0
 .vfp11_veneer  0x000000000000ba64        0x0 linker stubs

.v4_bx          0x000000000000ba64        0x0
 .v4_bx         0x000000000000ba64        0x0 linker stubs

.iplt           0x000000000000ba64        0x0
 .iplt          0x000000000000ba64        0x0 build/ble_phy.o

.rel.dyn        0x000000000000ba64        0x0
 .rel.iplt      0x000000000000ba64        0x0 build/ble_phy.o

.data           0x0000000020000000      0x9ac load address 0x000000000000ba64
                0x0000000020000000                . = ALIGN (0x4)
                0x0000000020000000                _sdata = .
 *(.data)
 *(.data.*)
 .data._impure_ptr
                0x0000000020000000        0x4 /home/tulip/gcc-arm-none-eabi-10.3-2021.10-x86_64-linux/gcc-arm-none-eabi-10.3-2021.10/bin/../lib/gcc/arm-none-eabi/10.3.1/../../../../arm-none-eabi/lib/thumb/v6-m/nofp/libc.a(lib_a-impure.o)
                0x0000000020000000                _impure_ptr
 *fill*         0x0000000020000004        0x4 00000000
 .data.impure_data
                0x0000000020000008      0x428 /home/tulip/gcc-arm-none-eabi-10.3-2021.10-x86_64-linux/gcc-arm-none-eabi-10.3-2021.10/bin/../lib/gcc/arm-none-eabi/10.3.1/../../../../arm-none-eabi/lib/thumb/v6-m/nofp/libc.a(lib_a-impure.o)
 .data.__malloc_av_
                0x0000000020000430      0x408 /home/tulip/gcc-arm-none-eabi-10.3-2021.10-x86_64-linux/gcc-arm-none-eabi-10.3-2021.10/bin/../lib/gcc/arm-none-eabi/10.3.1/../../../../arm-none-eabi/lib/thumb/v6-m/nofp/libc.a(lib_a-mallocr.o)
                0x0000000020000430                __malloc_av_
 .data.__malloc_sbrk_base
                0x0000000020000838        0x4 /home/tulip/gcc-arm-none-eabi-10.3-2021.10-x86_64-linux/gcc-arm-none-eabi-10.3-2021.10/bin/../lib/gcc/arm-none-eabi/10.3.1/../../../../arm-none-eabi/lib/thumb/v6-m/nofp/libc.a(lib_a-mallocr.o)
                0x0000000020000838                __malloc_sbrk_base
 .data.__malloc_trim_threshold
                0x000000002000083c        0x4 /home/tulip/gcc-arm-none-eabi-10.3-2021.10-x86_64-linux/gcc-arm-none-eabi-10.3-2021.10/bin/../lib/gcc/arm-none-eabi/10.3.1/../../../../arm-none-eabi/lib/thumb/v6-m/nofp/libc.a(lib_a-mallocr.o)
                0x000000002000083c                __malloc_trim_threshold
 .data.__global_locale
                0x0000000020000840      0x16c /home/tulip/gcc-arm-none-eabi-10.3-2021.10-x86_64-linux/gcc-arm-none-eabi-10.3-2021.10/bin/../lib/gcc/arm-none-eabi/10.3.1/../../../../arm-none-eabi/lib/thumb/v6-m/nofp/libc.a(lib_a-locale.o)
                0x0000000020000840                __global_locale
                0x00000000200009ac                . = ALIGN (0x4)
                0x00000000200009ac                _edata = .

.igot.plt       0x00000000200009ac        0x0 load address 0x000000000000c410
 .igot.plt      0x00000000200009ac        0x0 build/ble_phy.o

.bss            0x00000000200009b0     0x199c load address 0x000000000000c418
                0x00000000200009b0                . = ALIGN (0x4)
                0x00000000200009b0                _sbss = .
 *(.bss)
 *(.bss.*)
 .bss.rx_fifo   0x00000000200009b0      0xa18 build/ble_phy.o
                0x00000000200009b0                rx_fifo
 .bss.rx_pdu_buffer
                0x00000000200013c8       0xff build/ble_phy.o
 *fill*         0x00000000200014c7        0x1 
 .bss.device_mac
                0x00000000200014c8       0x3c build/ble_print.o
                0x00000000200014c8                device_mac
 .bss.device_name
                0x0000000020001504      0x3e8 build/ble_print.o
                0x0000000020001504                device_name
 *fill*         0x00000000200018ec        0x4 
 .bss.filtered_mac
                0x00000000200018f0        0x8 build/ble_print.o
                0x00000000200018f0                filtered_mac
 .bss.received_names
                0x00000000200018f8        0x1 build/ble_print.o
                0x00000000200018f8                received_names
 *fill*         0x00000000200018f9        0x3 
 .bss.rx_pdu_buffer
                0x00000000200018fc        0x4 build/ble_print.o
 .bss.str_buff  0x0000000020001900       0xff build/ble_print.o
                0x0000000020001900                str_buff
 *fill*         0x00000000200019ff        0x1 
 .bss.str_buff2
                0x0000000020001a00       0xff build/ble_print.o
                0x0000000020001a00                str_buff2
 *fill*         0x0000000020001aff        0x1 
 .bss.ms_counter
                0x0000000020001b00        0x4 build/Main.o
                0x0000000020001b00                ms_counter
 .bss.heap.0    0x0000000020001b04      0x800 build/stdlib_impl.o
 .bss.last.1    0x0000000020002304        0x2 build/stdlib_impl.o
 *fill*         0x0000000020002306        0x2 
 .bss.errno     0x0000000020002308        0x4 /home/tulip/gcc-arm-none-eabi-10.3-2021.10-x86_64-linux/gcc-arm-none-eabi-10.3-2021.10/bin/../lib/gcc/arm-none-eabi/10.3.1/../../../../arm-none-eabi/lib/thumb/v6-m/nofp/libc.a(lib_a-reent.o)
                0x0000000020002308                errno
 .bss.__lock___malloc_recursive_mutex
                0x000000002000230c        0x1 /home/tulip/gcc-arm-none-eabi-10.3-2021.10-x86_64-linux/gcc-arm-none-eabi-10.3-2021.10/bin/../lib/gcc/arm-none-eabi/10.3.1/../../../../arm-none-eabi/lib/thumb/v6-m/nofp/libc.a(lib_a-lock.o)
                0x000000002000230c                __lock___malloc_recursive_mutex
 *fill*         0x000000002000230d        0x3 
 .bss.__lock___sfp_recursive_mutex
                0x0000000020002310        0x1 /home/tulip/gcc-arm-none-eabi-10.3-2021.10-x86_64-linux/gcc-arm-none-eabi-10.3-2021.10/bin/../lib/gcc/arm-none-eabi/10.3.1/../../../../arm-none-eabi/lib/thumb/v6-m/nofp/libc.a(lib_a-lock.o)
                0x0000000020002310                __lock___sfp_recursive_mutex
 *fill*         0x0000000020002311        0x3 
 .bss.__lock___sinit_recursive_mutex
                0x0000000020002314        0x1 /home/tulip/gcc-arm-none-eabi-10.3-2021.10-x86_64-linux/gcc-arm-none-eabi-10.3-2021.10/bin/../lib/gcc/arm-none-eabi/10.3.1/../../../../arm-none-eabi/lib/thumb/v6-m/nofp/libc.a(lib_a-lock.o)
                0x0000000020002314                __lock___sinit_recursive_mutex
 *fill*         0x0000000020002315        0x3 
 .bss.__malloc_current_mallinfo
                0x0000000020002318       0x28 /home/tulip/gcc-arm-none-eabi-10.3-2021.10-x86_64-linux/gcc-arm-none-eabi-10.3-2021.10/bin/../lib/gcc/arm-none-eabi/10.3.1/../../../../arm-none-eabi/lib/thumb/v6-m/nofp/libc.a(lib_a-mallocr.o)
                0x0000000020002318                __malloc_current_mallinfo
 .bss.__malloc_max_sbrked_mem
                0x0000000020002340        0x4 /home/tulip/gcc-arm-none-eabi-10.3-2021.10-x86_64-linux/gcc-arm-none-eabi-10.3-2021.10/bin/../lib/gcc/arm-none-eabi/10.3.1/../../../../arm-none-eabi/lib/thumb/v6-m/nofp/libc.a(lib_a-mallocr.o)
                0x0000000020002340                __malloc_max_sbrked_mem
 .bss.__malloc_max_total_mem
                0x0000000020002344        0x4 /home/tulip/gcc-arm-none-eabi-10.3-2021.10-x86_64-linux/gcc-arm-none-eabi-10.3-2021.10/bin/../lib/gcc/arm-none-eabi/10.3.1/../../../../arm-none-eabi/lib/thumb/v6-m/nofp/libc.a(lib_a-mallocr.o)
                0x0000000020002344                __malloc_max_total_mem
 .bss.__malloc_top_pad
                0x0000000020002348        0x4 /home/tulip/gcc-arm-none-eabi-10.3-2021.10-x86_64-linux/gcc-arm-none-eabi-10.3-2021.10/bin/../lib/gcc/arm-none-eabi/10.3.1/../../../../arm-none-eabi/lib/thumb/v6-m/nofp/libc.a(lib_a-mallocr.o)
                0x0000000020002348                __malloc_top_pad
 *(COMMON)
                0x000000002000234c                . = ALIGN (0x4)
                0x000000002000234c                _ebss = .
                0x0000000020008000                _estack = ((ORIGIN (RAM) + LENGTH (RAM)) & 0xfffffffc)
                0x0000000000000001                ASSERT (((_ebss + _minimum_stack_size) <= _estack), There is not enough space in RAM for stack.)

/DISCARD/
 *(.ARM.exidx*)
                [!provide]                        PROVIDE (end = _ebss)
OUTPUT(outputs/output.elf elf32-littlearm)
LOAD linker stubs

.debug_info     0x0000000000000000     0x3f8b
 .debug_info    0x0000000000000000      0xe41 build/ble_phy.o
 .debug_info    0x0000000000000e41     0x17c9 build/ble_print.o
 .debug_info    0x000000000000260a      0x2f6 build/leds.o
 .debug_info    0x0000000000002900      0xa93 build/Main.o
 .debug_info    0x0000000000003393      0x141 build/startup.o
 .debug_info    0x00000000000034d4      0x58e build/stdlib_impl.o
 .debug_info    0x0000000000003a62      0x529 build/uart.o

.debug_abbrev   0x0000000000000000      0xe6c
 .debug_abbrev  0x0000000000000000      0x337 build/ble_phy.o
 .debug_abbrev  0x0000000000000337      0x33c build/ble_print.o
 .debug_abbrev  0x0000000000000673      0x1a8 build/leds.o
 .debug_abbrev  0x000000000000081b      0x2ac build/Main.o
 .debug_abbrev  0x0000000000000ac7       0xfa build/startup.o
 .debug_abbrev  0x0000000000000bc1      0x19d build/stdlib_impl.o
 .debug_abbrev  0x0000000000000d5e      0x10e build/uart.o

.debug_loc      0x0000000000000000     0x1708
 .debug_loc     0x0000000000000000      0x188 build/ble_phy.o
 .debug_loc     0x0000000000000188     0x12a4 build/ble_print.o
 .debug_loc     0x000000000000142c       0x92 build/leds.o
 .debug_loc     0x00000000000014be       0x57 build/Main.o
 .debug_loc     0x0000000000001515      0x1f3 build/stdlib_impl.o

.debug_aranges  0x0000000000000000      0x1a8
 .debug_aranges
                0x0000000000000000       0x30 build/ble_phy.o
 .debug_aranges
                0x0000000000000030       0x60 build/ble_print.o
 .debug_aranges
                0x0000000000000090       0x28 build/leds.o
 .debug_aranges
                0x00000000000000b8       0x38 build/Main.o
 .debug_aranges
                0x00000000000000f0       0x28 build/startup.o
 .debug_aranges
                0x0000000000000118       0x68 build/stdlib_impl.o
 .debug_aranges
                0x0000000000000180       0x28 build/uart.o

.debug_ranges   0x0000000000000000      0x510
 .debug_ranges  0x0000000000000000       0x38 build/ble_phy.o
 .debug_ranges  0x0000000000000038      0x3b0 build/ble_print.o
 .debug_ranges  0x00000000000003e8       0x30 build/leds.o
 .debug_ranges  0x0000000000000418       0x70 build/Main.o
 .debug_ranges  0x0000000000000488       0x18 build/startup.o
 .debug_ranges  0x00000000000004a0       0x58 build/stdlib_impl.o
 .debug_ranges  0x00000000000004f8       0x18 build/uart.o

.debug_macro    0x0000000000000000     0x94e8
 .debug_macro   0x0000000000000000      0x258 build/ble_phy.o
 .debug_macro   0x0000000000000258      0xa3c build/ble_phy.o
 .debug_macro   0x0000000000000c94       0x22 build/ble_phy.o
 .debug_macro   0x0000000000000cb6       0x5e build/ble_phy.o
 .debug_macro   0x0000000000000d14       0x18 build/ble_phy.o
 .debug_macro   0x0000000000000d2c       0x94 build/ble_phy.o
 .debug_macro   0x0000000000000dc0       0x35 build/ble_phy.o
 .debug_macro   0x0000000000000df5       0x34 build/ble_phy.o
 .debug_macro   0x0000000000000e29       0x16 build/ble_phy.o
 .debug_macro   0x0000000000000e3f       0x57 build/ble_phy.o
 .debug_macro   0x0000000000000e96       0x97 build/ble_phy.o
 .debug_macro   0x0000000000000f2d      0x341 build/ble_phy.o
 .debug_macro   0x000000000000126e       0xfd build/ble_phy.o
 .debug_macro   0x000000000000136b       0x10 build/ble_phy.o
 .debug_macro   0x000000000000137b       0x16 build/ble_phy.o
 .debug_macro   0x0000000000001391       0x43 build/ble_phy.o
 .debug_macro   0x00000000000013d4       0x34 build/ble_phy.o
 .debug_macro   0x0000000000001408       0x10 build/ble_phy.o
 .debug_macro   0x0000000000001418       0x58 build/ble_phy.o
 .debug_macro   0x0000000000001470      0x182 build/ble_phy.o
 .debug_macro   0x00000000000015f2       0x10 build/ble_phy.o
 .debug_macro   0x0000000000001602       0x6a build/ble_phy.o
 .debug_macro   0x000000000000166c       0x1c build/ble_phy.o
 .debug_macro   0x0000000000001688       0x52 build/ble_phy.o
 .debug_macro   0x00000000000016da       0x22 build/ble_phy.o
 .debug_macro   0x00000000000016fc       0x10 build/ble_phy.o
 .debug_macro   0x000000000000170c       0x52 build/ble_phy.o
 .debug_macro   0x000000000000175e       0xd5 build/ble_phy.o
 .debug_macro   0x0000000000001833       0x1c build/ble_phy.o
 .debug_macro   0x000000000000184f       0x3d build/ble_phy.o
 .debug_macro   0x000000000000188c       0x16 build/ble_phy.o
 .debug_macro   0x00000000000018a2      0x16f build/ble_phy.o
 .debug_macro   0x0000000000001a11       0x22 build/ble_phy.o
 .debug_macro   0x0000000000001a33       0x16 build/ble_phy.o
 .debug_macro   0x0000000000001a49       0x35 build/ble_phy.o
 .debug_macro   0x0000000000001a7e       0x22 build/ble_phy.o
 .debug_macro   0x0000000000001aa0      0x103 build/ble_phy.o
 .debug_macro   0x0000000000001ba3      0x1df build/ble_phy.o
 .debug_macro   0x0000000000001d82       0x34 build/ble_phy.o
 .debug_macro   0x0000000000001db6       0x26 build/ble_phy.o
 .debug_macro   0x0000000000001ddc      0x30d build/ble_phy.o
 .debug_macro   0x00000000000020e9      0x1b6 build/ble_phy.o
 .debug_macro   0x000000000000229f     0x6504 build/ble_phy.o
 .debug_macro   0x00000000000087a3      0x23a build/ble_print.o
 .debug_macro   0x00000000000089dd       0x8e build/ble_print.o
 .debug_macro   0x0000000000008a6b       0x51 build/ble_print.o
 .debug_macro   0x0000000000008abc       0x64 build/ble_print.o
 .debug_macro   0x0000000000008b20       0x3a build/ble_print.o
 .debug_macro   0x0000000000008b5a       0xb1 build/leds.o
 .debug_macro   0x0000000000008c0b      0x237 build/Main.o
 .debug_macro   0x0000000000008e42       0x17 build/startup.o
 .debug_macro   0x0000000000008e59      0x1f0 build/stdlib_impl.o
 .debug_macro   0x0000000000009049       0x10 build/stdlib_impl.o
 .debug_macro   0x0000000000009059      0x241 build/stdlib_impl.o
 .debug_macro   0x000000000000929a       0x16 build/stdlib_impl.o
 .debug_macro   0x00000000000092b0       0x10 build/stdlib_impl.o
 .debug_macro   0x00000000000092c0       0x10 build/stdlib_impl.o
 .debug_macro   0x00000000000092d0       0x35 build/stdlib_impl.o
 .debug_macro   0x0000000000009305      0x12c build/stdlib_impl.o
 .debug_macro   0x0000000000009431       0xb7 build/uart.o

.debug_line     0x0000000000000000     0x277d
 .debug_line    0x0000000000000000      0x7d0 build/ble_phy.o
 .debug_line    0x00000000000007d0      0xc15 build/ble_print.o
 .debug_line    0x00000000000013e5      0x3a2 build/leds.o
 .debug_line    0x0000000000001787      0x64d build/Main.o
 .debug_line    0x0000000000001dd4       0xba build/startup.o
 .debug_line    0x0000000000001e8e      0x575 build/stdlib_impl.o
 .debug_line    0x0000000000002403      0x37a build/uart.o

.debug_str      0x0000000000000000    0x2c44b
 .debug_str     0x0000000000000000    0x2b2ed build/ble_phy.o
                                      0x2b520 (size before relaxing)
 .debug_str     0x000000000002b2ed      0x25c build/ble_print.o
                                      0x2b3ca (size before relaxing)
 .debug_str     0x000000000002b549       0x66 build/leds.o
                                      0x272fc (size before relaxing)
 .debug_str     0x000000000002b5af      0x1e3 build/Main.o
                                      0x2b36c (size before relaxing)
 .debug_str     0x000000000002b792       0x9b build/startup.o
                                       0x2c94 (size before relaxing)
 .debug_str     0x000000000002b82d      0xb26 build/stdlib_impl.o
                                       0x781b (size before relaxing)
 .debug_str     0x000000000002c353       0xf8 build/uart.o
                                      0x2743e (size before relaxing)

.comment        0x0000000000000000       0x49
 .comment       0x0000000000000000       0x49 build/ble_phy.o
                                         0x4a (size before relaxing)
 .comment       0x0000000000000049       0x4a build/ble_print.o
 .comment       0x0000000000000049       0x4a build/leds.o
 .comment       0x0000000000000049       0x4a build/Main.o
 .comment       0x0000000000000049       0x4a build/startup.o
 .comment       0x0000000000000049       0x4a build/stdlib_impl.o
 .comment       0x0000000000000049       0x4a build/uart.o

.ARM.attributes
                0x0000000000000000       0x2a
 .ARM.attributes
                0x0000000000000000       0x2c build/ble_phy.o
 .ARM.attributes
                0x000000000000002c       0x2c build/ble_print.o
 .ARM.attributes
                0x0000000000000058       0x2c build/leds.o
 .ARM.attributes
                0x0000000000000084       0x2c build/Main.o
 .ARM.attributes
                0x00000000000000b0       0x2c build/startup.o
 .ARM.attributes
                0x00000000000000dc       0x2c build/stdlib_impl.o
 .ARM.attributes
                0x0000000000000108       0x2c build/uart.o
 .ARM.attributes
                0x0000000000000134       0x2c /home/tulip/gcc-arm-none-eabi-10.3-2021.10-x86_64-linux/gcc-arm-none-eabi-10.3-2021.10/bin/../lib/gcc/arm-none-eabi/10.3.1/../../../../arm-none-eabi/lib/thumb/v6-m/nofp/libc.a(lib_a-memcmp.o)
 .ARM.attributes
                0x0000000000000160       0x2c /home/tulip/gcc-arm-none-eabi-10.3-2021.10-x86_64-linux/gcc-arm-none-eabi-10.3-2021.10/bin/../lib/gcc/arm-none-eabi/10.3.1/../../../../arm-none-eabi/lib/thumb/v6-m/nofp/libc.a(lib_a-memcpy-stub.o)
 .ARM.attributes
                0x000000000000018c       0x2c /home/tulip/gcc-arm-none-eabi-10.3-2021.10-x86_64-linux/gcc-arm-none-eabi-10.3-2021.10/bin/../lib/gcc/arm-none-eabi/10.3.1/../../../../arm-none-eabi/lib/thumb/v6-m/nofp/libc.a(lib_a-memset.o)
 .ARM.attributes
                0x00000000000001b8       0x2c /home/tulip/gcc-arm-none-eabi-10.3-2021.10-x86_64-linux/gcc-arm-none-eabi-10.3-2021.10/bin/../lib/gcc/arm-none-eabi/10.3.1/../../../../arm-none-eabi/lib/thumb/v6-m/nofp/libc.a(lib_a-printf.o)
 .ARM.attributes
                0x00000000000001e4       0x2c /home/tulip/gcc-arm-none-eabi-10.3-2021.10-x86_64-linux/gcc-arm-none-eabi-10.3-2021.10/bin/../lib/gcc/arm-none-eabi/10.3.1/../../../../arm-none-eabi/lib/thumb/v6-m/nofp/libc.a(lib_a-putchar.o)
 .ARM.attributes
                0x0000000000000210       0x2c /home/tulip/gcc-arm-none-eabi-10.3-2021.10-x86_64-linux/gcc-arm-none-eabi-10.3-2021.10/bin/../lib/gcc/arm-none-eabi/10.3.1/../../../../arm-none-eabi/lib/thumb/v6-m/nofp/libc.a(lib_a-reent.o)
 .ARM.attributes
                0x000000000000023c       0x2c /home/tulip/gcc-arm-none-eabi-10.3-2021.10-x86_64-linux/gcc-arm-none-eabi-10.3-2021.10/bin/../lib/gcc/arm-none-eabi/10.3.1/../../../../arm-none-eabi/lib/thumb/v6-m/nofp/libc.a(lib_a-sprintf.o)
 .ARM.attributes
                0x0000000000000268       0x2c /home/tulip/gcc-arm-none-eabi-10.3-2021.10-x86_64-linux/gcc-arm-none-eabi-10.3-2021.10/bin/../lib/gcc/arm-none-eabi/10.3.1/../../../../arm-none-eabi/lib/thumb/v6-m/nofp/libc.a(lib_a-svfprintf.o)
 .ARM.attributes
                0x0000000000000294       0x2c /home/tulip/gcc-arm-none-eabi-10.3-2021.10-x86_64-linux/gcc-arm-none-eabi-10.3-2021.10/bin/../lib/gcc/arm-none-eabi/10.3.1/../../../../arm-none-eabi/lib/thumb/v6-m/nofp/libc.a(lib_a-vfprintf.o)
 .ARM.attributes
                0x00000000000002c0       0x2c /home/tulip/gcc-arm-none-eabi-10.3-2021.10-x86_64-linux/gcc-arm-none-eabi-10.3-2021.10/bin/../lib/gcc/arm-none-eabi/10.3.1/../../../../arm-none-eabi/lib/thumb/v6-m/nofp/libc.a(lib_a-wsetup.o)
 .ARM.attributes
                0x00000000000002ec       0x2c /home/tulip/gcc-arm-none-eabi-10.3-2021.10-x86_64-linux/gcc-arm-none-eabi-10.3-2021.10/bin/../lib/gcc/arm-none-eabi/10.3.1/../../../../arm-none-eabi/lib/thumb/v6-m/nofp/libc.a(lib_a-dtoa.o)
 .ARM.attributes
                0x0000000000000318       0x2c /home/tulip/gcc-arm-none-eabi-10.3-2021.10-x86_64-linux/gcc-arm-none-eabi-10.3-2021.10/bin/../lib/gcc/arm-none-eabi/10.3.1/../../../../arm-none-eabi/lib/thumb/v6-m/nofp/libc.a(lib_a-fflush.o)
 .ARM.attributes
                0x0000000000000344       0x2c /home/tulip/gcc-arm-none-eabi-10.3-2021.10-x86_64-linux/gcc-arm-none-eabi-10.3-2021.10/bin/../lib/gcc/arm-none-eabi/10.3.1/../../../../arm-none-eabi/lib/thumb/v6-m/nofp/libc.a(lib_a-findfp.o)
 .ARM.attributes
                0x0000000000000370       0x2c /home/tulip/gcc-arm-none-eabi-10.3-2021.10-x86_64-linux/gcc-arm-none-eabi-10.3-2021.10/bin/../lib/gcc/arm-none-eabi/10.3.1/../../../../arm-none-eabi/lib/thumb/v6-m/nofp/libc.a(lib_a-freer.o)
 .ARM.attributes
                0x000000000000039c       0x2c /home/tulip/gcc-arm-none-eabi-10.3-2021.10-x86_64-linux/gcc-arm-none-eabi-10.3-2021.10/bin/../lib/gcc/arm-none-eabi/10.3.1/../../../../arm-none-eabi/lib/thumb/v6-m/nofp/libc.a(lib_a-fwalk.o)
 .ARM.attributes
                0x00000000000003c8       0x2c /home/tulip/gcc-arm-none-eabi-10.3-2021.10-x86_64-linux/gcc-arm-none-eabi-10.3-2021.10/bin/../lib/gcc/arm-none-eabi/10.3.1/../../../../arm-none-eabi/lib/thumb/v6-m/nofp/libc.a(lib_a-impure.o)
 .ARM.attributes
                0x00000000000003f4       0x2c /home/tulip/gcc-arm-none-eabi-10.3-2021.10-x86_64-linux/gcc-arm-none-eabi-10.3-2021.10/bin/../lib/gcc/arm-none-eabi/10.3.1/../../../../arm-none-eabi/lib/thumb/v6-m/nofp/libc.a(lib_a-localeconv.o)
 .ARM.attributes
                0x0000000000000420       0x2c /home/tulip/gcc-arm-none-eabi-10.3-2021.10-x86_64-linux/gcc-arm-none-eabi-10.3-2021.10/bin/../lib/gcc/arm-none-eabi/10.3.1/../../../../arm-none-eabi/lib/thumb/v6-m/nofp/libc.a(lib_a-lock.o)
 .ARM.attributes
                0x000000000000044c       0x2c /home/tulip/gcc-arm-none-eabi-10.3-2021.10-x86_64-linux/gcc-arm-none-eabi-10.3-2021.10/bin/../lib/gcc/arm-none-eabi/10.3.1/../../../../arm-none-eabi/lib/thumb/v6-m/nofp/libc.a(lib_a-makebuf.o)
 .ARM.attributes
                0x0000000000000478       0x2c /home/tulip/gcc-arm-none-eabi-10.3-2021.10-x86_64-linux/gcc-arm-none-eabi-10.3-2021.10/bin/../lib/gcc/arm-none-eabi/10.3.1/../../../../arm-none-eabi/lib/thumb/v6-m/nofp/libc.a(lib_a-mallocr.o)
 .ARM.attributes
                0x00000000000004a4       0x2c /home/tulip/gcc-arm-none-eabi-10.3-2021.10-x86_64-linux/gcc-arm-none-eabi-10.3-2021.10/bin/../lib/gcc/arm-none-eabi/10.3.1/../../../../arm-none-eabi/lib/thumb/v6-m/nofp/libc.a(lib_a-memchr-stub.o)
 .ARM.attributes
                0x00000000000004d0       0x2c /home/tulip/gcc-arm-none-eabi-10.3-2021.10-x86_64-linux/gcc-arm-none-eabi-10.3-2021.10/bin/../lib/gcc/arm-none-eabi/10.3.1/../../../../arm-none-eabi/lib/thumb/v6-m/nofp/libc.a(lib_a-mlock.o)
 .ARM.attributes
                0x00000000000004fc       0x2c /home/tulip/gcc-arm-none-eabi-10.3-2021.10-x86_64-linux/gcc-arm-none-eabi-10.3-2021.10/bin/../lib/gcc/arm-none-eabi/10.3.1/../../../../arm-none-eabi/lib/thumb/v6-m/nofp/libc.a(lib_a-mprec.o)
 .ARM.attributes
                0x0000000000000528       0x2c /home/tulip/gcc-arm-none-eabi-10.3-2021.10-x86_64-linux/gcc-arm-none-eabi-10.3-2021.10/bin/../lib/gcc/arm-none-eabi/10.3.1/../../../../arm-none-eabi/lib/thumb/v6-m/nofp/libc.a(lib_a-putc.o)
 .ARM.attributes
                0x0000000000000554       0x2c /home/tulip/gcc-arm-none-eabi-10.3-2021.10-x86_64-linux/gcc-arm-none-eabi-10.3-2021.10/bin/../lib/gcc/arm-none-eabi/10.3.1/../../../../arm-none-eabi/lib/thumb/v6-m/nofp/libc.a(lib_a-s_frexp.o)
 .ARM.attributes
                0x0000000000000580       0x2c /home/tulip/gcc-arm-none-eabi-10.3-2021.10-x86_64-linux/gcc-arm-none-eabi-10.3-2021.10/bin/../lib/gcc/arm-none-eabi/10.3.1/../../../../arm-none-eabi/lib/thumb/v6-m/nofp/libc.a(lib_a-sbrkr.o)
 .ARM.attributes
                0x00000000000005ac       0x2c /home/tulip/gcc-arm-none-eabi-10.3-2021.10-x86_64-linux/gcc-arm-none-eabi-10.3-2021.10/bin/../lib/gcc/arm-none-eabi/10.3.1/../../../../arm-none-eabi/lib/thumb/v6-m/nofp/libc.a(lib_a-stdio.o)
 .ARM.attributes
                0x00000000000005d8       0x2c /home/tulip/gcc-arm-none-eabi-10.3-2021.10-x86_64-linux/gcc-arm-none-eabi-10.3-2021.10/bin/../lib/gcc/arm-none-eabi/10.3.1/../../../../arm-none-eabi/lib/thumb/v6-m/nofp/libc.a(lib_a-strlen-stub.o)
 .ARM.attributes
                0x0000000000000604       0x2c /home/tulip/gcc-arm-none-eabi-10.3-2021.10-x86_64-linux/gcc-arm-none-eabi-10.3-2021.10/bin/../lib/gcc/arm-none-eabi/10.3.1/../../../../arm-none-eabi/lib/thumb/v6-m/nofp/libc.a(lib_a-strncpy.o)
 .ARM.attributes
                0x0000000000000630       0x2c /home/tulip/gcc-arm-none-eabi-10.3-2021.10-x86_64-linux/gcc-arm-none-eabi-10.3-2021.10/bin/../lib/gcc/arm-none-eabi/10.3.1/../../../../arm-none-eabi/lib/thumb/v6-m/nofp/libc.a(lib_a-svfiprintf.o)
 .ARM.attributes
                0x000000000000065c       0x2c /home/tulip/gcc-arm-none-eabi-10.3-2021.10-x86_64-linux/gcc-arm-none-eabi-10.3-2021.10/bin/../lib/gcc/arm-none-eabi/10.3.1/../../../../arm-none-eabi/lib/thumb/v6-m/nofp/libc.a(lib_a-vfiprintf.o)
 .ARM.attributes
                0x0000000000000688       0x2c /home/tulip/gcc-arm-none-eabi-10.3-2021.10-x86_64-linux/gcc-arm-none-eabi-10.3-2021.10/bin/../lib/gcc/arm-none-eabi/10.3.1/../../../../arm-none-eabi/lib/thumb/v6-m/nofp/libc.a(lib_a-wbuf.o)
 .ARM.attributes
                0x00000000000006b4       0x2c /home/tulip/gcc-arm-none-eabi-10.3-2021.10-x86_64-linux/gcc-arm-none-eabi-10.3-2021.10/bin/../lib/gcc/arm-none-eabi/10.3.1/../../../../arm-none-eabi/lib/thumb/v6-m/nofp/libc.a(lib_a-writer.o)
 .ARM.attributes
                0x00000000000006e0       0x2c /home/tulip/gcc-arm-none-eabi-10.3-2021.10-x86_64-linux/gcc-arm-none-eabi-10.3-2021.10/bin/../lib/gcc/arm-none-eabi/10.3.1/../../../../arm-none-eabi/lib/thumb/v6-m/nofp/libc.a(lib_a-assert.o)
 .ARM.attributes
                0x000000000000070c       0x2c /home/tulip/gcc-arm-none-eabi-10.3-2021.10-x86_64-linux/gcc-arm-none-eabi-10.3-2021.10/bin/../lib/gcc/arm-none-eabi/10.3.1/../../../../arm-none-eabi/lib/thumb/v6-m/nofp/libc.a(lib_a-callocr.o)
 .ARM.attributes
                0x0000000000000738       0x2c /home/tulip/gcc-arm-none-eabi-10.3-2021.10-x86_64-linux/gcc-arm-none-eabi-10.3-2021.10/bin/../lib/gcc/arm-none-eabi/10.3.1/../../../../arm-none-eabi/lib/thumb/v6-m/nofp/libc.a(lib_a-closer.o)
 .ARM.attributes
                0x0000000000000764       0x2c /home/tulip/gcc-arm-none-eabi-10.3-2021.10-x86_64-linux/gcc-arm-none-eabi-10.3-2021.10/bin/../lib/gcc/arm-none-eabi/10.3.1/../../../../arm-none-eabi/lib/thumb/v6-m/nofp/libc.a(lib_a-errno.o)
 .ARM.attributes
                0x0000000000000790       0x2c /home/tulip/gcc-arm-none-eabi-10.3-2021.10-x86_64-linux/gcc-arm-none-eabi-10.3-2021.10/bin/../lib/gcc/arm-none-eabi/10.3.1/../../../../arm-none-eabi/lib/thumb/v6-m/nofp/libc.a(lib_a-fclose.o)
 .ARM.attributes
                0x00000000000007bc       0x2c /home/tulip/gcc-arm-none-eabi-10.3-2021.10-x86_64-linux/gcc-arm-none-eabi-10.3-2021.10/bin/../lib/gcc/arm-none-eabi/10.3.1/../../../../arm-none-eabi/lib/thumb/v6-m/nofp/libc.a(lib_a-fiprintf.o)
 .ARM.attributes
                0x00000000000007e8       0x2c /home/tulip/gcc-arm-none-eabi-10.3-2021.10-x86_64-linux/gcc-arm-none-eabi-10.3-2021.10/bin/../lib/gcc/arm-none-eabi/10.3.1/../../../../arm-none-eabi/lib/thumb/v6-m/nofp/libc.a(lib_a-fputwc.o)
 .ARM.attributes
                0x0000000000000814       0x2c /home/tulip/gcc-arm-none-eabi-10.3-2021.10-x86_64-linux/gcc-arm-none-eabi-10.3-2021.10/bin/../lib/gcc/arm-none-eabi/10.3.1/../../../../arm-none-eabi/lib/thumb/v6-m/nofp/libc.a(lib_a-fstatr.o)
 .ARM.attributes
                0x0000000000000840       0x2c /home/tulip/gcc-arm-none-eabi-10.3-2021.10-x86_64-linux/gcc-arm-none-eabi-10.3-2021.10/bin/../lib/gcc/arm-none-eabi/10.3.1/../../../../arm-none-eabi/lib/thumb/v6-m/nofp/libc.a(lib_a-fvwrite.o)
 .ARM.attributes
                0x000000000000086c       0x2c /home/tulip/gcc-arm-none-eabi-10.3-2021.10-x86_64-linux/gcc-arm-none-eabi-10.3-2021.10/bin/../lib/gcc/arm-none-eabi/10.3.1/../../../../arm-none-eabi/lib/thumb/v6-m/nofp/libc.a(lib_a-isattyr.o)
 .ARM.attributes
                0x0000000000000898       0x2c /home/tulip/gcc-arm-none-eabi-10.3-2021.10-x86_64-linux/gcc-arm-none-eabi-10.3-2021.10/bin/../lib/gcc/arm-none-eabi/10.3.1/../../../../arm-none-eabi/lib/thumb/v6-m/nofp/libc.a(lib_a-locale.o)
 .ARM.attributes
                0x00000000000008c4       0x2c /home/tulip/gcc-arm-none-eabi-10.3-2021.10-x86_64-linux/gcc-arm-none-eabi-10.3-2021.10/bin/../lib/gcc/arm-none-eabi/10.3.1/../../../../arm-none-eabi/lib/thumb/v6-m/nofp/libc.a(lib_a-lseekr.o)
 .ARM.attributes
                0x00000000000008f0       0x2c /home/tulip/gcc-arm-none-eabi-10.3-2021.10-x86_64-linux/gcc-arm-none-eabi-10.3-2021.10/bin/../lib/gcc/arm-none-eabi/10.3.1/../../../../arm-none-eabi/lib/thumb/v6-m/nofp/libc.a(lib_a-mbtowc_r.o)
 .ARM.attributes
                0x000000000000091c       0x2c /home/tulip/gcc-arm-none-eabi-10.3-2021.10-x86_64-linux/gcc-arm-none-eabi-10.3-2021.10/bin/../lib/gcc/arm-none-eabi/10.3.1/../../../../arm-none-eabi/lib/thumb/v6-m/nofp/libc.a(lib_a-memmove.o)
 .ARM.attributes
                0x0000000000000948       0x2c /home/tulip/gcc-arm-none-eabi-10.3-2021.10-x86_64-linux/gcc-arm-none-eabi-10.3-2021.10/bin/../lib/gcc/arm-none-eabi/10.3.1/../../../../arm-none-eabi/lib/thumb/v6-m/nofp/libc.a(lib_a-readr.o)
 .ARM.attributes
                0x0000000000000974       0x2c /home/tulip/gcc-arm-none-eabi-10.3-2021.10-x86_64-linux/gcc-arm-none-eabi-10.3-2021.10/bin/../lib/gcc/arm-none-eabi/10.3.1/../../../../arm-none-eabi/lib/thumb/v6-m/nofp/libc.a(lib_a-reallocr.o)
 .ARM.attributes
                0x00000000000009a0       0x2c /home/tulip/gcc-arm-none-eabi-10.3-2021.10-x86_64-linux/gcc-arm-none-eabi-10.3-2021.10/bin/../lib/gcc/arm-none-eabi/10.3.1/../../../../arm-none-eabi/lib/thumb/v6-m/nofp/libc.a(lib_a-wcrtomb.o)
 .ARM.attributes
                0x00000000000009cc       0x2c /home/tulip/gcc-arm-none-eabi-10.3-2021.10-x86_64-linux/gcc-arm-none-eabi-10.3-2021.10/bin/../lib/gcc/arm-none-eabi/10.3.1/../../../../arm-none-eabi/lib/thumb/v6-m/nofp/libc.a(lib_a-wctomb_r.o)
 .ARM.attributes
                0x00000000000009f8       0x2c /home/tulip/gcc-arm-none-eabi-10.3-2021.10-x86_64-linux/gcc-arm-none-eabi-10.3-2021.10/bin/../lib/gcc/arm-none-eabi/10.3.1/../../../../arm-none-eabi/lib/thumb/v6-m/nofp/libc.a(lib_a-abort.o)
 .ARM.attributes
                0x0000000000000a24       0x2c /home/tulip/gcc-arm-none-eabi-10.3-2021.10-x86_64-linux/gcc-arm-none-eabi-10.3-2021.10/bin/../lib/gcc/arm-none-eabi/10.3.1/../../../../arm-none-eabi/lib/thumb/v6-m/nofp/libc.a(lib_a-ctype_.o)
 .ARM.attributes
                0x0000000000000a50       0x2c /home/tulip/gcc-arm-none-eabi-10.3-2021.10-x86_64-linux/gcc-arm-none-eabi-10.3-2021.10/bin/../lib/gcc/arm-none-eabi/10.3.1/../../../../arm-none-eabi/lib/thumb/v6-m/nofp/libc.a(lib_a-signal.o)
 .ARM.attributes
                0x0000000000000a7c       0x2c /home/tulip/gcc-arm-none-eabi-10.3-2021.10-x86_64-linux/gcc-arm-none-eabi-10.3-2021.10/bin/../lib/gcc/arm-none-eabi/10.3.1/../../../../arm-none-eabi/lib/thumb/v6-m/nofp/libc.a(lib_a-signalr.o)
 .ARM.attributes
                0x0000000000000aa8       0x1e /home/tulip/gcc-arm-none-eabi-10.3-2021.10-x86_64-linux/gcc-arm-none-eabi-10.3-2021.10/bin/../lib/gcc/arm-none-eabi/10.3.1/thumb/v6-m/nofp/libgcc.a(_udivsi3.o)
 .ARM.attributes
                0x0000000000000ac6       0x1e /home/tulip/gcc-arm-none-eabi-10.3-2021.10-x86_64-linux/gcc-arm-none-eabi-10.3-2021.10/bin/../lib/gcc/arm-none-eabi/10.3.1/thumb/v6-m/nofp/libgcc.a(_divsi3.o)
 .ARM.attributes
                0x0000000000000ae4       0x1e /home/tulip/gcc-arm-none-eabi-10.3-2021.10-x86_64-linux/gcc-arm-none-eabi-10.3-2021.10/bin/../lib/gcc/arm-none-eabi/10.3.1/thumb/v6-m/nofp/libgcc.a(_dvmd_tls.o)
 .ARM.attributes
                0x0000000000000b02       0x1e /home/tulip/gcc-arm-none-eabi-10.3-2021.10-x86_64-linux/gcc-arm-none-eabi-10.3-2021.10/bin/../lib/gcc/arm-none-eabi/10.3.1/thumb/v6-m/nofp/libgcc.a(_arm_cmpdf2.o)
 .ARM.attributes
                0x0000000000000b20       0x1e /home/tulip/gcc-arm-none-eabi-10.3-2021.10-x86_64-linux/gcc-arm-none-eabi-10.3-2021.10/bin/../lib/gcc/arm-none-eabi/10.3.1/thumb/v6-m/nofp/libgcc.a(_aeabi_uldivmod.o)
 .ARM.attributes
                0x0000000000000b3e       0x2c /home/tulip/gcc-arm-none-eabi-10.3-2021.10-x86_64-linux/gcc-arm-none-eabi-10.3-2021.10/bin/../lib/gcc/arm-none-eabi/10.3.1/thumb/v6-m/nofp/libgcc.a(_udivmoddi4.o)
 .ARM.attributes
                0x0000000000000b6a       0x2c /home/tulip/gcc-arm-none-eabi-10.3-2021.10-x86_64-linux/gcc-arm-none-eabi-10.3-2021.10/bin/../lib/gcc/arm-none-eabi/10.3.1/thumb/v6-m/nofp/libgcc.a(adddf3.o)
 .ARM.attributes
                0x0000000000000b96       0x2c /home/tulip/gcc-arm-none-eabi-10.3-2021.10-x86_64-linux/gcc-arm-none-eabi-10.3-2021.10/bin/../lib/gcc/arm-none-eabi/10.3.1/thumb/v6-m/nofp/libgcc.a(divdf3.o)
 .ARM.attributes
                0x0000000000000bc2       0x2c /home/tulip/gcc-arm-none-eabi-10.3-2021.10-x86_64-linux/gcc-arm-none-eabi-10.3-2021.10/bin/../lib/gcc/arm-none-eabi/10.3.1/thumb/v6-m/nofp/libgcc.a(eqdf2.o)
 .ARM.attributes
                0x0000000000000bee       0x2c /home/tulip/gcc-arm-none-eabi-10.3-2021.10-x86_64-linux/gcc-arm-none-eabi-10.3-2021.10/bin/../lib/gcc/arm-none-eabi/10.3.1/thumb/v6-m/nofp/libgcc.a(gedf2.o)
 .ARM.attributes
                0x0000000000000c1a       0x2c /home/tulip/gcc-arm-none-eabi-10.3-2021.10-x86_64-linux/gcc-arm-none-eabi-10.3-2021.10/bin/../lib/gcc/arm-none-eabi/10.3.1/thumb/v6-m/nofp/libgcc.a(ledf2.o)
 .ARM.attributes
                0x0000000000000c46       0x2c /home/tulip/gcc-arm-none-eabi-10.3-2021.10-x86_64-linux/gcc-arm-none-eabi-10.3-2021.10/bin/../lib/gcc/arm-none-eabi/10.3.1/thumb/v6-m/nofp/libgcc.a(muldf3.o)
 .ARM.attributes
                0x0000000000000c72       0x2c /home/tulip/gcc-arm-none-eabi-10.3-2021.10-x86_64-linux/gcc-arm-none-eabi-10.3-2021.10/bin/../lib/gcc/arm-none-eabi/10.3.1/thumb/v6-m/nofp/libgcc.a(subdf3.o)
 .ARM.attributes
                0x0000000000000c9e       0x2c /home/tulip/gcc-arm-none-eabi-10.3-2021.10-x86_64-linux/gcc-arm-none-eabi-10.3-2021.10/bin/../lib/gcc/arm-none-eabi/10.3.1/thumb/v6-m/nofp/libgcc.a(unorddf2.o)
 .ARM.attributes
                0x0000000000000cca       0x2c /home/tulip/gcc-arm-none-eabi-10.3-2021.10-x86_64-linux/gcc-arm-none-eabi-10.3-2021.10/bin/../lib/gcc/arm-none-eabi/10.3.1/thumb/v6-m/nofp/libgcc.a(fixdfsi.o)
 .ARM.attributes
                0x0000000000000cf6       0x2c /home/tulip/gcc-arm-none-eabi-10.3-2021.10-x86_64-linux/gcc-arm-none-eabi-10.3-2021.10/bin/../lib/gcc/arm-none-eabi/10.3.1/thumb/v6-m/nofp/libgcc.a(floatsidf.o)
 .ARM.attributes
                0x0000000000000d22       0x2c /home/tulip/gcc-arm-none-eabi-10.3-2021.10-x86_64-linux/gcc-arm-none-eabi-10.3-2021.10/bin/../lib/gcc/arm-none-eabi/10.3.1/thumb/v6-m/nofp/libgcc.a(floatunsidf.o)
 .ARM.attributes
                0x0000000000000d4e       0x1e /home/tulip/gcc-arm-none-eabi-10.3-2021.10-x86_64-linux/gcc-arm-none-eabi-10.3-2021.10/bin/../lib/gcc/arm-none-eabi/10.3.1/thumb/v6-m/nofp/libgcc.a(_clzsi2.o)
 .ARM.attributes
                0x0000000000000d6c       0x1e /home/tulip/gcc-arm-none-eabi-10.3-2021.10-x86_64-linux/gcc-arm-none-eabi-10.3-2021.10/bin/../lib/gcc/arm-none-eabi/10.3.1/thumb/v6-m/nofp/libgcc.a(_clzdi2.o)

.debug_frame    0x0000000000000000     0x1898
 .debug_frame   0x0000000000000000       0x60 build/ble_phy.o
 .debug_frame   0x0000000000000060      0x12c build/ble_print.o
 .debug_frame   0x000000000000018c       0x38 build/leds.o
 .debug_frame   0x00000000000001c4       0x68 build/Main.o
 .debug_frame   0x000000000000022c       0x38 build/startup.o
 .debug_frame   0x0000000000000264       0xc4 build/stdlib_impl.o
 .debug_frame   0x0000000000000328       0x30 build/uart.o
 .debug_frame   0x0000000000000358       0x2c /home/tulip/gcc-arm-none-eabi-10.3-2021.10-x86_64-linux/gcc-arm-none-eabi-10.3-2021.10/bin/../lib/gcc/arm-none-eabi/10.3.1/../../../../arm-none-eabi/lib/thumb/v6-m/nofp/libc.a(lib_a-memcmp.o)
 .debug_frame   0x0000000000000384       0x34 /home/tulip/gcc-arm-none-eabi-10.3-2021.10-x86_64-linux/gcc-arm-none-eabi-10.3-2021.10/bin/../lib/gcc/arm-none-eabi/10.3.1/../../../../arm-none-eabi/lib/thumb/v6-m/nofp/libc.a(lib_a-memcpy-stub.o)
 .debug_frame   0x00000000000003b8       0x30 /home/tulip/gcc-arm-none-eabi-10.3-2021.10-x86_64-linux/gcc-arm-none-eabi-10.3-2021.10/bin/../lib/gcc/arm-none-eabi/10.3.1/../../../../arm-none-eabi/lib/thumb/v6-m/nofp/libc.a(lib_a-memset.o)
 .debug_frame   0x00000000000003e8       0x48 /home/tulip/gcc-arm-none-eabi-10.3-2021.10-x86_64-linux/gcc-arm-none-eabi-10.3-2021.10/bin/../lib/gcc/arm-none-eabi/10.3.1/../../../../arm-none-eabi/lib/thumb/v6-m/nofp/libc.a(lib_a-printf.o)
 .debug_frame   0x0000000000000430       0x40 /home/tulip/gcc-arm-none-eabi-10.3-2021.10-x86_64-linux/gcc-arm-none-eabi-10.3-2021.10/bin/../lib/gcc/arm-none-eabi/10.3.1/../../../../arm-none-eabi/lib/thumb/v6-m/nofp/libc.a(lib_a-putchar.o)
 .debug_frame   0x0000000000000470       0x50 /home/tulip/gcc-arm-none-eabi-10.3-2021.10-x86_64-linux/gcc-arm-none-eabi-10.3-2021.10/bin/../lib/gcc/arm-none-eabi/10.3.1/../../../../arm-none-eabi/lib/thumb/v6-m/nofp/libc.a(lib_a-reent.o)
 .debug_frame   0x00000000000004c0       0x48 /home/tulip/gcc-arm-none-eabi-10.3-2021.10-x86_64-linux/gcc-arm-none-eabi-10.3-2021.10/bin/../lib/gcc/arm-none-eabi/10.3.1/../../../../arm-none-eabi/lib/thumb/v6-m/nofp/libc.a(lib_a-sprintf.o)
 .debug_frame   0x0000000000000508       0x3c /home/tulip/gcc-arm-none-eabi-10.3-2021.10-x86_64-linux/gcc-arm-none-eabi-10.3-2021.10/bin/../lib/gcc/arm-none-eabi/10.3.1/../../../../arm-none-eabi/lib/thumb/v6-m/nofp/libc.a(lib_a-svfprintf.o)
 .debug_frame   0x0000000000000544       0x78 /home/tulip/gcc-arm-none-eabi-10.3-2021.10-x86_64-linux/gcc-arm-none-eabi-10.3-2021.10/bin/../lib/gcc/arm-none-eabi/10.3.1/../../../../arm-none-eabi/lib/thumb/v6-m/nofp/libc.a(lib_a-vfprintf.o)
 .debug_frame   0x00000000000005bc       0x2c /home/tulip/gcc-arm-none-eabi-10.3-2021.10-x86_64-linux/gcc-arm-none-eabi-10.3-2021.10/bin/../lib/gcc/arm-none-eabi/10.3.1/../../../../arm-none-eabi/lib/thumb/v6-m/nofp/libc.a(lib_a-wsetup.o)
 .debug_frame   0x00000000000005e8       0x68 /home/tulip/gcc-arm-none-eabi-10.3-2021.10-x86_64-linux/gcc-arm-none-eabi-10.3-2021.10/bin/../lib/gcc/arm-none-eabi/10.3.1/../../../../arm-none-eabi/lib/thumb/v6-m/nofp/libc.a(lib_a-dtoa.o)
 .debug_frame   0x0000000000000650       0x6c /home/tulip/gcc-arm-none-eabi-10.3-2021.10-x86_64-linux/gcc-arm-none-eabi-10.3-2021.10/bin/../lib/gcc/arm-none-eabi/10.3.1/../../../../arm-none-eabi/lib/thumb/v6-m/nofp/libc.a(lib_a-fflush.o)
 .debug_frame   0x00000000000006bc      0x170 /home/tulip/gcc-arm-none-eabi-10.3-2021.10-x86_64-linux/gcc-arm-none-eabi-10.3-2021.10/bin/../lib/gcc/arm-none-eabi/10.3.1/../../../../arm-none-eabi/lib/thumb/v6-m/nofp/libc.a(lib_a-findfp.o)
 .debug_frame   0x000000000000082c       0x54 /home/tulip/gcc-arm-none-eabi-10.3-2021.10-x86_64-linux/gcc-arm-none-eabi-10.3-2021.10/bin/../lib/gcc/arm-none-eabi/10.3.1/../../../../arm-none-eabi/lib/thumb/v6-m/nofp/libc.a(lib_a-freer.o)
 .debug_frame   0x0000000000000880       0x5c /home/tulip/gcc-arm-none-eabi-10.3-2021.10-x86_64-linux/gcc-arm-none-eabi-10.3-2021.10/bin/../lib/gcc/arm-none-eabi/10.3.1/../../../../arm-none-eabi/lib/thumb/v6-m/nofp/libc.a(lib_a-fwalk.o)
 .debug_frame   0x00000000000008dc       0x40 /home/tulip/gcc-arm-none-eabi-10.3-2021.10-x86_64-linux/gcc-arm-none-eabi-10.3-2021.10/bin/../lib/gcc/arm-none-eabi/10.3.1/../../../../arm-none-eabi/lib/thumb/v6-m/nofp/libc.a(lib_a-localeconv.o)
 .debug_frame   0x000000000000091c       0xb0 /home/tulip/gcc-arm-none-eabi-10.3-2021.10-x86_64-linux/gcc-arm-none-eabi-10.3-2021.10/bin/../lib/gcc/arm-none-eabi/10.3.1/../../../../arm-none-eabi/lib/thumb/v6-m/nofp/libc.a(lib_a-lock.o)
 .debug_frame   0x00000000000009cc       0x58 /home/tulip/gcc-arm-none-eabi-10.3-2021.10-x86_64-linux/gcc-arm-none-eabi-10.3-2021.10/bin/../lib/gcc/arm-none-eabi/10.3.1/../../../../arm-none-eabi/lib/thumb/v6-m/nofp/libc.a(lib_a-makebuf.o)
 .debug_frame   0x0000000000000a24       0x3c /home/tulip/gcc-arm-none-eabi-10.3-2021.10-x86_64-linux/gcc-arm-none-eabi-10.3-2021.10/bin/../lib/gcc/arm-none-eabi/10.3.1/../../../../arm-none-eabi/lib/thumb/v6-m/nofp/libc.a(lib_a-mallocr.o)
 .debug_frame   0x0000000000000a60       0x2c /home/tulip/gcc-arm-none-eabi-10.3-2021.10-x86_64-linux/gcc-arm-none-eabi-10.3-2021.10/bin/../lib/gcc/arm-none-eabi/10.3.1/../../../../arm-none-eabi/lib/thumb/v6-m/nofp/libc.a(lib_a-memchr-stub.o)
 .debug_frame   0x0000000000000a8c       0x40 /home/tulip/gcc-arm-none-eabi-10.3-2021.10-x86_64-linux/gcc-arm-none-eabi-10.3-2021.10/bin/../lib/gcc/arm-none-eabi/10.3.1/../../../../arm-none-eabi/lib/thumb/v6-m/nofp/libc.a(lib_a-mlock.o)
 .debug_frame   0x0000000000000acc      0x258 /home/tulip/gcc-arm-none-eabi-10.3-2021.10-x86_64-linux/gcc-arm-none-eabi-10.3-2021.10/bin/../lib/gcc/arm-none-eabi/10.3.1/../../../../arm-none-eabi/lib/thumb/v6-m/nofp/libc.a(lib_a-mprec.o)
 .debug_frame   0x0000000000000d24       0x48 /home/tulip/gcc-arm-none-eabi-10.3-2021.10-x86_64-linux/gcc-arm-none-eabi-10.3-2021.10/bin/../lib/gcc/arm-none-eabi/10.3.1/../../../../arm-none-eabi/lib/thumb/v6-m/nofp/libc.a(lib_a-putc.o)
 .debug_frame   0x0000000000000d6c       0x2c /home/tulip/gcc-arm-none-eabi-10.3-2021.10-x86_64-linux/gcc-arm-none-eabi-10.3-2021.10/bin/../lib/gcc/arm-none-eabi/10.3.1/../../../../arm-none-eabi/lib/thumb/v6-m/nofp/libc.a(lib_a-s_frexp.o)
 .debug_frame   0x0000000000000d98       0x2c /home/tulip/gcc-arm-none-eabi-10.3-2021.10-x86_64-linux/gcc-arm-none-eabi-10.3-2021.10/bin/../lib/gcc/arm-none-eabi/10.3.1/../../../../arm-none-eabi/lib/thumb/v6-m/nofp/libc.a(lib_a-sbrkr.o)
 .debug_frame   0x0000000000000dc4       0x90 /home/tulip/gcc-arm-none-eabi-10.3-2021.10-x86_64-linux/gcc-arm-none-eabi-10.3-2021.10/bin/../lib/gcc/arm-none-eabi/10.3.1/../../../../arm-none-eabi/lib/thumb/v6-m/nofp/libc.a(lib_a-stdio.o)
 .debug_frame   0x0000000000000e54       0x28 /home/tulip/gcc-arm-none-eabi-10.3-2021.10-x86_64-linux/gcc-arm-none-eabi-10.3-2021.10/bin/../lib/gcc/arm-none-eabi/10.3.1/../../../../arm-none-eabi/lib/thumb/v6-m/nofp/libc.a(lib_a-strlen-stub.o)
 .debug_frame   0x0000000000000e7c       0x30 /home/tulip/gcc-arm-none-eabi-10.3-2021.10-x86_64-linux/gcc-arm-none-eabi-10.3-2021.10/bin/../lib/gcc/arm-none-eabi/10.3.1/../../../../arm-none-eabi/lib/thumb/v6-m/nofp/libc.a(lib_a-strncpy.o)
 .debug_frame   0x0000000000000eac       0x68 /home/tulip/gcc-arm-none-eabi-10.3-2021.10-x86_64-linux/gcc-arm-none-eabi-10.3-2021.10/bin/../lib/gcc/arm-none-eabi/10.3.1/../../../../arm-none-eabi/lib/thumb/v6-m/nofp/libc.a(lib_a-svfiprintf.o)
 .debug_frame   0x0000000000000f14       0xbc /home/tulip/gcc-arm-none-eabi-10.3-2021.10-x86_64-linux/gcc-arm-none-eabi-10.3-2021.10/bin/../lib/gcc/arm-none-eabi/10.3.1/../../../../arm-none-eabi/lib/thumb/v6-m/nofp/libc.a(lib_a-vfiprintf.o)
 .debug_frame   0x0000000000000fd0       0x48 /home/tulip/gcc-arm-none-eabi-10.3-2021.10-x86_64-linux/gcc-arm-none-eabi-10.3-2021.10/bin/../lib/gcc/arm-none-eabi/10.3.1/../../../../arm-none-eabi/lib/thumb/v6-m/nofp/libc.a(lib_a-wbuf.o)
 .debug_frame   0x0000000000001018       0x2c /home/tulip/gcc-arm-none-eabi-10.3-2021.10-x86_64-linux/gcc-arm-none-eabi-10.3-2021.10/bin/../lib/gcc/arm-none-eabi/10.3.1/../../../../arm-none-eabi/lib/thumb/v6-m/nofp/libc.a(lib_a-writer.o)
 .debug_frame   0x0000000000001044       0x44 /home/tulip/gcc-arm-none-eabi-10.3-2021.10-x86_64-linux/gcc-arm-none-eabi-10.3-2021.10/bin/../lib/gcc/arm-none-eabi/10.3.1/../../../../arm-none-eabi/lib/thumb/v6-m/nofp/libc.a(lib_a-assert.o)
 .debug_frame   0x0000000000001088       0x2c /home/tulip/gcc-arm-none-eabi-10.3-2021.10-x86_64-linux/gcc-arm-none-eabi-10.3-2021.10/bin/../lib/gcc/arm-none-eabi/10.3.1/../../../../arm-none-eabi/lib/thumb/v6-m/nofp/libc.a(lib_a-callocr.o)
 .debug_frame   0x00000000000010b4       0x2c /home/tulip/gcc-arm-none-eabi-10.3-2021.10-x86_64-linux/gcc-arm-none-eabi-10.3-2021.10/bin/../lib/gcc/arm-none-eabi/10.3.1/../../../../arm-none-eabi/lib/thumb/v6-m/nofp/libc.a(lib_a-closer.o)
 .debug_frame   0x00000000000010e0       0x20 /home/tulip/gcc-arm-none-eabi-10.3-2021.10-x86_64-linux/gcc-arm-none-eabi-10.3-2021.10/bin/../lib/gcc/arm-none-eabi/10.3.1/../../../../arm-none-eabi/lib/thumb/v6-m/nofp/libc.a(lib_a-errno.o)
 .debug_frame   0x0000000000001100       0x48 /home/tulip/gcc-arm-none-eabi-10.3-2021.10-x86_64-linux/gcc-arm-none-eabi-10.3-2021.10/bin/../lib/gcc/arm-none-eabi/10.3.1/../../../../arm-none-eabi/lib/thumb/v6-m/nofp/libc.a(lib_a-fclose.o)
 .debug_frame   0x0000000000001148       0x48 /home/tulip/gcc-arm-none-eabi-10.3-2021.10-x86_64-linux/gcc-arm-none-eabi-10.3-2021.10/bin/../lib/gcc/arm-none-eabi/10.3.1/../../../../arm-none-eabi/lib/thumb/v6-m/nofp/libc.a(lib_a-fiprintf.o)
 .debug_frame   0x0000000000001190       0x70 /home/tulip/gcc-arm-none-eabi-10.3-2021.10-x86_64-linux/gcc-arm-none-eabi-10.3-2021.10/bin/../lib/gcc/arm-none-eabi/10.3.1/../../../../arm-none-eabi/lib/thumb/v6-m/nofp/libc.a(lib_a-fputwc.o)
 .debug_frame   0x0000000000001200       0x2c /home/tulip/gcc-arm-none-eabi-10.3-2021.10-x86_64-linux/gcc-arm-none-eabi-10.3-2021.10/bin/../lib/gcc/arm-none-eabi/10.3.1/../../../../arm-none-eabi/lib/thumb/v6-m/nofp/libc.a(lib_a-fstatr.o)
 .debug_frame   0x000000000000122c       0x3c /home/tulip/gcc-arm-none-eabi-10.3-2021.10-x86_64-linux/gcc-arm-none-eabi-10.3-2021.10/bin/../lib/gcc/arm-none-eabi/10.3.1/../../../../arm-none-eabi/lib/thumb/v6-m/nofp/libc.a(lib_a-fvwrite.o)
 .debug_frame   0x0000000000001268       0x2c /home/tulip/gcc-arm-none-eabi-10.3-2021.10-x86_64-linux/gcc-arm-none-eabi-10.3-2021.10/bin/../lib/gcc/arm-none-eabi/10.3.1/../../../../arm-none-eabi/lib/thumb/v6-m/nofp/libc.a(lib_a-isattyr.o)
 .debug_frame   0x0000000000001294       0x58 /home/tulip/gcc-arm-none-eabi-10.3-2021.10-x86_64-linux/gcc-arm-none-eabi-10.3-2021.10/bin/../lib/gcc/arm-none-eabi/10.3.1/../../../../arm-none-eabi/lib/thumb/v6-m/nofp/libc.a(lib_a-locale.o)
 .debug_frame   0x00000000000012ec       0x2c /home/tulip/gcc-arm-none-eabi-10.3-2021.10-x86_64-linux/gcc-arm-none-eabi-10.3-2021.10/bin/../lib/gcc/arm-none-eabi/10.3.1/../../../../arm-none-eabi/lib/thumb/v6-m/nofp/libc.a(lib_a-lseekr.o)
 .debug_frame   0x0000000000001318       0x40 /home/tulip/gcc-arm-none-eabi-10.3-2021.10-x86_64-linux/gcc-arm-none-eabi-10.3-2021.10/bin/../lib/gcc/arm-none-eabi/10.3.1/../../../../arm-none-eabi/lib/thumb/v6-m/nofp/libc.a(lib_a-mbtowc_r.o)
 .debug_frame   0x0000000000001358       0x30 /home/tulip/gcc-arm-none-eabi-10.3-2021.10-x86_64-linux/gcc-arm-none-eabi-10.3-2021.10/bin/../lib/gcc/arm-none-eabi/10.3.1/../../../../arm-none-eabi/lib/thumb/v6-m/nofp/libc.a(lib_a-memmove.o)
 .debug_frame   0x0000000000001388       0x2c /home/tulip/gcc-arm-none-eabi-10.3-2021.10-x86_64-linux/gcc-arm-none-eabi-10.3-2021.10/bin/../lib/gcc/arm-none-eabi/10.3.1/../../../../arm-none-eabi/lib/thumb/v6-m/nofp/libc.a(lib_a-readr.o)
 .debug_frame   0x00000000000013b4       0x3c /home/tulip/gcc-arm-none-eabi-10.3-2021.10-x86_64-linux/gcc-arm-none-eabi-10.3-2021.10/bin/../lib/gcc/arm-none-eabi/10.3.1/../../../../arm-none-eabi/lib/thumb/v6-m/nofp/libc.a(lib_a-reallocr.o)
 .debug_frame   0x00000000000013f0       0x50 /home/tulip/gcc-arm-none-eabi-10.3-2021.10-x86_64-linux/gcc-arm-none-eabi-10.3-2021.10/bin/../lib/gcc/arm-none-eabi/10.3.1/../../../../arm-none-eabi/lib/thumb/v6-m/nofp/libc.a(lib_a-wcrtomb.o)
 .debug_frame   0x0000000000001440       0x3c /home/tulip/gcc-arm-none-eabi-10.3-2021.10-x86_64-linux/gcc-arm-none-eabi-10.3-2021.10/bin/../lib/gcc/arm-none-eabi/10.3.1/../../../../arm-none-eabi/lib/thumb/v6-m/nofp/libc.a(lib_a-wctomb_r.o)
 .debug_frame   0x000000000000147c       0x28 /home/tulip/gcc-arm-none-eabi-10.3-2021.10-x86_64-linux/gcc-arm-none-eabi-10.3-2021.10/bin/../lib/gcc/arm-none-eabi/10.3.1/../../../../arm-none-eabi/lib/thumb/v6-m/nofp/libc.a(lib_a-abort.o)
 .debug_frame   0x00000000000014a4       0xfc /home/tulip/gcc-arm-none-eabi-10.3-2021.10-x86_64-linux/gcc-arm-none-eabi-10.3-2021.10/bin/../lib/gcc/arm-none-eabi/10.3.1/../../../../arm-none-eabi/lib/thumb/v6-m/nofp/libc.a(lib_a-signal.o)
 .debug_frame   0x00000000000015a0       0x44 /home/tulip/gcc-arm-none-eabi-10.3-2021.10-x86_64-linux/gcc-arm-none-eabi-10.3-2021.10/bin/../lib/gcc/arm-none-eabi/10.3.1/../../../../arm-none-eabi/lib/thumb/v6-m/nofp/libc.a(lib_a-signalr.o)
 .debug_frame   0x00000000000015e4       0x20 /home/tulip/gcc-arm-none-eabi-10.3-2021.10-x86_64-linux/gcc-arm-none-eabi-10.3-2021.10/bin/../lib/gcc/arm-none-eabi/10.3.1/thumb/v6-m/nofp/libgcc.a(_udivsi3.o)
 .debug_frame   0x0000000000001604       0x20 /home/tulip/gcc-arm-none-eabi-10.3-2021.10-x86_64-linux/gcc-arm-none-eabi-10.3-2021.10/bin/../lib/gcc/arm-none-eabi/10.3.1/thumb/v6-m/nofp/libgcc.a(_divsi3.o)