Archive member included to satisfy reference by file (symbol)

/home/tulip/gcc-arm-none-eabi-10.3-2021.10-x86_64-linux/gcc-arm-none-eabi-10.3-2021.10/bin/../lib/gcc/arm-none-eabi/10.3.1/../../../../arm-none-eabi/lib/thumb/v6-m/nofp/libc.a(lib_a-memcmp.o)
                              build/ble_print.o (memcmp)
/home/tulip/gcc-arm-none-eabi-10.3-2021.10-x86_64-linux/gcc-arm-none-eabi-10.3-2021.10/bin/../lib/gcc/arm-none-eabi/10.3.1/../../../../arm-none-eabi/lib/thumb/v6-m/nofp/libc.a(lib_a-memcpy-stub.o)
                              build/ble_print.o (memcpy)
/home/tulip/gcc-arm-none-eabi-10.3-2021.10-x86_64-linux/gcc-arm-none-eabi-10.3-2021.10/bin/../lib/gcc/arm-none-eabi/10.3.1/../../../../arm-none-eabi/lib/thumb/v6-m/nofp/libc.a(lib_a-memset.o)
                              build/startup.o (memset)
/home/tulip/gcc-arm-none-eabi-10.3-2021.10-x86_64-linux/gcc-arm-none-eabi-10.3-2021.10/bin/../lib/gcc/arm-none-eabi/10.3.1/../../../../arm-none-eabi/lib/thumb/v6-m/nofp/libc.a(lib_a-printf.o)
                              build/ble_phy.o (printf)
/home/tulip/gcc-arm-none-eabi-10.3-2021.10-x86_64-linux/gcc-arm-none-eabi-10.3-2021.10/bin/../lib/gcc/arm-none-eabi/10.3.1/../../../../arm-none-eabi/lib/thumb/v6-m/nofp/libc.a(lib_a-putchar.o)
                              build/ble_print.o (putchar)
/home/tulip/gcc-arm-none-eabi-10.3-2021.10-x86_64-linux/gcc-arm-none-eabi-10.3-2021.10/bin/../lib/gcc/arm-none-eabi/10.3.1/../../../../arm-none-eabi/lib/thumb/v6-m/nofp/libc.a(lib_a-reent.o)
                              build/stdlib_impl.o (errno)
/home/tulip/gcc-arm-none-eabi-10.3-2021.10-x86_64-linux/gcc-arm-none-eabi-10.3-2021.10/bin/../lib/gcc/arm-none-eabi/10.3.1/../../../../arm-none-eabi/lib/thumb/v6-m/nofp/libc.a(lib_a-sprintf.o)
                              build/ble_print.o (sprintf)
/home/tulip/gcc-arm-none-eabi-10.3-2021.10-x86_64-linux/gcc-arm-none-eabi-10.3-2021.10/bin/../lib/gcc/arm-none-eabi/10.3.1/../../../../arm-none-eabi/lib/thumb/v6-m/nofp/libc.a(lib_a-svfprintf.o)
                              /home/tulip/gcc-arm-none-eabi-10.3-2021.10-x86_64-linux/gcc-arm-none-eabi-10.3-2021.10/bin/../lib/gcc/arm-none-eabi/10.3.1/../../../../arm-none-eabi/lib/thumb/v6-m/nofp/libc.a(lib_a-sprintf.o) (_svfprintf_r)
/home/tulip/gcc-arm-none-eabi-10.3-2021.10-x86_64-linux/gcc-arm-none-eabi-10.3-2021.10/bin/../lib/gcc/arm-none-eabi/10.3.1/../../../../arm-none-eabi/lib/thumb/v6-m/nofp/libc.a(lib_a-vfprintf.o)
                              /home/tulip/gcc-arm-none-eabi-10.3-2021.10-x86_64-linux/gcc-arm-none-eabi-10.3-2021.10/bin/../lib/gcc/arm-none-eabi/10.3.1/../../../../arm-none-eabi/lib/thumb/v6-m/nofp/libc.a(lib_a-printf.o) (_vfprintf_r)
/home/tulip/gcc-arm-none-eabi-10.3-2021.10-x86_64-linux/gcc-arm-none-eabi-10.3-2021.10/bin/../lib/gcc/arm-none-eabi/10.3.1/../../../../arm-none-eabi/lib/thumb/v6-m/nofp/libc.a(lib_a-wsetup.o)
                              /home/tulip/gcc-arm-none-eabi-10.3-2021.10-x86_64-linux/gcc-arm-none-eabi-10.3-2021.10/bin/../lib/gcc/arm-none-eabi/10.3.1/../../../../arm-none-eabi/lib/thumb/v6-m/nofp/libc.a(lib_a-vfprintf.o) (__swsetup_r)
/home/tulip/gcc-arm-none-eabi-10.3-2021.10-x86_64-linux/gcc-arm-none-eabi-10.3-2021.10/bin/../lib/gcc/arm-none-eabi/10.3.1/../../../../arm-none-eabi/lib/thumb/v6-m/nofp/libc.a(lib_a-dtoa.o)
                              /home/tulip/gcc-arm-none-eabi-10.3-2021.10-x86_64-linux/gcc-arm-none-eabi-10.3-2021.10/bin/../lib/gcc/arm-none-eabi/10.3.1/../../../../arm-none-eabi/lib/thumb/v6-m/nofp/libc.a(lib_a-svfprintf.o) (_dtoa_r)
/home/tulip/gcc-arm-none-eabi-10.3-2021.10-x86_64-linux/gcc-arm-none-eabi-10.3-2021.10/bin/../lib/gcc/arm-none-eabi/10.3.1/../../../../arm-none-eabi/lib/thumb/v6-m/nofp/libc.a(lib_a-fflush.o)
                              /home/tulip/gcc-arm-none-eabi-10.3-2021.10-x86_64-linux/gcc-arm-none-eabi-10.3-2021.10/bin/../lib/gcc/arm-none-eabi/10.3.1/../../../../arm-none-eabi/lib/thumb/v6-m/nofp/libc.a(lib_a-vfprintf.o) (_fflush_r)
/home/tulip/gcc-arm-none-eabi-10.3-2021.10-x86_64-linux/gcc-arm-none-eabi-10.3-2021.10/bin/../lib/gcc/arm-none-eabi/10.3.1/../../../../arm-none-eabi/lib/thumb/v6-m/nofp/libc.a(lib_a-findfp.o)
                              /home/tulip/gcc-arm-none-eabi-10.3-2021.10-x86_64-linux/gcc-arm-none-eabi-10.3-2021.10/bin/../lib/gcc/arm-none-eabi/10.3.1/../../../../arm-none-eabi/lib/thumb/v6-m/nofp/libc.a(lib_a-vfprintf.o) (__sinit)
/home/tulip/gcc-arm-none-eabi-10.3-2021.10-x86_64-linux/gcc-arm-none-eabi-10.3-2021.10/bin/../lib/gcc/arm-none-eabi/10.3.1/../../../../arm-none-eabi/lib/thumb/v6-m/nofp/libc.a(lib_a-freer.o)
                              /home/tulip/gcc-arm-none-eabi-10.3-2021.10-x86_64-linux/gcc-arm-none-eabi-10.3-2021.10/bin/../lib/gcc/arm-none-eabi/10.3.1/../../../../arm-none-eabi/lib/thumb/v6-m/nofp/libc.a(lib_a-reent.o) (_free_r)
/home/tulip/gcc-arm-none-eabi-10.3-2021.10-x86_64-linux/gcc-arm-none-eabi-10.3-2021.10/bin/../lib/gcc/arm-none-eabi/10.3.1/../../../../arm-none-eabi/lib/thumb/v6-m/nofp/libc.a(lib_a-fwalk.o)
[...]
Memory Configuration

Name             Origin             Length             Attributes
FLASH            0x0000000000000000 0x0000000000040000 xr
RAM              0x0000000020000000 0x0000000000008000 xrw
*default*        0x0000000000000000 0xffffffffffffffff

Linker script and memory map

LOAD build/ble_phy.o
LOAD build/ble_print.o
LOAD build/leds.o
LOAD build/Main.o
LOAD build/startup.o
LOAD build/stdlib_impl.o
LOAD build/uart.o
START GROUP
LOAD /home/tulip/gcc-arm-none-eabi-10.3-2021.10-x86_64-linux/gcc-arm-none-eabi-10.3-2021.10/bin/../lib/gcc/arm-none-eabi/10.3.1/thumb/v6-m/nofp/libgcc.a
LOAD /home/tulip/gcc-arm-none-eabi-10.3-2021.10-x86_64-linux/gcc-arm-none-eabi-10.3-2021.10/bin/../lib/gcc/arm-none-eabi/10.3.1/../../../../arm-none-eabi/lib/thumb/v6-m/nofp/libc.a
END GROUP
                0x0000000000000800                _minimum_stack_size = 0x800

.text           0x0000000000000000     0xb84c
 *(.isr_vector)
 .isr_vector    0x0000000000000000       0xc0 build/startup.o
                0x0000000000000000                interrupt_vectors
 *(.text)
 .text          0x00000000000000c0      0x114 /home/tulip/gcc-arm-none-eabi-10.3-2021.10-x86_64-linux/gcc-arm-none-eabi-10.3-2021.10/bin/../lib/gcc/arm-none-eabi/10.3.1/thumb/v6-m/nofp/libgcc.a(_udivsi3.o)
                0x00000000000000c0                __udivsi3
                0x00000000000000c0                __aeabi_uidiv
                0x00000000000001cc                __aeabi_uidivmod
 .text          0x00000000000001d4      0x1d4 /home/tulip/gcc-arm-none-eabi-10.3-2021.10-x86_64-linux/gcc-arm-none-eabi-10.3-2021.10/bin/../lib/gcc/arm-none-eabi/10.3.1/thumb/v6-m/nofp/libgcc.a(_divsi3.o)
                0x00000000000001d4                __aeabi_idiv
                0x00000000000001d4                __divsi3
                0x00000000000003a0                __aeabi_idivmod
 .text          0x00000000000003a8        0x4 /home/tulip/gcc-arm-none-eabi-10.3-2021.10-x86_64-linux/gcc-arm-none-eabi-10.3-2021.10/bin/../lib/gcc/arm-none-eabi/10.3.1/thumb/v6-m/nofp/libgcc.a(_dvmd_tls.o)
                0x00000000000003a8                __aeabi_ldiv0
                0x00000000000003a8                __aeabi_idiv0
 .text          0x00000000000003ac       0x7c /home/tulip/gcc-arm-none-eabi-10.3-2021.10-x86_64-linux/gcc-arm-none-eabi-10.3-2021.10/bin/../lib/gcc/arm-none-eabi/10.3.1/thumb/v6-m/nofp/libgcc.a(_arm_cmpdf2.o)
                0x00000000000003ac                __aeabi_cdrcmple
                0x00000000000003bc                __aeabi_cdcmple
                0x00000000000003bc                __aeabi_cdcmpeq
                0x00000000000003cc                __aeabi_dcmpeq
                0x00000000000003d8                __aeabi_dcmplt
                0x00000000000003ec                __aeabi_dcmple
                0x0000000000000400                __aeabi_dcmpgt
                0x0000000000000414                __aeabi_dcmpge
 .text          0x0000000000000428       0x40 /home/tulip/gcc-arm-none-eabi-10.3-2021.10-x86_64-linux/gcc-arm-none-eabi-10.3-2021.10/bin/../lib/gcc/arm-none-eabi/10.3.1/thumb/v6-m/nofp/libgcc.a(_aeabi_uldivmod.o)
                0x0000000000000428                __aeabi_uldivmod
 .text          0x0000000000000468      0x198 /home/tulip/gcc-arm-none-eabi-10.3-2021.10-x86_64-linux/gcc-arm-none-eabi-10.3-2021.10/bin/../lib/gcc/arm-none-eabi/10.3.1/thumb/v6-m/nofp/libgcc.a(_udivmoddi4.o)
                0x0000000000000468                __udivmoddi4
 .text          0x0000000000000600      0x678 /home/tulip/gcc-arm-none-eabi-10.3-2021.10-x86_64-linux/gcc-arm-none-eabi-10.3-2021.10/bin/../lib/gcc/arm-none-eabi/10.3.1/thumb/v6-m/nofp/libgcc.a(adddf3.o)
                0x0000000000000600                __aeabi_dadd
 .text          0x0000000000000c78      0x5ec /home/tulip/gcc-arm-none-eabi-10.3-2021.10-x86_64-linux/gcc-arm-none-eabi-10.3-2021.10/bin/../lib/gcc/arm-none-eabi/10.3.1/thumb/v6-m/nofp/libgcc.a(divdf3.o)
                0x0000000000000c78                __aeabi_ddiv
 .text          0x0000000000001264       0x84 /home/tulip/gcc-arm-none-eabi-10.3-2021.10-x86_64-linux/gcc-arm-none-eabi-10.3-2021.10/bin/../lib/gcc/arm-none-eabi/10.3.1/thumb/v6-m/nofp/libgcc.a(eqdf2.o)
                0x0000000000001264                __eqdf2
                0x0000000000001264                __nedf2
 .text          0x00000000000012e8       0xcc /home/tulip/gcc-arm-none-eabi-10.3-2021.10-x86_64-linux/gcc-arm-none-eabi-10.3-2021.10/bin/../lib/gcc/arm-none-eabi/10.3.1/thumb/v6-m/nofp/libgcc.a(gedf2.o)
                0x00000000000012e8                __gtdf2
                0x00000000000012e8                __gedf2
 .text          0x00000000000013b4       0xc8 /home/tulip/gcc-arm-none-eabi-10.3-2021.10-x86_64-linux/gcc-arm-none-eabi-10.3-2021.10/bin/../lib/gcc/arm-none-eabi/10.3.1/thumb/v6-m/nofp/libgcc.a(ledf2.o)
                0x00000000000013b4                __ltdf2
                0x00000000000013b4                __ledf2
 .text          0x000000000000147c      0x4d8 /home/tulip/gcc-arm-none-eabi-10.3-2021.10-x86_64-linux/gcc-arm-none-eabi-10.3-2021.10/bin/../lib/gcc/arm-none-eabi/10.3.1/thumb/v6-m/nofp/libgcc.a(muldf3.o)
                0x000000000000147c                __aeabi_dmul
 .text          0x0000000000001954      0x724 /home/tulip/gcc-arm-none-eabi-10.3-2021.10-x86_64-linux/gcc-arm-none-eabi-10.3-2021.10/bin/../lib/gcc/arm-none-eabi/10.3.1/thumb/v6-m/nofp/libgcc.a(subdf3.o)
                0x0000000000001954                __aeabi_dsub
 .text          0x0000000000002078       0x3c /home/tulip/gcc-arm-none-eabi-10.3-2021.10-x86_64-linux/gcc-arm-none-eabi-10.3-2021.10/bin/../lib/gcc/arm-none-eabi/10.3.1/thumb/v6-m/nofp/libgcc.a(unorddf2.o)
                0x0000000000002078                __aeabi_dcmpun
 .text          0x00000000000020b4       0x6c /home/tulip/gcc-arm-none-eabi-10.3-2021.10-x86_64-linux/gcc-arm-none-eabi-10.3-2021.10/bin/../lib/gcc/arm-none-eabi/10.3.1/thumb/v6-m/nofp/libgcc.a(fixdfsi.o)
                0x00000000000020b4                __aeabi_d2iz
 .text          0x0000000000002120       0x60 /home/tulip/gcc-arm-none-eabi-10.3-2021.10-x86_64-linux/gcc-arm-none-eabi-10.3-2021.10/bin/../lib/gcc/arm-none-eabi/10.3.1/thumb/v6-m/nofp/libgcc.a(floatsidf.o)
                0x0000000000002120                __aeabi_i2d
 .text          0x0000000000002180       0x4c /home/tulip/gcc-arm-none-eabi-10.3-2021.10-x86_64-linux/gcc-arm-none-eabi-10.3-2021.10/bin/../lib/gcc/arm-none-eabi/10.3.1/thumb/v6-m/nofp/libgcc.a(floatunsidf.o)
                0x0000000000002180                __aeabi_ui2d
 .text          0x00000000000021cc       0x3c /home/tulip/gcc-arm-none-eabi-10.3-2021.10-x86_64-linux/gcc-arm-none-eabi-10.3-2021.10/bin/../lib/gcc/arm-none-eabi/10.3.1/thumb/v6-m/nofp/libgcc.a(_clzsi2.o)
                0x00000000000021cc                __clzsi2
 .text          0x0000000000002208       0x18 /home/tulip/gcc-arm-none-eabi-10.3-2021.10-x86_64-linux/gcc-arm-none-eabi-10.3-2021.10/bin/../lib/gcc/arm-none-eabi/10.3.1/thumb/v6-m/nofp/libgcc.a(_clzdi2.o)
                0x0000000000002208                __clzdi2
 *(.text.*)
 .text.ble_init
                0x0000000000002220       0xe8 build/ble_phy.o
                0x0000000000002220                ble_init
 .text.ble_start_rx
                0x0000000000002308       0xcc build/ble_phy.o
                0x0000000000002308                ble_start_rx
 .text.RADIO_IRQHandler
                0x00000000000023d4      0x120 build/ble_phy.o
                0x00000000000023d4                RADIO_IRQHandler
 .text.print_ADV_IND
                0x00000000000024f4      0x214 build/ble_print.o
 .text.init_pdu_buffer_pointer
                0x0000000000002708        0xc build/ble_print.o
                0x0000000000002708                init_pdu_buffer_pointer
 .text.show_pdu_data
                0x0000000000002714      0x20c build/ble_print.o
                0x0000000000002714                show_pdu_data
 .text.led_toogle
                0x0000000000002920       0x28 build/leds.o
                0x0000000000002920                led_toogle
 .text.led_init
                0x0000000000002948       0x3c build/leds.o
                0x0000000000002948                led_init
 .text.startup.main
                0x0000000000002984       0xec build/Main.o
                0x0000000000002984                main
 .text.Default_Handler
                0x0000000000002a70        0x4 build/Main.o
                0x0000000000002a70                Default_Handler
 .text.TIMER2_IRQHandler
                0x0000000000002a74       0x1c build/Main.o
                0x0000000000002a74                TIMER2_IRQHandler
 .text.Default_Handler
                0x0000000000002a90        0x4 build/startup.o
                0x0000000000002a90                SPI0_TWI0_IRQHandler
                0x0000000000002a90                RTC0_IRQHandler
                0x0000000000002a90                HardFault_Handler
                0x0000000000002a90                SysTick_Handler
                0x0000000000002a90                GPIOTE_IRQHandler
                0x0000000000002a90                PendSV_Handler
                0x0000000000002a90                NMI_Handler
                0x0000000000002a90                POWER_CLOCK_IRQHandler
                0x0000000000002a90                LPCOMP_IRQHandler
                0x0000000000002a90                SWI4_IRQHandler
                0x0000000000002a90                TEMP_IRQHandler
                0x0000000000002a90                QDEC_IRQHandler
                0x0000000000002a90                UART0_IRQHandler
                0x0000000000002a90                SWI5_IRQHandler
                0x0000000000002a90                TIMER0_IRQHandler
                0x0000000000002a90                SWI0_IRQHandler
                0x0000000000002a90                TIMER1_IRQHandler
                0x0000000000002a90                ECB_IRQHandler
                0x0000000000002a90                ADC_IRQHandler
                0x0000000000002a90                SWI3_IRQHandler
                0x0000000000002a90                CCM_AAR_IRQHandler
                0x0000000000002a90                WDT_IRQHandler
                0x0000000000002a90                SVC_Handler
                0x0000000000002a90                SWI2_IRQHandler
                0x0000000000002a90                RNG_IRQHandler
                0x0000000000002a90                SPI1_TWI1_IRQHandler
                0x0000000000002a90                RTC1_IRQHandler
                0x0000000000002a90                SWI1_IRQHandler
 .text.Reset_Handler
                0x0000000000002a94       0x4c build/startup.o
 .text._write   0x0000000000002ae0       0x1c build/stdlib_impl.o
                0x0000000000002ae0                _write
 .text._sbrk    0x0000000000002afc       0x24 build/stdlib_impl.o
                0x0000000000002afc                _sbrk
 .text._close   0x0000000000002b20       0x10 build/stdlib_impl.o
                0x0000000000002b20                _close
 .text._lseek   0x0000000000002b30        0x4 build/stdlib_impl.o
                0x0000000000002b30                _lseek
 .text._read    0x0000000000002b34        0x4 build/stdlib_impl.o
                0x0000000000002b34                _read
 .text._fstat   0x0000000000002b38        0xc build/stdlib_impl.o
                0x0000000000002b38                _fstat
 .text._isatty  0x0000000000002b44        0x4 build/stdlib_impl.o
                0x0000000000002b44                _isatty
 .text._exit    0x0000000000002b48        0x8 build/stdlib_impl.o
                0x0000000000002b48                _exit
 .text._kill    0x0000000000002b50       0x10 build/stdlib_impl.o
                0x0000000000002b50                _kill
 .text._getpid  0x0000000000002b60        0x4 build/stdlib_impl.o
                0x0000000000002b60                _getpid
 .text.uart_init
                0x0000000000002b64       0x58 build/uart.o
                0x0000000000002b64                uart_init
 .text.uart_put
                0x0000000000002bbc       0x20 build/uart.o
                0x0000000000002bbc                uart_put
 .text.memcmp   0x0000000000002bdc       0x48 /home/tulip/gcc-arm-none-eabi-10.3-2021.10-x86_64-linux/gcc-arm-none-eabi-10.3-2021.10/bin/../lib/gcc/arm-none-eabi/10.3.1/../../../../arm-none-eabi/lib/thumb/v6-m/nofp/libc.a(lib_a-memcmp.o)
                0x0000000000002bdc                memcmp
 .text.memcpy   0x0000000000002c24       0xa4 /home/tulip/gcc-arm-none-eabi-10.3-2021.10-x86_64-linux/gcc-arm-none-eabi-10.3-2021.10/bin/../lib/gcc/arm-none-eabi/10.3.1/../../../../arm-none-eabi/lib/thumb/v6-m/nofp/libc.a(lib_a-memcpy-stub.o)
                0x0000000000002c24                memcpy
 .text.memset   0x0000000000002cc8       0xa8 /home/tulip/gcc-arm-none-eabi-10.3-2021.10-x86_64-linux/gcc-arm-none-eabi-10.3-2021.10/bin/../lib/gcc/arm-none-eabi/10.3.1/../../../../arm-none-eabi/lib/thumb/v6-m/nofp/libc.a(lib_a-memset.o)
                0x0000000000002cc8                memset
 .text.printf   0x0000000000002d70       0x24 /home/tulip/gcc-arm-none-eabi-10.3-2021.10-x86_64-linux/gcc-arm-none-eabi-10.3-2021.10/bin/../lib/gcc/arm-none-eabi/10.3.1/../../../../arm-none-eabi/lib/thumb/v6-m/nofp/libc.a(lib_a-printf.o)
                0x0000000000002d70                printf
 .text.putchar  0x0000000000002d94       0x14 /home/tulip/gcc-arm-none-eabi-10.3-2021.10-x86_64-linux/gcc-arm-none-eabi-10.3-2021.10/bin/../lib/gcc/arm-none-eabi/10.3.1/../../../../arm-none-eabi/lib/thumb/v6-m/nofp/libc.a(lib_a-putchar.o)
                0x0000000000002d94                putchar
 .text.sprintf  0x0000000000002da8       0x40 /home/tulip/gcc-arm-none-eabi-10.3-2021.10-x86_64-linux/gcc-arm-none-eabi-10.3-2021.10/bin/../lib/gcc/arm-none-eabi/10.3.1/../../../../arm-none-eabi/lib/thumb/v6-m/nofp/libc.a(lib_a-sprintf.o)
                0x0000000000002da8                sprintf
 .text._svfprintf_r
                0x0000000000002de8     0x1bd4 /home/tulip/gcc-arm-none-eabi-10.3-2021.10-x86_64-linux/gcc-arm-none-eabi-10.3-2021.10/bin/../lib/gcc/arm-none-eabi/10.3.1/../../../../arm-none-eabi/lib/thumb/v6-m/nofp/libc.a(lib_a-svfprintf.o)
                0x0000000000002de8                _svfprintf_r
 .text._vfprintf_r
                0x00000000000049bc     0x1c44 /home/tulip/gcc-arm-none-eabi-10.3-2021.10-x86_64-linux/gcc-arm-none-eabi-10.3-2021.10/bin/../lib/gcc/arm-none-eabi/10.3.1/../../../../arm-none-eabi/lib/thumb/v6-m/nofp/libc.a(lib_a-vfprintf.o)
                0x00000000000049bc                _vfprintf_r
 .text.__sbprintf
                0x0000000000006600       0x8c /home/tulip/gcc-arm-none-eabi-10.3-2021.10-x86_64-linux/gcc-arm-none-eabi-10.3-2021.10/bin/../lib/gcc/arm-none-eabi/10.3.1/../../../../arm-none-eabi/lib/thumb/v6-m/nofp/libc.a(lib_a-vfprintf.o)
 .text.__swsetup_r
                0x000000000000668c       0xdc /home/tulip/gcc-arm-none-eabi-10.3-2021.10-x86_64-linux/gcc-arm-none-eabi-10.3-2021.10/bin/../lib/gcc/arm-none-eabi/10.3.1/../../../../arm-none-eabi/lib/thumb/v6-m/nofp/libc.a(lib_a-wsetup.o)
                0x000000000000668c                __swsetup_r
 .text.quorem   0x0000000000006768      0x148 /home/tulip/gcc-arm-none-eabi-10.3-2021.10-x86_64-linux/gcc-arm-none-eabi-10.3-2021.10/bin/../lib/gcc/arm-none-eabi/10.3.1/../../../../arm-none-eabi/lib/thumb/v6-m/nofp/libc.a(lib_a-dtoa.o)
 .text._dtoa_r  0x00000000000068b0      0xfbc /home/tulip/gcc-arm-none-eabi-10.3-2021.10-x86_64-linux/gcc-arm-none-eabi-10.3-2021.10/bin/../lib/gcc/arm-none-eabi/10.3.1/../../../../arm-none-eabi/lib/thumb/v6-m/nofp/libc.a(lib_a-dtoa.o)
                0x00000000000068b0                _dtoa_r
 .text.__sflush_r
                0x000000000000786c      0x140 /home/tulip/gcc-arm-none-eabi-10.3-2021.10-x86_64-linux/gcc-arm-none-eabi-10.3-2021.10/bin/../lib/gcc/arm-none-eabi/10.3.1/../../../../arm-none-eabi/lib/thumb/v6-m/nofp/libc.a(lib_a-fflush.o)
                0x000000000000786c                __sflush_r
 .text._fflush_r
                0x00000000000079ac       0x6c /home/tulip/gcc-arm-none-eabi-10.3-2021.10-x86_64-linux/gcc-arm-none-eabi-10.3-2021.10/bin/../lib/gcc/arm-none-eabi/10.3.1/../../../../arm-none-eabi/lib/thumb/v6-m/nofp/libc.a(lib_a-fflush.o)
                0x00000000000079ac                _fflush_r
 .text._cleanup_r
                0x0000000000007a18       0x10 /home/tulip/gcc-arm-none-eabi-10.3-2021.10-x86_64-linux/gcc-arm-none-eabi-10.3-2021.10/bin/../lib/gcc/arm-none-eabi/10.3.1/../../../../arm-none-eabi/lib/thumb/v6-m/nofp/libc.a(lib_a-findfp.o)
                0x0000000000007a18                _cleanup_r
 .text.__sinit  0x0000000000007a28      0x120 /home/tulip/gcc-arm-none-eabi-10.3-2021.10-x86_64-linux/gcc-arm-none-eabi-10.3-2021.10/bin/../lib/gcc/arm-none-eabi/10.3.1/../../../../arm-none-eabi/lib/thumb/v6-m/nofp/libc.a(lib_a-findfp.o)
                0x0000000000007a28                __sinit
 .text.__sfp_lock_acquire
                0x0000000000007b48       0x10 /home/tulip/gcc-arm-none-eabi-10.3-2021.10-x86_64-linux/gcc-arm-none-eabi-10.3-2021.10/bin/../lib/gcc/arm-none-eabi/10.3.1/../../../../arm-none-eabi/lib/thumb/v6-m/nofp/libc.a(lib_a-findfp.o)
                0x0000000000007b48                __sfp_lock_acquire
 .text.__sfp_lock_release
                0x0000000000007b58       0x10 /home/tulip/gcc-arm-none-eabi-10.3-2021.10-x86_64-linux/gcc-arm-none-eabi-10.3-2021.10/bin/../lib/gcc/arm-none-eabi/10.3.1/../../../../arm-none-eabi/lib/thumb/v6-m/nofp/libc.a(lib_a-findfp.o)
                0x0000000000007b58                __sfp_lock_release
 .text._malloc_trim_r
                0x0000000000007b68       0x9c /home/tulip/gcc-arm-none-eabi-10.3-2021.10-x86_64-linux/gcc-arm-none-eabi-10.3-2021.10/bin/../lib/gcc/arm-none-eabi/10.3.1/../../../../arm-none-eabi/lib/thumb/v6-m/nofp/libc.a(lib_a-freer.o)
                0x0000000000007b68                _malloc_trim_r
 .text._free_r  0x0000000000007c04      0x1c4 /home/tulip/gcc-arm-none-eabi-10.3-2021.10-x86_64-linux/gcc-arm-none-eabi-10.3-2021.10/bin/../lib/gcc/arm-none-eabi/10.3.1/../../../../arm-none-eabi/lib/thumb/v6-m/nofp/libc.a(lib_a-freer.o)
                0x0000000000007c04                _free_r
 .text._fwalk_reent
                0x0000000000007dc8       0x48 /home/tulip/gcc-arm-none-eabi-10.3-2021.10-x86_64-linux/gcc-arm-none-eabi-10.3-2021.10/bin/../lib/gcc/arm-none-eabi/10.3.1/../../../../arm-none-eabi/lib/thumb/v6-m/nofp/libc.a(lib_a-fwalk.o)
                0x0000000000007dc8                _fwalk_reent
 .text._localeconv_r
                0x0000000000007e10        0x8 /home/tulip/gcc-arm-none-eabi-10.3-2021.10-x86_64-linux/gcc-arm-none-eabi-10.3-2021.10/bin/../lib/gcc/arm-none-eabi/10.3.1/../../../../arm-none-eabi/lib/thumb/v6-m/nofp/libc.a(lib_a-localeconv.o)
                0x0000000000007e10                _localeconv_r
 .text.__retarget_lock_init_recursive
                0x0000000000007e18        0x4 /home/tulip/gcc-arm-none-eabi-10.3-2021.10-x86_64-linux/gcc-arm-none-eabi-10.3-2021.10/bin/../lib/gcc/arm-none-eabi/10.3.1/../../../../arm-none-eabi/lib/thumb/v6-m/nofp/libc.a(lib_a-lock.o)
                0x0000000000007e18                __retarget_lock_init_recursive
 .text.__retarget_lock_close_recursive
                0x0000000000007e1c        0x4 /home/tulip/gcc-arm-none-eabi-10.3-2021.10-x86_64-linux/gcc-arm-none-eabi-10.3-2021.10/bin/../lib/gcc/arm-none-eabi/10.3.1/../../../../arm-none-eabi/lib/thumb/v6-m/nofp/libc.a(lib_a-lock.o)
                0x0000000000007e1c                __retarget_lock_close_recursive
 .text.__retarget_lock_acquire_recursive
                0x0000000000007e20        0x4 /home/tulip/gcc-arm-none-eabi-10.3-2021.10-x86_64-linux/gcc-arm-none-eabi-10.3-2021.10/bin/../lib/gcc/arm-none-eabi/10.3.1/../../../../arm-none-eabi/lib/thumb/v6-m/nofp/libc.a(lib_a-lock.o)
                0x0000000000007e20                __retarget_lock_acquire_recursive
 .text.__retarget_lock_release_recursive
                0x0000000000007e24        0x4 /home/tulip/gcc-arm-none-eabi-10.3-2021.10-x86_64-linux/gcc-arm-none-eabi-10.3-2021.10/bin/../lib/gcc/arm-none-eabi/10.3.1/../../../../arm-none-eabi/lib/thumb/v6-m/nofp/libc.a(lib_a-lock.o)
                0x0000000000007e24                __retarget_lock_release_recursive
 .text.__smakebuf_r
                0x0000000000007e28       0xe4 /home/tulip/gcc-arm-none-eabi-10.3-2021.10-x86_64-linux/gcc-arm-none-eabi-10.3-2021.10/bin/../lib/gcc/arm-none-eabi/10.3.1/../../../../arm-none-eabi/lib/thumb/v6-m/nofp/libc.a(lib_a-makebuf.o)
                0x0000000000007e28                __smakebuf_r
 .text._malloc_r
                0x0000000000007f0c      0x584 /home/tulip/gcc-arm-none-eabi-10.3-2021.10-x86_64-linux/gcc-arm-none-eabi-10.3-2021.10/bin/../lib/gcc/arm-none-eabi/10.3.1/../../../../arm-none-eabi/lib/thumb/v6-m/nofp/libc.a(lib_a-mallocr.o)
                0x0000000000007f0c                _malloc_r
 .text.memchr   0x0000000000008490       0x74 /home/tulip/gcc-arm-none-eabi-10.3-2021.10-x86_64-linux/gcc-arm-none-eabi-10.3-2021.10/bin/../lib/gcc/arm-none-eabi/10.3.1/../../../../arm-none-eabi/lib/thumb/v6-m/nofp/libc.a(lib_a-memchr-stub.o)
                0x0000000000008490                memchr
 .text.__malloc_lock
                0x0000000000008504       0x10 /home/tulip/gcc-arm-none-eabi-10.3-2021.10-x86_64-linux/gcc-arm-none-eabi-10.3-2021.10/bin/../lib/gcc/arm-none-eabi/10.3.1/../../../../arm-none-eabi/lib/thumb/v6-m/nofp/libc.a(lib_a-mlock.o)
                0x0000000000008504                __malloc_lock
 .text.__malloc_unlock
                0x0000000000008514       0x10 /home/tulip/gcc-arm-none-eabi-10.3-2021.10-x86_64-linux/gcc-arm-none-eabi-10.3-2021.10/bin/../lib/gcc/arm-none-eabi/10.3.1/../../../../arm-none-eabi/lib/thumb/v6-m/nofp/libc.a(lib_a-mlock.o)
                0x0000000000008514                __malloc_unlock
 .text._Balloc  0x0000000000008524       0x50 /home/tulip/gcc-arm-none-eabi-10.3-2021.10-x86_64-linux/gcc-arm-none-eabi-10.3-2021.10/bin/../lib/gcc/arm-none-eabi/10.3.1/../../../../arm-none-eabi/lib/thumb/v6-m/nofp/libc.a(lib_a-mprec.o)
                0x0000000000008524                _Balloc
 .text._Bfree   0x0000000000008574       0x14 /home/tulip/gcc-arm-none-eabi-10.3-2021.10-x86_64-linux/gcc-arm-none-eabi-10.3-2021.10/bin/../lib/gcc/arm-none-eabi/10.3.1/../../../../arm-none-eabi/lib/thumb/v6-m/nofp/libc.a(lib_a-mprec.o)
                0x0000000000008574                _Bfree
 .text.__multadd
                0x0000000000008588       0xa8 /home/tulip/gcc-arm-none-eabi-10.3-2021.10-x86_64-linux/gcc-arm-none-eabi-10.3-2021.10/bin/../lib/gcc/arm-none-eabi/10.3.1/../../../../arm-none-eabi/lib/thumb/v6-m/nofp/libc.a(lib_a-mprec.o)
                0x0000000000008588                __multadd
 .text.__hi0bits
                0x0000000000008630       0x38 /home/tulip/gcc-arm-none-eabi-10.3-2021.10-x86_64-linux/gcc-arm-none-eabi-10.3-2021.10/bin/../lib/gcc/arm-none-eabi/10.3.1/../../../../arm-none-eabi/lib/thumb/v6-m/nofp/libc.a(lib_a-mprec.o)
                0x0000000000008630                __hi0bits
 .text.__lo0bits
                0x0000000000008668       0x5c /home/tulip/gcc-arm-none-eabi-10.3-2021.10-x86_64-linux/gcc-arm-none-eabi-10.3-2021.10/bin/../lib/gcc/arm-none-eabi/10.3.1/../../../../arm-none-eabi/lib/thumb/v6-m/nofp/libc.a(lib_a-mprec.o)
                0x0000000000008668                __lo0bits
 .text.__i2b    0x00000000000086c4       0x60 /home/tulip/gcc-arm-none-eabi-10.3-2021.10-x86_64-linux/gcc-arm-none-eabi-10.3-2021.10/bin/../lib/gcc/arm-none-eabi/10.3.1/../../../../arm-none-eabi/lib/thumb/v6-m/nofp/libc.a(lib_a-mprec.o)
                0x00000000000086c4                __i2b
 .text.__multiply
                0x0000000000008724      0x1a4 /home/tulip/gcc-arm-none-eabi-10.3-2021.10-x86_64-linux/gcc-arm-none-eabi-10.3-2021.10/bin/../lib/gcc/arm-none-eabi/10.3.1/../../../../arm-none-eabi/lib/thumb/v6-m/nofp/libc.a(lib_a-mprec.o)
                0x0000000000008724                __multiply
 .text.__pow5mult
                0x00000000000088c8       0xd8 /home/tulip/gcc-arm-none-eabi-10.3-2021.10-x86_64-linux/gcc-arm-none-eabi-10.3-2021.10/bin/../lib/gcc/arm-none-eabi/10.3.1/../../../../arm-none-eabi/lib/thumb/v6-m/nofp/libc.a(lib_a-mprec.o)
                0x00000000000088c8                __pow5mult
 .text.__lshift
                0x00000000000089a0       0xfc /home/tulip/gcc-arm-none-eabi-10.3-2021.10-x86_64-linux/gcc-arm-none-eabi-10.3-2021.10/bin/../lib/gcc/arm-none-eabi/10.3.1/../../../../arm-none-eabi/lib/thumb/v6-m/nofp/libc.a(lib_a-mprec.o)
                0x00000000000089a0                __lshift
 .text.__mcmp   0x0000000000008a9c       0x34 /home/tulip/gcc-arm-none-eabi-10.3-2021.10-x86_64-linux/gcc-arm-none-eabi-10.3-2021.10/bin/../lib/gcc/arm-none-eabi/10.3.1/../../../../arm-none-eabi/lib/thumb/v6-m/nofp/libc.a(lib_a-mprec.o)
                0x0000000000008a9c                __mcmp
 .text.__mdiff  0x0000000000008ad0      0x18c /home/tulip/gcc-arm-none-eabi-10.3-2021.10-x86_64-linux/gcc-arm-none-eabi-10.3-2021.10/bin/../lib/gcc/arm-none-eabi/10.3.1/../../../../arm-none-eabi/lib/thumb/v6-m/nofp/libc.a(lib_a-mprec.o)
                0x0000000000008ad0                __mdiff
 .text.__d2b    0x0000000000008c5c       0xd8 /home/tulip/gcc-arm-none-eabi-10.3-2021.10-x86_64-linux/gcc-arm-none-eabi-10.3-2021.10/bin/../lib/gcc/arm-none-eabi/10.3.1/../../../../arm-none-eabi/lib/thumb/v6-m/nofp/libc.a(lib_a-mprec.o)
                0x0000000000008c5c                __d2b
 .text._putc_r  0x0000000000008d34       0x74 /home/tulip/gcc-arm-none-eabi-10.3-2021.10-x86_64-linux/gcc-arm-none-eabi-10.3-2021.10/bin/../lib/gcc/arm-none-eabi/10.3.1/../../../../arm-none-eabi/lib/thumb/v6-m/nofp/libc.a(lib_a-putc.o)
                0x0000000000008d34                _putc_r
 .text.frexp    0x0000000000008da8       0x64 /home/tulip/gcc-arm-none-eabi-10.3-2021.10-x86_64-linux/gcc-arm-none-eabi-10.3-2021.10/bin/../lib/gcc/arm-none-eabi/10.3.1/../../../../arm-none-eabi/lib/thumb/v6-m/nofp/libc.a(lib_a-s_frexp.o)
                0x0000000000008da8                frexp
 .text._sbrk_r  0x0000000000008e0c       0x24 /home/tulip/gcc-arm-none-eabi-10.3-2021.10-x86_64-linux/gcc-arm-none-eabi-10.3-2021.10/bin/../lib/gcc/arm-none-eabi/10.3.1/../../../../arm-none-eabi/lib/thumb/v6-m/nofp/libc.a(lib_a-sbrkr.o)
                0x0000000000008e0c                _sbrk_r
 .text.__sread  0x0000000000008e30       0x28 /home/tulip/gcc-arm-none-eabi-10.3-2021.10-x86_64-linux/gcc-arm-none-eabi-10.3-2021.10/bin/../lib/gcc/arm-none-eabi/10.3.1/../../../../arm-none-eabi/lib/thumb/v6-m/nofp/libc.a(lib_a-stdio.o)
                0x0000000000008e30                __sread
 .text.__swrite
                0x0000000000008e58       0x40 /home/tulip/gcc-arm-none-eabi-10.3-2021.10-x86_64-linux/gcc-arm-none-eabi-10.3-2021.10/bin/../lib/gcc/arm-none-eabi/10.3.1/../../../../arm-none-eabi/lib/thumb/v6-m/nofp/libc.a(lib_a-stdio.o)
                0x0000000000008e58                __swrite
 .text.__sseek  0x0000000000008e98       0x2c /home/tulip/gcc-arm-none-eabi-10.3-2021.10-x86_64-linux/gcc-arm-none-eabi-10.3-2021.10/bin/../lib/gcc/arm-none-eabi/10.3.1/../../../../arm-none-eabi/lib/thumb/v6-m/nofp/libc.a(lib_a-stdio.o)
                0x0000000000008e98                __sseek
 .text.__sclose
                0x0000000000008ec4        0xc /home/tulip/gcc-arm-none-eabi-10.3-2021.10-x86_64-linux/gcc-arm-none-eabi-10.3-2021.10/bin/../lib/gcc/arm-none-eabi/10.3.1/../../../../arm-none-eabi/lib/thumb/v6-m/nofp/libc.a(lib_a-stdio.o)
                0x0000000000008ec4                __sclose
 .text.strlen   0x0000000000008ed0       0x5c /home/tulip/gcc-arm-none-eabi-10.3-2021.10-x86_64-linux/gcc-arm-none-eabi-10.3-2021.10/bin/../lib/gcc/arm-none-eabi/10.3.1/../../../../arm-none-eabi/lib/thumb/v6-m/nofp/libc.a(lib_a-strlen-stub.o)
                0x0000000000008ed0                strlen
 .text.strncpy  0x0000000000008f2c       0x6c /home/tulip/gcc-arm-none-eabi-10.3-2021.10-x86_64-linux/gcc-arm-none-eabi-10.3-2021.10/bin/../lib/gcc/arm-none-eabi/10.3.1/../../../../arm-none-eabi/lib/thumb/v6-m/nofp/libc.a(lib_a-strncpy.o)
                0x0000000000008f2c                strncpy
 .text.__ssprint_r
                0x0000000000008f98      0x114 /home/tulip/gcc-arm-none-eabi-10.3-2021.10-x86_64-linux/gcc-arm-none-eabi-10.3-2021.10/bin/../lib/gcc/arm-none-eabi/10.3.1/../../../../arm-none-eabi/lib/thumb/v6-m/nofp/libc.a(lib_a-svfiprintf.o)
                0x0000000000008f98                __ssprint_r
 .text.__sprint_r.part.0
                0x00000000000090ac       0x88 /home/tulip/gcc-arm-none-eabi-10.3-2021.10-x86_64-linux/gcc-arm-none-eabi-10.3-2021.10/bin/../lib/gcc/arm-none-eabi/10.3.1/../../../../arm-none-eabi/lib/thumb/v6-m/nofp/libc.a(lib_a-vfiprintf.o)
 .text.__sprint_r
                0x0000000000009134       0x14 /home/tulip/gcc-arm-none-eabi-10.3-2021.10-x86_64-linux/gcc-arm-none-eabi-10.3-2021.10/bin/../lib/gcc/arm-none-eabi/10.3.1/../../../../arm-none-eabi/lib/thumb/v6-m/nofp/libc.a(lib_a-vfiprintf.o)
                0x0000000000009134                __sprint_r
 .text._vfiprintf_r
                0x0000000000009148      0xdb8 /home/tulip/gcc-arm-none-eabi-10.3-2021.10-x86_64-linux/gcc-arm-none-eabi-10.3-2021.10/bin/../lib/gcc/arm-none-eabi/10.3.1/../../../../arm-none-eabi/lib/thumb/v6-m/nofp/libc.a(lib_a-vfiprintf.o)
                0x0000000000009148                _vfiprintf_r
 .text.__sbprintf
                0x0000000000009f00       0x8c /home/tulip/gcc-arm-none-eabi-10.3-2021.10-x86_64-linux/gcc-arm-none-eabi-10.3-2021.10/bin/../lib/gcc/arm-none-eabi/10.3.1/../../../../arm-none-eabi/lib/thumb/v6-m/nofp/libc.a(lib_a-vfiprintf.o)
 .text.__swbuf_r
                0x0000000000009f8c       0xc8 /home/tulip/gcc-arm-none-eabi-10.3-2021.10-x86_64-linux/gcc-arm-none-eabi-10.3-2021.10/bin/../lib/gcc/arm-none-eabi/10.3.1/../../../../arm-none-eabi/lib/thumb/v6-m/nofp/libc.a(lib_a-wbuf.o)
                0x0000000000009f8c                __swbuf_r
 .text._write_r
                0x000000000000a054       0x28 /home/tulip/gcc-arm-none-eabi-10.3-2021.10-x86_64-linux/gcc-arm-none-eabi-10.3-2021.10/bin/../lib/gcc/arm-none-eabi/10.3.1/../../../../arm-none-eabi/lib/thumb/v6-m/nofp/libc.a(lib_a-writer.o)
                0x000000000000a054                _write_r
 .text.__assert_func
                0x000000000000a07c       0x40 /home/tulip/gcc-arm-none-eabi-10.3-2021.10-x86_64-linux/gcc-arm-none-eabi-10.3-2021.10/bin/../lib/gcc/arm-none-eabi/10.3.1/../../../../arm-none-eabi/lib/thumb/v6-m/nofp/libc.a(lib_a-assert.o)
                0x000000000000a07c                __assert_func
 .text._calloc_r
                0x000000000000a0bc       0x9c /home/tulip/gcc-arm-none-eabi-10.3-2021.10-x86_64-linux/gcc-arm-none-eabi-10.3-2021.10/bin/../lib/gcc/arm-none-eabi/10.3.1/../../../../arm-none-eabi/lib/thumb/v6-m/nofp/libc.a(lib_a-callocr.o)
                0x000000000000a0bc                _calloc_r
 .text._close_r
                0x000000000000a158       0x24 /home/tulip/gcc-arm-none-eabi-10.3-2021.10-x86_64-linux/gcc-arm-none-eabi-10.3-2021.10/bin/../lib/gcc/arm-none-eabi/10.3.1/../../../../arm-none-eabi/lib/thumb/v6-m/nofp/libc.a(lib_a-closer.o)
                0x000000000000a158                _close_r
 .text.__errno  0x000000000000a17c        0xc /home/tulip/gcc-arm-none-eabi-10.3-2021.10-x86_64-linux/gcc-arm-none-eabi-10.3-2021.10/bin/../lib/gcc/arm-none-eabi/10.3.1/../../../../arm-none-eabi/lib/thumb/v6-m/nofp/libc.a(lib_a-errno.o)
                0x000000000000a17c                __errno
 .text._fclose_r
                0x000000000000a188       0xdc /home/tulip/gcc-arm-none-eabi-10.3-2021.10-x86_64-linux/gcc-arm-none-eabi-10.3-2021.10/bin/../lib/gcc/arm-none-eabi/10.3.1/../../../../arm-none-eabi/lib/thumb/v6-m/nofp/libc.a(lib_a-fclose.o)
                0x000000000000a188                _fclose_r
 .text.fiprintf
                0x000000000000a264       0x24 /home/tulip/gcc-arm-none-eabi-10.3-2021.10-x86_64-linux/gcc-arm-none-eabi-10.3-2021.10/bin/../lib/gcc/arm-none-eabi/10.3.1/../../../../arm-none-eabi/lib/thumb/v6-m/nofp/libc.a(lib_a-fiprintf.o)
                0x000000000000a264                fiprintf
 .text.__fputwc
                0x000000000000a288       0x98 /home/tulip/gcc-arm-none-eabi-10.3-2021.10-x86_64-linux/gcc-arm-none-eabi-10.3-2021.10/bin/../lib/gcc/arm-none-eabi/10.3.1/../../../../arm-none-eabi/lib/thumb/v6-m/nofp/libc.a(lib_a-fputwc.o)
                0x000000000000a288                __fputwc
 .text._fputwc_r
                0x000000000000a320       0x5c /home/tulip/gcc-arm-none-eabi-10.3-2021.10-x86_64-linux/gcc-arm-none-eabi-10.3-2021.10/bin/../lib/gcc/arm-none-eabi/10.3.1/../../../../arm-none-eabi/lib/thumb/v6-m/nofp/libc.a(lib_a-fputwc.o)
                0x000000000000a320                _fputwc_r
 .text._fstat_r
                0x000000000000a37c       0x28 /home/tulip/gcc-arm-none-eabi-10.3-2021.10-x86_64-linux/gcc-arm-none-eabi-10.3-2021.10/bin/../lib/gcc/arm-none-eabi/10.3.1/../../../../arm-none-eabi/lib/thumb/v6-m/nofp/libc.a(lib_a-fstatr.o)
                0x000000000000a37c                _fstat_r
 .text.__sfvwrite_r
                0x000000000000a3a4      0x2f4 /home/tulip/gcc-arm-none-eabi-10.3-2021.10-x86_64-linux/gcc-arm-none-eabi-10.3-2021.10/bin/../lib/gcc/arm-none-eabi/10.3.1/../../../../arm-none-eabi/lib/thumb/v6-m/nofp/libc.a(lib_a-fvwrite.o)
                0x000000000000a3a4                __sfvwrite_r
 .text._isatty_r
                0x000000000000a698       0x24 /home/tulip/gcc-arm-none-eabi-10.3-2021.10-x86_64-linux/gcc-arm-none-eabi-10.3-2021.10/bin/../lib/gcc/arm-none-eabi/10.3.1/../../../../arm-none-eabi/lib/thumb/v6-m/nofp/libc.a(lib_a-isattyr.o)
                0x000000000000a698                _isatty_r
 .text.__locale_mb_cur_max
                0x000000000000a6bc       0x10 /home/tulip/gcc-arm-none-eabi-10.3-2021.10-x86_64-linux/gcc-arm-none-eabi-10.3-2021.10/bin/../lib/gcc/arm-none-eabi/10.3.1/../../../../arm-none-eabi/lib/thumb/v6-m/nofp/libc.a(lib_a-locale.o)
                0x000000000000a6bc                __locale_mb_cur_max
 .text._lseek_r
                0x000000000000a6cc       0x28 /home/tulip/gcc-arm-none-eabi-10.3-2021.10-x86_64-linux/gcc-arm-none-eabi-10.3-2021.10/bin/../lib/gcc/arm-none-eabi/10.3.1/../../../../arm-none-eabi/lib/thumb/v6-m/nofp/libc.a(lib_a-lseekr.o)
                0x000000000000a6cc                _lseek_r
 .text.__ascii_mbtowc
                0x000000000000a6f4       0x2c /home/tulip/gcc-arm-none-eabi-10.3-2021.10-x86_64-linux/gcc-arm-none-eabi-10.3-2021.10/bin/../lib/gcc/arm-none-eabi/10.3.1/../../../../arm-none-eabi/lib/thumb/v6-m/nofp/libc.a(lib_a-mbtowc_r.o)
                0x000000000000a6f4                __ascii_mbtowc
 .text.memmove  0x000000000000a720       0xac /home/tulip/gcc-arm-none-eabi-10.3-2021.10-x86_64-linux/gcc-arm-none-eabi-10.3-2021.10/bin/../lib/gcc/arm-none-eabi/10.3.1/../../../../arm-none-eabi/lib/thumb/v6-m/nofp/libc.a(lib_a-memmove.o)
                0x000000000000a720                memmove
 .text._read_r  0x000000000000a7cc       0x28 /home/tulip/gcc-arm-none-eabi-10.3-2021.10-x86_64-linux/gcc-arm-none-eabi-10.3-2021.10/bin/../lib/gcc/arm-none-eabi/10.3.1/../../../../arm-none-eabi/lib/thumb/v6-m/nofp/libc.a(lib_a-readr.o)
                0x000000000000a7cc                _read_r
 .text._realloc_r
                0x000000000000a7f4      0x354 /home/tulip/gcc-arm-none-eabi-10.3-2021.10-x86_64-linux/gcc-arm-none-eabi-10.3-2021.10/bin/../lib/gcc/arm-none-eabi/10.3.1/../../../../arm-none-eabi/lib/thumb/v6-m/nofp/libc.a(lib_a-reallocr.o)
                0x000000000000a7f4                _realloc_r
 .text._wcrtomb_r
                0x000000000000ab48       0x40 /home/tulip/gcc-arm-none-eabi-10.3-2021.10-x86_64-linux/gcc-arm-none-eabi-10.3-2021.10/bin/../lib/gcc/arm-none-eabi/10.3.1/../../../../arm-none-eabi/lib/thumb/v6-m/nofp/libc.a(lib_a-wcrtomb.o)
                0x000000000000ab48                _wcrtomb_r
 .text.__ascii_wctomb
                0x000000000000ab88       0x1c /home/tulip/gcc-arm-none-eabi-10.3-2021.10-x86_64-linux/gcc-arm-none-eabi-10.3-2021.10/bin/../lib/gcc/arm-none-eabi/10.3.1/../../../../arm-none-eabi/lib/thumb/v6-m/nofp/libc.a(lib_a-wctomb_r.o)
                0x000000000000ab88                __ascii_wctomb
 .text.abort    0x000000000000aba4       0x10 /home/tulip/gcc-arm-none-eabi-10.3-2021.10-x86_64-linux/gcc-arm-none-eabi-10.3-2021.10/bin/../lib/gcc/arm-none-eabi/10.3.1/../../../../arm-none-eabi/lib/thumb/v6-m/nofp/libc.a(lib_a-abort.o)
                0x000000000000aba4                abort
 .text.raise    0x000000000000abb4       0x60 /home/tulip/gcc-arm-none-eabi-10.3-2021.10-x86_64-linux/gcc-arm-none-eabi-10.3-2021.10/bin/../lib/gcc/arm-none-eabi/10.3.1/../../../../arm-none-eabi/lib/thumb/v6-m/nofp/libc.a(lib_a-signal.o)
                0x000000000000abb4                raise
 .text._kill_r  0x000000000000ac14       0x28 /home/tulip/gcc-arm-none-eabi-10.3-2021.10-x86_64-linux/gcc-arm-none-eabi-10.3-2021.10/bin/../lib/gcc/arm-none-eabi/10.3.1/../../../../arm-none-eabi/lib/thumb/v6-m/nofp/libc.a(lib_a-signalr.o)
                0x000000000000ac14                _kill_r
 .text._getpid_r
                0x000000000000ac3c        0x8 /home/tulip/gcc-arm-none-eabi-10.3-2021.10-x86_64-linux/gcc-arm-none-eabi-10.3-2021.10/bin/../lib/gcc/arm-none-eabi/10.3.1/../../../../arm-none-eabi/lib/thumb/v6-m/nofp/libc.a(lib_a-signalr.o)
                0x000000000000ac3c                _getpid_r
 *(.rodata)
 .rodata        0x000000000000ac44       0x40 /home/tulip/gcc-arm-none-eabi-10.3-2021.10-x86_64-linux/gcc-arm-none-eabi-10.3-2021.10/bin/../lib/gcc/arm-none-eabi/10.3.1/thumb/v6-m/nofp/libgcc.a(divdf3.o)
 .rodata        0x000000000000ac84       0x40 /home/tulip/gcc-arm-none-eabi-10.3-2021.10-x86_64-linux/gcc-arm-none-eabi-10.3-2021.10/bin/../lib/gcc/arm-none-eabi/10.3.1/thumb/v6-m/nofp/libgcc.a(muldf3.o)
 *(.rodata.*)
 .rodata.ble_init.str1.4
                0x000000000000acc4       0x22 build/ble_phy.o
 *fill*         0x000000000000ace6        0x2 ff
 .rodata.ble_start_rx.str1.4
                0x000000000000ace8       0x1e build/ble_phy.o
 *fill*         0x000000000000ad06        0x2 ff
 .rodata.CSWTCH.20
                0x000000000000ad08        0x3 build/ble_phy.o
 *fill*         0x000000000000ad0b        0x1 ff
 .rodata.print_ADV_IND.str1.4
                0x000000000000ad0c      0x139 build/ble_print.o
 *fill*         0x000000000000ae45        0x3 ff
 .rodata.show_pdu_data.str1.4
                0x000000000000ae48      0x104 build/ble_print.o
 .rodata.show_pdu_data
                0x000000000000af4c       0x3c build/ble_print.o
 .rodata.LED1   0x000000000000af88        0x4 build/leds.o
                0x000000000000af88                LED1
 .rodata.LED3   0x000000000000af8c        0x4 build/leds.o
                0x000000000000af8c                LED3
 .rodata.LED4   0x000000000000af90        0x4 build/leds.o
                0x000000000000af90                LED4
 .rodata.main.str1.4
                0x000000000000af94       0x5c build/Main.o
 .rodata._svfprintf_r.str1.4
                0x000000000000aff0       0x42 /home/tulip/gcc-arm-none-eabi-10.3-2021.10-x86_64-linux/gcc-arm-none-eabi-10.3-2021.10/bin/../lib/gcc/arm-none-eabi/10.3.1/../../../../arm-none-eabi/lib/thumb/v6-m/nofp/libc.a(lib_a-svfprintf.o)
 *fill*         0x000000000000b032        0x2 ff
 .rodata._svfprintf_r
                0x000000000000b034      0x16c /home/tulip/gcc-arm-none-eabi-10.3-2021.10-x86_64-linux/gcc-arm-none-eabi-10.3-2021.10/bin/../lib/gcc/arm-none-eabi/10.3.1/../../../../arm-none-eabi/lib/thumb/v6-m/nofp/libc.a(lib_a-svfprintf.o)
 .rodata.blanks.1
                0x000000000000b1a0       0x10 /home/tulip/gcc-arm-none-eabi-10.3-2021.10-x86_64-linux/gcc-arm-none-eabi-10.3-2021.10/bin/../lib/gcc/arm-none-eabi/10.3.1/../../../../arm-none-eabi/lib/thumb/v6-m/nofp/libc.a(lib_a-svfprintf.o)
 .rodata.zeroes.0
                0x000000000000b1b0       0x10 /home/tulip/gcc-arm-none-eabi-10.3-2021.10-x86_64-linux/gcc-arm-none-eabi-10.3-2021.10/bin/../lib/gcc/arm-none-eabi/10.3.1/../../../../arm-none-eabi/lib/thumb/v6-m/nofp/libc.a(lib_a-svfprintf.o)
 .rodata._vfprintf_r.str1.4
                0x000000000000b1c0       0x42 /home/tulip/gcc-arm-none-eabi-10.3-2021.10-x86_64-linux/gcc-arm-none-eabi-10.3-2021.10/bin/../lib/gcc/arm-none-eabi/10.3.1/../../../../arm-none-eabi/lib/thumb/v6-m/nofp/libc.a(lib_a-vfprintf.o)
 .rodata._vfprintf_r
                0x000000000000b1c0      0x16c /home/tulip/gcc-arm-none-eabi-10.3-2021.10-x86_64-linux/gcc-arm-none-eabi-10.3-2021.10/bin/../lib/gcc/arm-none-eabi/10.3.1/../../../../arm-none-eabi/lib/thumb/v6-m/nofp/libc.a(lib_a-vfprintf.o)
 .rodata.blanks.1
                0x000000000000b32c       0x10 /home/tulip/gcc-arm-none-eabi-10.3-2021.10-x86_64-linux/gcc-arm-none-eabi-10.3-2021.10/bin/../lib/gcc/arm-none-eabi/10.3.1/../../../../arm-none-eabi/lib/thumb/v6-m/nofp/libc.a(lib_a-vfprintf.o)
 .rodata.zeroes.0
                0x000000000000b33c       0x10 /home/tulip/gcc-arm-none-eabi-10.3-2021.10-x86_64-linux/gcc-arm-none-eabi-10.3-2021.10/bin/../lib/gcc/arm-none-eabi/10.3.1/../../../../arm-none-eabi/lib/thumb/v6-m/nofp/libc.a(lib_a-vfprintf.o)
 .rodata._dtoa_r.str1.4
                0x000000000000b34c       0xa2 /home/tulip/gcc-arm-none-eabi-10.3-2021.10-x86_64-linux/gcc-arm-none-eabi-10.3-2021.10/bin/../lib/gcc/arm-none-eabi/10.3.1/../../../../arm-none-eabi/lib/thumb/v6-m/nofp/libc.a(lib_a-dtoa.o)
                                         0xa6 (size before relaxing)
 *fill*         0x000000000000b3ee        0x2 ff
 .rodata.__multadd.str1.4
                0x000000000000b3f0       0x7f /home/tulip/gcc-arm-none-eabi-10.3-2021.10-x86_64-linux/gcc-arm-none-eabi-10.3-2021.10/bin/../lib/gcc/arm-none-eabi/10.3.1/../../../../arm-none-eabi/lib/thumb/v6-m/nofp/libc.a(lib_a-mprec.o)
                                         0x93 (size before relaxing)
 *fill*         0x000000000000b46f        0x1 ff
 .rodata.__mprec_bigtens
                0x000000000000b470       0x28 /home/tulip/gcc-arm-none-eabi-10.3-2021.10-x86_64-linux/gcc-arm-none-eabi-10.3-2021.10/bin/../lib/gcc/arm-none-eabi/10.3.1/../../../../arm-none-eabi/lib/thumb/v6-m/nofp/libc.a(lib_a-mprec.o)
                0x000000000000b470                __mprec_bigtens
 .rodata.__mprec_tens
                0x000000000000b498       0xc8 /home/tulip/gcc-arm-none-eabi-10.3-2021.10-x86_64-linux/gcc-arm-none-eabi-10.3-2021.10/bin/../lib/gcc/arm-none-eabi/10.3.1/../../../../arm-none-eabi/lib/thumb/v6-m/nofp/libc.a(lib_a-mprec.o)
                0x000000000000b498                __mprec_tens
 .rodata.p05.0  0x000000000000b560        0xc /home/tulip/gcc-arm-none-eabi-10.3-2021.10-x86_64-linux/gcc-arm-none-eabi-10.3-2021.10/bin/../lib/gcc/arm-none-eabi/10.3.1/../../../../arm-none-eabi/lib/thumb/v6-m/nofp/libc.a(lib_a-mprec.o)
 .rodata._vfiprintf_r.str1.4
                0x000000000000b56c       0x2f /home/tulip/gcc-arm-none-eabi-10.3-2021.10-x86_64-linux/gcc-arm-none-eabi-10.3-2021.10/bin/../lib/gcc/arm-none-eabi/10.3.1/../../../../arm-none-eabi/lib/thumb/v6-m/nofp/libc.a(lib_a-vfiprintf.o)
 .rodata._vfiprintf_r
                0x000000000000b56c      0x16c /home/tulip/gcc-arm-none-eabi-10.3-2021.10-x86_64-linux/gcc-arm-none-eabi-10.3-2021.10/bin/../lib/gcc/arm-none-eabi/10.3.1/../../../../arm-none-eabi/lib/thumb/v6-m/nofp/libc.a(lib_a-vfiprintf.o)
 .rodata.blanks.1
                0x000000000000b6d8       0x10 /home/tulip/gcc-arm-none-eabi-10.3-2021.10-x86_64-linux/gcc-arm-none-eabi-10.3-2021.10/bin/../lib/gcc/arm-none-eabi/10.3.1/../../../../arm-none-eabi/lib/thumb/v6-m/nofp/libc.a(lib_a-vfiprintf.o)
 .rodata.zeroes.0
                0x000000000000b6e8       0x10 /home/tulip/gcc-arm-none-eabi-10.3-2021.10-x86_64-linux/gcc-arm-none-eabi-10.3-2021.10/bin/../lib/gcc/arm-none-eabi/10.3.1/../../../../arm-none-eabi/lib/thumb/v6-m/nofp/libc.a(lib_a-vfiprintf.o)
 .rodata.__assert_func.str1.4
                0x000000000000b6f8       0x3f /home/tulip/gcc-arm-none-eabi-10.3-2021.10-x86_64-linux/gcc-arm-none-eabi-10.3-2021.10/bin/../lib/gcc/arm-none-eabi/10.3.1/../../../../arm-none-eabi/lib/thumb/v6-m/nofp/libc.a(lib_a-assert.o)
                                         0x43 (size before relaxing)
 *fill*         0x000000000000b737        0x1 ff
 .rodata._setlocale_r.str1.4
                0x000000000000b738        0xa /home/tulip/gcc-arm-none-eabi-10.3-2021.10-x86_64-linux/gcc-arm-none-eabi-10.3-2021.10/bin/../lib/gcc/arm-none-eabi/10.3.1/../../../../arm-none-eabi/lib/thumb/v6-m/nofp/libc.a(lib_a-locale.o)
                                          0xd (size before relaxing)
 *fill*         0x000000000000b742        0x2 ff
 .rodata.str1.4
                0x000000000000b744        0x2 /home/tulip/gcc-arm-none-eabi-10.3-2021.10-x86_64-linux/gcc-arm-none-eabi-10.3-2021.10/bin/../lib/gcc/arm-none-eabi/10.3.1/../../../../arm-none-eabi/lib/thumb/v6-m/nofp/libc.a(lib_a-locale.o)
 *fill*         0x000000000000b746        0x2 ff
 .rodata._ctype_
                0x000000000000b748      0x101 /home/tulip/gcc-arm-none-eabi-10.3-2021.10-x86_64-linux/gcc-arm-none-eabi-10.3-2021.10/bin/../lib/gcc/arm-none-eabi/10.3.1/../../../../arm-none-eabi/lib/thumb/v6-m/nofp/libc.a(lib_a-ctype_.o)
                0x000000000000b748                _ctype_
                0x000000000000b84c                . = ALIGN (0x4)
 *fill*         0x000000000000b849        0x3 ff
                0x000000000000b84c                _etext = .
                0x000000000000b84c                _sidata = _etext

.glue_7         0x000000000000b84c        0x0
 .glue_7        0x000000000000b84c        0x0 linker stubs

.glue_7t        0x000000000000b84c        0x0
 .glue_7t       0x000000000000b84c        0x0 linker stubs

.vfp11_veneer   0x000000000000b84c        0x0
 .vfp11_veneer  0x000000000000b84c        0x0 linker stubs

.v4_bx          0x000000000000b84c        0x0
 .v4_bx         0x000000000000b84c        0x0 linker stubs

.iplt           0x000000000000b84c        0x0
 .iplt          0x000000000000b84c        0x0 build/ble_phy.o

.rel.dyn        0x000000000000b84c        0x0
 .rel.iplt      0x000000000000b84c        0x0 build/ble_phy.o

.data           0x0000000020000000      0x9ac load address 0x000000000000b84c
                0x0000000020000000                . = ALIGN (0x4)
                0x0000000020000000                _sdata = .
 *(.data)
 *(.data.*)
 .data._impure_ptr
                0x0000000020000000        0x4 /home/tulip/gcc-arm-none-eabi-10.3-2021.10-x86_64-linux/gcc-arm-none-eabi-10.3-2021.10/bin/../lib/gcc/arm-none-eabi/10.3.1/../../../../arm-none-eabi/lib/thumb/v6-m/nofp/libc.a(lib_a-impure.o)
                0x0000000020000000                _impure_ptr
 *fill*         0x0000000020000004        0x4 00000000
 .data.impure_data
                0x0000000020000008      0x428 /home/tulip/gcc-arm-none-eabi-10.3-2021.10-x86_64-linux/gcc-arm-none-eabi-10.3-2021.10/bin/../lib/gcc/arm-none-eabi/10.3.1/../../../../arm-none-eabi/lib/thumb/v6-m/nofp/libc.a(lib_a-impure.o)
 .data.__malloc_av_
                0x0000000020000430      0x408 /home/tulip/gcc-arm-none-eabi-10.3-2021.10-x86_64-linux/gcc-arm-none-eabi-10.3-2021.10/bin/../lib/gcc/arm-none-eabi/10.3.1/../../../../arm-none-eabi/lib/thumb/v6-m/nofp/libc.a(lib_a-mallocr.o)
                0x0000000020000430                __malloc_av_
 .data.__malloc_sbrk_base
                0x0000000020000838        0x4 /home/tulip/gcc-arm-none-eabi-10.3-2021.10-x86_64-linux/gcc-arm-none-eabi-10.3-2021.10/bin/../lib/gcc/arm-none-eabi/10.3.1/../../../../arm-none-eabi/lib/thumb/v6-m/nofp/libc.a(lib_a-mallocr.o)
                0x0000000020000838                __malloc_sbrk_base
 .data.__malloc_trim_threshold
                0x000000002000083c        0x4 /home/tulip/gcc-arm-none-eabi-10.3-2021.10-x86_64-linux/gcc-arm-none-eabi-10.3-2021.10/bin/../lib/gcc/arm-none-eabi/10.3.1/../../../../arm-none-eabi/lib/thumb/v6-m/nofp/libc.a(lib_a-mallocr.o)
                0x000000002000083c                __malloc_trim_threshold
 .data.__global_locale
                0x0000000020000840      0x16c /home/tulip/gcc-arm-none-eabi-10.3-2021.10-x86_64-linux/gcc-arm-none-eabi-10.3-2021.10/bin/../lib/gcc/arm-none-eabi/10.3.1/../../../../arm-none-eabi/lib/thumb/v6-m/nofp/libc.a(lib_a-locale.o)
                0x0000000020000840                __global_locale
                0x00000000200009ac                . = ALIGN (0x4)
                0x00000000200009ac                _edata = .

.igot.plt       0x00000000200009ac        0x0 load address 0x000000000000c1f8
 .igot.plt      0x00000000200009ac        0x0 build/ble_phy.o

.bss            0x00000000200009b0     0x1570 load address 0x000000000000c200
                0x00000000200009b0                . = ALIGN (0x4)
                0x00000000200009b0                _sbss = .
 *(.bss)
 *(.bss.*)
 .bss.rx_fifo   0x00000000200009b0      0xa18 build/ble_phy.o
                0x00000000200009b0                rx_fifo
 .bss.rx_pdu_buffer
                0x00000000200013c8       0xff build/ble_phy.o
 *fill*         0x00000000200014c7        0x1 
 .bss.filtered_mac
                0x00000000200014c8        0x8 build/ble_print.o
                0x00000000200014c8                filtered_mac
 .bss.rx_pdu_buffer
                0x00000000200014d0        0x4 build/ble_print.o
 .bss.str_buff  0x00000000200014d4       0xff build/ble_print.o
                0x00000000200014d4                str_buff
 *fill*         0x00000000200015d3        0x1 
 .bss.str_buff2
                0x00000000200015d4       0xff build/ble_print.o
                0x00000000200015d4                str_buff2
 *fill*         0x00000000200016d3        0x1 
 .bss.ms_counter
                0x00000000200016d4        0x4 build/Main.o
                0x00000000200016d4                ms_counter
 .bss.heap.0    0x00000000200016d8      0x800 build/stdlib_impl.o
 .bss.last.1    0x0000000020001ed8        0x2 build/stdlib_impl.o
 *fill*         0x0000000020001eda        0x2 
 .bss.errno     0x0000000020001edc        0x4 /home/tulip/gcc-arm-none-eabi-10.3-2021.10-x86_64-linux/gcc-arm-none-eabi-10.3-2021.10/bin/../lib/gcc/arm-none-eabi/10.3.1/../../../../arm-none-eabi/lib/thumb/v6-m/nofp/libc.a(lib_a-reent.o)
                0x0000000020001edc                errno
 .bss.__lock___malloc_recursive_mutex
                0x0000000020001ee0        0x1 /home/tulip/gcc-arm-none-eabi-10.3-2021.10-x86_64-linux/gcc-arm-none-eabi-10.3-2021.10/bin/../lib/gcc/arm-none-eabi/10.3.1/../../../../arm-none-eabi/lib/thumb/v6-m/nofp/libc.a(lib_a-lock.o)
                0x0000000020001ee0                __lock___malloc_recursive_mutex
 *fill*         0x0000000020001ee1        0x3 
 .bss.__lock___sfp_recursive_mutex
                0x0000000020001ee4        0x1 /home/tulip/gcc-arm-none-eabi-10.3-2021.10-x86_64-linux/gcc-arm-none-eabi-10.3-2021.10/bin/../lib/gcc/arm-none-eabi/10.3.1/../../../../arm-none-eabi/lib/thumb/v6-m/nofp/libc.a(lib_a-lock.o)
                0x0000000020001ee4                __lock___sfp_recursive_mutex
 *fill*         0x0000000020001ee5        0x3 
 .bss.__lock___sinit_recursive_mutex
                0x0000000020001ee8        0x1 /home/tulip/gcc-arm-none-eabi-10.3-2021.10-x86_64-linux/gcc-arm-none-eabi-10.3-2021.10/bin/../lib/gcc/arm-none-eabi/10.3.1/../../../../arm-none-eabi/lib/thumb/v6-m/nofp/libc.a(lib_a-lock.o)
                0x0000000020001ee8                __lock___sinit_recursive_mutex
 *fill*         0x0000000020001ee9        0x3 
 .bss.__malloc_current_mallinfo
                0x0000000020001eec       0x28 /home/tulip/gcc-arm-none-eabi-10.3-2021.10-x86_64-linux/gcc-arm-none-eabi-10.3-2021.10/bin/../lib/gcc/arm-none-eabi/10.3.1/../../../../arm-none-eabi/lib/thumb/v6-m/nofp/libc.a(lib_a-mallocr.o)
                0x0000000020001eec                __malloc_current_mallinfo
 .bss.__malloc_max_sbrked_mem
                0x0000000020001f14        0x4 /home/tulip/gcc-arm-none-eabi-10.3-2021.10-x86_64-linux/gcc-arm-none-eabi-10.3-2021.10/bin/../lib/gcc/arm-none-eabi/10.3.1/../../../../arm-none-eabi/lib/thumb/v6-m/nofp/libc.a(lib_a-mallocr.o)
                0x0000000020001f14                __malloc_max_sbrked_mem
 .bss.__malloc_max_total_mem
                0x0000000020001f18        0x4 /home/tulip/gcc-arm-none-eabi-10.3-2021.10-x86_64-linux/gcc-arm-none-eabi-10.3-2021.10/bin/../lib/gcc/arm-none-eabi/10.3.1/../../../../arm-none-eabi/lib/thumb/v6-m/nofp/libc.a(lib_a-mallocr.o)
                0x0000000020001f18                __malloc_max_total_mem
 .bss.__malloc_top_pad
                0x0000000020001f1c        0x4 /home/tulip/gcc-arm-none-eabi-10.3-2021.10-x86_64-linux/gcc-arm-none-eabi-10.3-2021.10/bin/../lib/gcc/arm-none-eabi/10.3.1/../../../../arm-none-eabi/lib/thumb/v6-m/nofp/libc.a(lib_a-mallocr.o)
                0x0000000020001f1c                __malloc_top_pad
 *(COMMON)
                0x0000000020001f20                . = ALIGN (0x4)
                0x0000000020001f20                _ebss = .
                0x0000000020008000                _estack = ((ORIGIN (RAM) + LENGTH (RAM)) & 0xfffffffc)
                0x0000000000000001                ASSERT (((_ebss + _minimum_stack_size) <= _estack), There is not enough space in RAM for stack.)

/DISCARD/
 *(.ARM.exidx*)
                [!provide]                        PROVIDE (end = _ebss)
OUTPUT(outputs/output.elf elf32-littlearm)
LOAD linker stubs

.debug_info     0x0000000000000000     0x39b2
 .debug_info    0x0000000000000000      0xe41 build/ble_phy.o
 .debug_info    0x0000000000000e41     0x11f0 build/ble_print.o
 .debug_info    0x0000000000002031      0x2f6 build/leds.o
 .debug_info    0x0000000000002327      0xa93 build/Main.o
 .debug_info    0x0000000000002dba      0x141 build/startup.o
 .debug_info    0x0000000000002efb      0x58e build/stdlib_impl.o
 .debug_info    0x0000000000003489      0x529 build/uart.o

.debug_abbrev   0x0000000000000000      0xe05
 .debug_abbrev  0x0000000000000000      0x337 build/ble_phy.o
 .debug_abbrev  0x0000000000000337      0x2d5 build/ble_print.o
 .debug_abbrev  0x000000000000060c      0x1a8 build/leds.o
 .debug_abbrev  0x00000000000007b4      0x2ac build/Main.o
 .debug_abbrev  0x0000000000000a60       0xfa build/startup.o
 .debug_abbrev  0x0000000000000b5a      0x19d build/stdlib_impl.o
 .debug_abbrev  0x0000000000000cf7      0x10e build/uart.o

.debug_loc      0x0000000000000000     0x116f
 .debug_loc     0x0000000000000000      0x188 build/ble_phy.o
 .debug_loc     0x0000000000000188      0xd0b build/ble_print.o
 .debug_loc     0x0000000000000e93       0x92 build/leds.o
 .debug_loc     0x0000000000000f25       0x57 build/Main.o
 .debug_loc     0x0000000000000f7c      0x1f3 build/stdlib_impl.o

.debug_aranges  0x0000000000000000      0x188
 .debug_aranges
                0x0000000000000000       0x30 build/ble_phy.o
 .debug_aranges
                0x0000000000000030       0x40 build/ble_print.o
 .debug_aranges
                0x0000000000000070       0x28 build/leds.o
 .debug_aranges
                0x0000000000000098       0x38 build/Main.o
 .debug_aranges
                0x00000000000000d0       0x28 build/startup.o
 .debug_aranges
                0x00000000000000f8       0x68 build/stdlib_impl.o
 .debug_aranges
                0x0000000000000160       0x28 build/uart.o

.debug_ranges   0x0000000000000000      0x448
 .debug_ranges  0x0000000000000000       0x38 build/ble_phy.o
 .debug_ranges  0x0000000000000038      0x2e8 build/ble_print.o
 .debug_ranges  0x0000000000000320       0x30 build/leds.o
 .debug_ranges  0x0000000000000350       0x70 build/Main.o
 .debug_ranges  0x00000000000003c0       0x18 build/startup.o
 .debug_ranges  0x00000000000003d8       0x58 build/stdlib_impl.o
 .debug_ranges  0x0000000000000430       0x18 build/uart.o

.debug_macro    0x0000000000000000     0x94e8
 .debug_macro   0x0000000000000000      0x258 build/ble_phy.o
 .debug_macro   0x0000000000000258      0xa3c build/ble_phy.o
 .debug_macro   0x0000000000000c94       0x22 build/ble_phy.o
 .debug_macro   0x0000000000000cb6       0x5e build/ble_phy.o
 .debug_macro   0x0000000000000d14       0x18 build/ble_phy.o
 .debug_macro   0x0000000000000d2c       0x94 build/ble_phy.o
 .debug_macro   0x0000000000000dc0       0x35 build/ble_phy.o
 .debug_macro   0x0000000000000df5       0x34 build/ble_phy.o
 .debug_macro   0x0000000000000e29       0x16 build/ble_phy.o
 .debug_macro   0x0000000000000e3f       0x57 build/ble_phy.o
 .debug_macro   0x0000000000000e96       0x97 build/ble_phy.o
 .debug_macro   0x0000000000000f2d      0x341 build/ble_phy.o
 .debug_macro   0x000000000000126e       0xfd build/ble_phy.o
 .debug_macro   0x000000000000136b       0x10 build/ble_phy.o
 .debug_macro   0x000000000000137b       0x16 build/ble_phy.o
 .debug_macro   0x0000000000001391       0x43 build/ble_phy.o
 .debug_macro   0x00000000000013d4       0x34 build/ble_phy.o
 .debug_macro   0x0000000000001408       0x10 build/ble_phy.o
 .debug_macro   0x0000000000001418       0x58 build/ble_phy.o
 .debug_macro   0x0000000000001470      0x182 build/ble_phy.o
 .debug_macro   0x00000000000015f2       0x10 build/ble_phy.o
 .debug_macro   0x0000000000001602       0x6a build/ble_phy.o
 .debug_macro   0x000000000000166c       0x1c build/ble_phy.o
 .debug_macro   0x0000000000001688       0x52 build/ble_phy.o
 .debug_macro   0x00000000000016da       0x22 build/ble_phy.o
 .debug_macro   0x00000000000016fc       0x10 build/ble_phy.o
 .debug_macro   0x000000000000170c       0x52 build/ble_phy.o
 .debug_macro   0x000000000000175e       0xd5 build/ble_phy.o
 .debug_macro   0x0000000000001833       0x1c build/ble_phy.o
 .debug_macro   0x000000000000184f       0x3d build/ble_phy.o
 .debug_macro   0x000000000000188c       0x16 build/ble_phy.o
 .debug_macro   0x00000000000018a2      0x16f build/ble_phy.o
 .debug_macro   0x0000000000001a11       0x22 build/ble_phy.o
 .debug_macro   0x0000000000001a33       0x16 build/ble_phy.o
 .debug_macro   0x0000000000001a49       0x35 build/ble_phy.o
 .debug_macro   0x0000000000001a7e       0x22 build/ble_phy.o
 .debug_macro   0x0000000000001aa0      0x103 build/ble_phy.o
 .debug_macro   0x0000000000001ba3      0x1df build/ble_phy.o
 .debug_macro   0x0000000000001d82       0x34 build/ble_phy.o
 .debug_macro   0x0000000000001db6       0x26 build/ble_phy.o
 .debug_macro   0x0000000000001ddc      0x30d build/ble_phy.o
 .debug_macro   0x00000000000020e9      0x1b6 build/ble_phy.o
 .debug_macro   0x000000000000229f     0x6504 build/ble_phy.o
 .debug_macro   0x00000000000087a3      0x23a build/ble_print.o
 .debug_macro   0x00000000000089dd       0x8e build/ble_print.o
 .debug_macro   0x0000000000008a6b       0x51 build/ble_print.o
 .debug_macro   0x0000000000008abc       0x64 build/ble_print.o
 .debug_macro   0x0000000000008b20       0x3a build/ble_print.o
 .debug_macro   0x0000000000008b5a       0xb1 build/leds.o
 .debug_macro   0x0000000000008c0b      0x237 build/Main.o
 .debug_macro   0x0000000000008e42       0x17 build/startup.o
 .debug_macro   0x0000000000008e59      0x1f0 build/stdlib_impl.o
 .debug_macro   0x0000000000009049       0x10 build/stdlib_impl.o
 .debug_macro   0x0000000000009059      0x241 build/stdlib_impl.o
 .debug_macro   0x000000000000929a       0x16 build/stdlib_impl.o
 .debug_macro   0x00000000000092b0       0x10 build/stdlib_impl.o
 .debug_macro   0x00000000000092c0       0x10 build/stdlib_impl.o
 .debug_macro   0x00000000000092d0       0x35 build/stdlib_impl.o
 .debug_macro   0x0000000000009305      0x12c build/stdlib_impl.o
 .debug_macro   0x0000000000009431       0xb7 build/uart.o

.debug_line     0x0000000000000000     0x2489
 .debug_line    0x0000000000000000      0x7d0 build/ble_phy.o
 .debug_line    0x00000000000007d0      0x921 build/ble_print.o
 .debug_line    0x00000000000010f1      0x3a2 build/leds.o
 .debug_line    0x0000000000001493      0x64d build/Main.o
 .debug_line    0x0000000000001ae0       0xba build/startup.o
 .debug_line    0x0000000000001b9a      0x575 build/stdlib_impl.o
 .debug_line    0x000000000000210f      0x37a build/uart.o

.debug_str      0x0000000000000000    0x2c3dc
 .debug_str     0x0000000000000000    0x2b2ed build/ble_phy.o
                                      0x2b520 (size before relaxing)
 .debug_str     0x000000000002b2ed      0x1ed build/ble_print.o
                                      0x2b346 (size before relaxing)
 .debug_str     0x000000000002b4da       0x66 build/leds.o
                                      0x272fc (size before relaxing)
 .debug_str     0x000000000002b540      0x1e3 build/Main.o
                                      0x2b36c (size before relaxing)
 .debug_str     0x000000000002b723       0x9b build/startup.o
                                       0x2c94 (size before relaxing)
 .debug_str     0x000000000002b7be      0xb26 build/stdlib_impl.o
                                       0x781b (size before relaxing)
 .debug_str     0x000000000002c2e4       0xf8 build/uart.o
                                      0x2743e (size before relaxing)

.comment        0x0000000000000000       0x49
 .comment       0x0000000000000000       0x49 build/ble_phy.o
                                         0x4a (size before relaxing)
 .comment       0x0000000000000049       0x4a build/ble_print.o
 .comment       0x0000000000000049       0x4a build/leds.o
 .comment       0x0000000000000049       0x4a build/Main.o
 .comment       0x0000000000000049       0x4a build/startup.o
 .comment       0x0000000000000049       0x4a build/stdlib_impl.o
 .comment       0x0000000000000049       0x4a build/uart.o

.ARM.attributes
                0x0000000000000000       0x2a
 .ARM.attributes
                0x0000000000000000       0x2c build/ble_phy.o
 .ARM.attributes
                0x000000000000002c       0x2c build/ble_print.o
 .ARM.attributes
                0x0000000000000058       0x2c build/leds.o
 .ARM.attributes
                0x0000000000000084       0x2c build/Main.o
 .ARM.attributes
                0x00000000000000b0       0x2c build/startup.o
 .ARM.attributes
                0x00000000000000dc       0x2c build/stdlib_impl.o
 .ARM.attributes
                0x0000000000000108       0x2c build/uart.o
 .ARM.attributes
                0x0000000000000134       0x2c /home/tulip/gcc-arm-none-eabi-10.3-2021.10-x86_64-linux/gcc-arm-none-eabi-10.3-2021.10/bin/../lib/gcc/arm-none-eabi/10.3.1/../../../../arm-none-eabi/lib/thumb/v6-m/nofp/libc.a(lib_a-memcmp.o)
 .ARM.attributes
                0x0000000000000160       0x2c /home/tulip/gcc-arm-none-eabi-10.3-2021.10-x86_64-linux/gcc-arm-none-eabi-10.3-2021.10/bin/../lib/gcc/arm-none-eabi/10.3.1/../../../../arm-none-eabi/lib/thumb/v6-m/nofp/libc.a(lib_a-memcpy-stub.o)
 .ARM.attributes
                0x000000000000018c       0x2c /home/tulip/gcc-arm-none-eabi-10.3-2021.10-x86_64-linux/gcc-arm-none-eabi-10.3-2021.10/bin/../lib/gcc/arm-none-eabi/10.3.1/../../../../arm-none-eabi/lib/thumb/v6-m/nofp/libc.a(lib_a-memset.o)
 .ARM.attributes
                0x00000000000001b8       0x2c /home/tulip/gcc-arm-none-eabi-10.3-2021.10-x86_64-linux/gcc-arm-none-eabi-10.3-2021.10/bin/../lib/gcc/arm-none-eabi/10.3.1/../../../../arm-none-eabi/lib/thumb/v6-m/nofp/libc.a(lib_a-printf.o)
 .ARM.attributes
                0x00000000000001e4       0x2c /home/tulip/gcc-arm-none-eabi-10.3-2021.10-x86_64-linux/gcc-arm-none-eabi-10.3-2021.10/bin/../lib/gcc/arm-none-eabi/10.3.1/../../../../arm-none-eabi/lib/thumb/v6-m/nofp/libc.a(lib_a-putchar.o)
 .ARM.attributes
                0x0000000000000210       0x2c /home/tulip/gcc-arm-none-eabi-10.3-2021.10-x86_64-linux/gcc-arm-none-eabi-10.3-2021.10/bin/../lib/gcc/arm-none-eabi/10.3.1/../../../../arm-none-eabi/lib/thumb/v6-m/nofp/libc.a(lib_a-reent.o)
 .ARM.attributes
                0x000000000000023c       0x2c /home/tulip/gcc-arm-none-eabi-10.3-2021.10-x86_64-linux/gcc-arm-none-eabi-10.3-2021.10/bin/../lib/gcc/arm-none-eabi/10.3.1/../../../../arm-none-eabi/lib/thumb/v6-m/nofp/libc.a(lib_a-sprintf.o)
 .ARM.attributes
                0x0000000000000268       0x2c /home/tulip/gcc-arm-none-eabi-10.3-2021.10-x86_64-linux/gcc-arm-none-eabi-10.3-2021.10/bin/../lib/gcc/arm-none-eabi/10.3.1/../../../../arm-none-eabi/lib/thumb/v6-m/nofp/libc.a(lib_a-svfprintf.o)
 .ARM.attributes
                0x0000000000000294       0x2c /home/tulip/gcc-arm-none-eabi-10.3-2021.10-x86_64-linux/gcc-arm-none-eabi-10.3-2021.10/bin/../lib/gcc/arm-none-eabi/10.3.1/../../../../arm-none-eabi/lib/thumb/v6-m/nofp/libc.a(lib_a-vfprintf.o)
 .ARM.attributes
                0x00000000000002c0       0x2c /home/tulip/gcc-arm-none-eabi-10.3-2021.10-x86_64-linux/gcc-arm-none-eabi-10.3-2021.10/bin/../lib/gcc/arm-none-eabi/10.3.1/../../../../arm-none-eabi/lib/thumb/v6-m/nofp/libc.a(lib_a-wsetup.o)
 .ARM.attributes
                0x00000000000002ec       0x2c /home/tulip/gcc-arm-none-eabi-10.3-2021.10-x86_64-linux/gcc-arm-none-eabi-10.3-2021.10/bin/../lib/gcc/arm-none-eabi/10.3.1/../../../../arm-none-eabi/lib/thumb/v6-m/nofp/libc.a(lib_a-dtoa.o)
 .ARM.attributes
                0x0000000000000318       0x2c /home/tulip/gcc-arm-none-eabi-10.3-2021.10-x86_64-linux/gcc-arm-none-eabi-10.3-2021.10/bin/../lib/gcc/arm-none-eabi/10.3.1/../../../../arm-none-eabi/lib/thumb/v6-m/nofp/libc.a(lib_a-fflush.o)
 .ARM.attributes
                0x0000000000000344       0x2c /home/tulip/gcc-arm-none-eabi-10.3-2021.10-x86_64-linux/gcc-arm-none-eabi-10.3-2021.10/bin/../lib/gcc/arm-none-eabi/10.3.1/../../../../arm-none-eabi/lib/thumb/v6-m/nofp/libc.a(lib_a-findfp.o)
 .ARM.attributes
                0x0000000000000370       0x2c /home/tulip/gcc-arm-none-eabi-10.3-2021.10-x86_64-linux/gcc-arm-none-eabi-10.3-2021.10/bin/../lib/gcc/arm-none-eabi/10.3.1/../../../../arm-none-eabi/lib/thumb/v6-m/nofp/libc.a(lib_a-freer.o)
 .ARM.attributes
                0x000000000000039c       0x2c /home/tulip/gcc-arm-none-eabi-10.3-2021.10-x86_64-linux/gcc-arm-none-eabi-10.3-2021.10/bin/../lib/gcc/arm-none-eabi/10.3.1/../../../../arm-none-eabi/lib/thumb/v6-m/nofp/libc.a(lib_a-fwalk.o)
 .ARM.attributes
                0x00000000000003c8       0x2c /home/tulip/gcc-arm-none-eabi-10.3-2021.10-x86_64-linux/gcc-arm-none-eabi-10.3-2021.10/bin/../lib/gcc/arm-none-eabi/10.3.1/../../../../arm-none-eabi/lib/thumb/v6-m/nofp/libc.a(lib_a-impure.o)
 .ARM.attributes
                0x00000000000003f4       0x2c /home/tulip/gcc-arm-none-eabi-10.3-2021.10-x86_64-linux/gcc-arm-none-eabi-10.3-2021.10/bin/../lib/gcc/arm-none-eabi/10.3.1/../../../../arm-none-eabi/lib/thumb/v6-m/nofp/libc.a(lib_a-localeconv.o)
 .ARM.attributes
                0x0000000000000420       0x2c /home/tulip/gcc-arm-none-eabi-10.3-2021.10-x86_64-linux/gcc-arm-none-eabi-10.3-2021.10/bin/../lib/gcc/arm-none-eabi/10.3.1/../../../../arm-none-eabi/lib/thumb/v6-m/nofp/libc.a(lib_a-lock.o)
 .ARM.attributes
                0x000000000000044c       0x2c /home/tulip/gcc-arm-none-eabi-10.3-2021.10-x86_64-linux/gcc-arm-none-eabi-10.3-2021.10/bin/../lib/gcc/arm-none-eabi/10.3.1/../../../../arm-none-eabi/lib/thumb/v6-m/nofp/libc.a(lib_a-makebuf.o)
 .ARM.attributes
                0x0000000000000478       0x2c /home/tulip/gcc-arm-none-eabi-10.3-2021.10-x86_64-linux/gcc-arm-none-eabi-10.3-2021.10/bin/../lib/gcc/arm-none-eabi/10.3.1/../../../../arm-none-eabi/lib/thumb/v6-m/nofp/libc.a(lib_a-mallocr.o)
 .ARM.attributes
                0x00000000000004a4       0x2c /home/tulip/gcc-arm-none-eabi-10.3-2021.10-x86_64-linux/gcc-arm-none-eabi-10.3-2021.10/bin/../lib/gcc/arm-none-eabi/10.3.1/../../../../arm-none-eabi/lib/thumb/v6-m/nofp/libc.a(lib_a-memchr-stub.o)
 .ARM.attributes
                0x00000000000004d0       0x2c /home/tulip/gcc-arm-none-eabi-10.3-2021.10-x86_64-linux/gcc-arm-none-eabi-10.3-2021.10/bin/../lib/gcc/arm-none-eabi/10.3.1/../../../../arm-none-eabi/lib/thumb/v6-m/nofp/libc.a(lib_a-mlock.o)
 .ARM.attributes
                0x00000000000004fc       0x2c /home/tulip/gcc-arm-none-eabi-10.3-2021.10-x86_64-linux/gcc-arm-none-eabi-10.3-2021.10/bin/../lib/gcc/arm-none-eabi/10.3.1/../../../../arm-none-eabi/lib/thumb/v6-m/nofp/libc.a(lib_a-mprec.o)
 .ARM.attributes
                0x0000000000000528       0x2c /home/tulip/gcc-arm-none-eabi-10.3-2021.10-x86_64-linux/gcc-arm-none-eabi-10.3-2021.10/bin/../lib/gcc/arm-none-eabi/10.3.1/../../../../arm-none-eabi/lib/thumb/v6-m/nofp/libc.a(lib_a-putc.o)
 .ARM.attributes
                0x0000000000000554       0x2c /home/tulip/gcc-arm-none-eabi-10.3-2021.10-x86_64-linux/gcc-arm-none-eabi-10.3-2021.10/bin/../lib/gcc/arm-none-eabi/10.3.1/../../../../arm-none-eabi/lib/thumb/v6-m/nofp/libc.a(lib_a-s_frexp.o)
 .ARM.attributes
                0x0000000000000580       0x2c /home/tulip/gcc-arm-none-eabi-10.3-2021.10-x86_64-linux/gcc-arm-none-eabi-10.3-2021.10/bin/../lib/gcc/arm-none-eabi/10.3.1/../../../../arm-none-eabi/lib/thumb/v6-m/nofp/libc.a(lib_a-sbrkr.o)
 .ARM.attributes
                0x00000000000005ac       0x2c /home/tulip/gcc-arm-none-eabi-10.3-2021.10-x86_64-linux/gcc-arm-none-eabi-10.3-2021.10/bin/../lib/gcc/arm-none-eabi/10.3.1/../../../../arm-none-eabi/lib/thumb/v6-m/nofp/libc.a(lib_a-stdio.o)
 .ARM.attributes
                0x00000000000005d8       0x2c /home/tulip/gcc-arm-none-eabi-10.3-2021.10-x86_64-linux/gcc-arm-none-eabi-10.3-2021.10/bin/../lib/gcc/arm-none-eabi/10.3.1/../../../../arm-none-eabi/lib/thumb/v6-m/nofp/libc.a(lib_a-strlen-stub.o)
 .ARM.attributes
                0x0000000000000604       0x2c /home/tulip/gcc-arm-none-eabi-10.3-2021.10-x86_64-linux/gcc-arm-none-eabi-10.3-2021.10/bin/../lib/gcc/arm-none-eabi/10.3.1/../../../../arm-none-eabi/lib/thumb/v6-m/nofp/libc.a(lib_a-strncpy.o)
 .ARM.attributes
                0x0000000000000630       0x2c /home/tulip/gcc-arm-none-eabi-10.3-2021.10-x86_64-linux/gcc-arm-none-eabi-10.3-2021.10/bin/../lib/gcc/arm-none-eabi/10.3.1/../../../../arm-none-eabi/lib/thumb/v6-m/nofp/libc.a(lib_a-svfiprintf.o)
 .ARM.attributes
                0x000000000000065c       0x2c /home/tulip/gcc-arm-none-eabi-10.3-2021.10-x86_64-linux/gcc-arm-none-eabi-10.3-2021.10/bin/../lib/gcc/arm-none-eabi/10.3.1/../../../../arm-none-eabi/lib/thumb/v6-m/nofp/libc.a(lib_a-vfiprintf.o)
 .ARM.attributes
                0x0000000000000688       0x2c /home/tulip/gcc-arm-none-eabi-10.3-2021.10-x86_64-linux/gcc-arm-none-eabi-10.3-2021.10/bin/../lib/gcc/arm-none-eabi/10.3.1/../../../../arm-none-eabi/lib/thumb/v6-m/nofp/libc.a(lib_a-wbuf.o)
 .ARM.attributes
                0x00000000000006b4       0x2c /home/tulip/gcc-arm-none-eabi-10.3-2021.10-x86_64-linux/gcc-arm-none-eabi-10.3-2021.10/bin/../lib/gcc/arm-none-eabi/10.3.1/../../../../arm-none-eabi/lib/thumb/v6-m/nofp/libc.a(lib_a-writer.o)
 .ARM.attributes
                0x00000000000006e0       0x2c /home/tulip/gcc-arm-none-eabi-10.3-2021.10-x86_64-linux/gcc-arm-none-eabi-10.3-2021.10/bin/../lib/gcc/arm-none-eabi/10.3.1/../../../../arm-none-eabi/lib/thumb/v6-m/nofp/libc.a(lib_a-assert.o)
 .ARM.attributes
                0x000000000000070c       0x2c /home/tulip/gcc-arm-none-eabi-10.3-2021.10-x86_64-linux/gcc-arm-none-eabi-10.3-2021.10/bin/../lib/gcc/arm-none-eabi/10.3.1/../../../../arm-none-eabi/lib/thumb/v6-m/nofp/libc.a(lib_a-callocr.o)
 .ARM.attributes
                0x0000000000000738       0x2c /home/tulip/gcc-arm-none-eabi-10.3-2021.10-x86_64-linux/gcc-arm-none-eabi-10.3-2021.10/bin/../lib/gcc/arm-none-eabi/10.3.1/../../../../arm-none-eabi/lib/thumb/v6-m/nofp/libc.a(lib_a-closer.o)
 .ARM.attributes
                0x0000000000000764       0x2c /home/tulip/gcc-arm-none-eabi-10.3-2021.10-x86_64-linux/gcc-arm-none-eabi-10.3-2021.10/bin/../lib/gcc/arm-none-eabi/10.3.1/../../../../arm-none-eabi/lib/thumb/v6-m/nofp/libc.a(lib_a-errno.o)
 .ARM.attributes
                0x0000000000000790       0x2c /home/tulip/gcc-arm-none-eabi-10.3-2021.10-x86_64-linux/gcc-arm-none-eabi-10.3-2021.10/bin/../lib/gcc/arm-none-eabi/10.3.1/../../../../arm-none-eabi/lib/thumb/v6-m/nofp/libc.a(lib_a-fclose.o)
 .ARM.attributes
                0x00000000000007bc       0x2c /home/tulip/gcc-arm-none-eabi-10.3-2021.10-x86_64-linux/gcc-arm-none-eabi-10.3-2021.10/bin/../lib/gcc/arm-none-eabi/10.3.1/../../../../arm-none-eabi/lib/thumb/v6-m/nofp/libc.a(lib_a-fiprintf.o)
 .ARM.attributes
                0x00000000000007e8       0x2c /home/tulip/gcc-arm-none-eabi-10.3-2021.10-x86_64-linux/gcc-arm-none-eabi-10.3-2021.10/bin/../lib/gcc/arm-none-eabi/10.3.1/../../../../arm-none-eabi/lib/thumb/v6-m/nofp/libc.a(lib_a-fputwc.o)
 .ARM.attributes
                0x0000000000000814       0x2c /home/tulip/gcc-arm-none-eabi-10.3-2021.10-x86_64-linux/gcc-arm-none-eabi-10.3-2021.10/bin/../lib/gcc/arm-none-eabi/10.3.1/../../../../arm-none-eabi/lib/thumb/v6-m/nofp/libc.a(lib_a-fstatr.o)
 .ARM.attributes
                0x0000000000000840       0x2c /home/tulip/gcc-arm-none-eabi-10.3-2021.10-x86_64-linux/gcc-arm-none-eabi-10.3-2021.10/bin/../lib/gcc/arm-none-eabi/10.3.1/../../../../arm-none-eabi/lib/thumb/v6-m/nofp/libc.a(lib_a-fvwrite.o)
 .ARM.attributes
                0x000000000000086c       0x2c /home/tulip/gcc-arm-none-eabi-10.3-2021.10-x86_64-linux/gcc-arm-none-eabi-10.3-2021.10/bin/../lib/gcc/arm-none-eabi/10.3.1/../../../../arm-none-eabi/lib/thumb/v6-m/nofp/libc.a(lib_a-isattyr.o)
 .ARM.attributes
                0x0000000000000898       0x2c /home/tulip/gcc-arm-none-eabi-10.3-2021.10-x86_64-linux/gcc-arm-none-eabi-10.3-2021.10/bin/../lib/gcc/arm-none-eabi/10.3.1/../../../../arm-none-eabi/lib/thumb/v6-m/nofp/libc.a(lib_a-locale.o)
 .ARM.attributes
                0x00000000000008c4       0x2c /home/tulip/gcc-arm-none-eabi-10.3-2021.10-x86_64-linux/gcc-arm-none-eabi-10.3-2021.10/bin/../lib/gcc/arm-none-eabi/10.3.1/../../../../arm-none-eabi/lib/thumb/v6-m/nofp/libc.a(lib_a-lseekr.o)
 .ARM.attributes
                0x00000000000008f0       0x2c /home/tulip/gcc-arm-none-eabi-10.3-2021.10-x86_64-linux/gcc-arm-none-eabi-10.3-2021.10/bin/../lib/gcc/arm-none-eabi/10.3.1/../../../../arm-none-eabi/lib/thumb/v6-m/nofp/libc.a(lib_a-mbtowc_r.o)
 .ARM.attributes
                0x000000000000091c       0x2c /home/tulip/gcc-arm-none-eabi-10.3-2021.10-x86_64-linux/gcc-arm-none-eabi-10.3-2021.10/bin/../lib/gcc/arm-none-eabi/10.3.1/../../../../arm-none-eabi/lib/thumb/v6-m/nofp/libc.a(lib_a-memmove.o)
 .ARM.attributes
                0x0000000000000948       0x2c /home/tulip/gcc-arm-none-eabi-10.3-2021.10-x86_64-linux/gcc-arm-none-eabi-10.3-2021.10/bin/../lib/gcc/arm-none-eabi/10.3.1/../../../../arm-none-eabi/lib/thumb/v6-m/nofp/libc.a(lib_a-readr.o)
 .ARM.attributes
                0x0000000000000974       0x2c /home/tulip/gcc-arm-none-eabi-10.3-2021.10-x86_64-linux/gcc-arm-none-eabi-10.3-2021.10/bin/../lib/gcc/arm-none-eabi/10.3.1/../../../../arm-none-eabi/lib/thumb/v6-m/nofp/libc.a(lib_a-reallocr.o)
 .ARM.attributes
                0x00000000000009a0       0x2c /home/tulip/gcc-arm-none-eabi-10.3-2021.10-x86_64-linux/gcc-arm-none-eabi-10.3-2021.10/bin/../lib/gcc/arm-none-eabi/10.3.1/../../../../arm-none-eabi/lib/thumb/v6-m/nofp/libc.a(lib_a-wcrtomb.o)
 .ARM.attributes
                0x00000000000009cc       0x2c /home/tulip/gcc-arm-none-eabi-10.3-2021.10-x86_64-linux/gcc-arm-none-eabi-10.3-2021.10/bin/../lib/gcc/arm-none-eabi/10.3.1/../../../../arm-none-eabi/lib/thumb/v6-m/nofp/libc.a(lib_a-wctomb_r.o)
 .ARM.attributes
                0x00000000000009f8       0x2c /home/tulip/gcc-arm-none-eabi-10.3-2021.10-x86_64-linux/gcc-arm-none-eabi-10.3-2021.10/bin/../lib/gcc/arm-none-eabi/10.3.1/../../../../arm-none-eabi/lib/thumb/v6-m/nofp/libc.a(lib_a-abort.o)
 .ARM.attributes
                0x0000000000000a24       0x2c /home/tulip/gcc-arm-none-eabi-10.3-2021.10-x86_64-linux/gcc-arm-none-eabi-10.3-2021.10/bin/../lib/gcc/arm-none-eabi/10.3.1/../../../../arm-none-eabi/lib/thumb/v6-m/nofp/libc.a(lib_a-ctype_.o)
 .ARM.attributes
                0x0000000000000a50       0x2c /home/tulip/gcc-arm-none-eabi-10.3-2021.10-x86_64-linux/gcc-arm-none-eabi-10.3-2021.10/bin/../lib/gcc/arm-none-eabi/10.3.1/../../../../arm-none-eabi/lib/thumb/v6-m/nofp/libc.a(lib_a-signal.o)
 .ARM.attributes
                0x0000000000000a7c       0x2c /home/tulip/gcc-arm-none-eabi-10.3-2021.10-x86_64-linux/gcc-arm-none-eabi-10.3-2021.10/bin/../lib/gcc/arm-none-eabi/10.3.1/../../../../arm-none-eabi/lib/thumb/v6-m/nofp/libc.a(lib_a-signalr.o)
 .ARM.attributes
                0x0000000000000aa8       0x1e /home/tulip/gcc-arm-none-eabi-10.3-2021.10-x86_64-linux/gcc-arm-none-eabi-10.3-2021.10/bin/../lib/gcc/arm-none-eabi/10.3.1/thumb/v6-m/nofp/libgcc.a(_udivsi3.o)
 .ARM.attributes
                0x0000000000000ac6       0x1e /home/tulip/gcc-arm-none-eabi-10.3-2021.10-x86_64-linux/gcc-arm-none-eabi-10.3-2021.10/bin/../lib/gcc/arm-none-eabi/10.3.1/thumb/v6-m/nofp/libgcc.a(_divsi3.o)
 .ARM.attributes
                0x0000000000000ae4       0x1e /home/tulip/gcc-arm-none-eabi-10.3-2021.10-x86_64-linux/gcc-arm-none-eabi-10.3-2021.10/bin/../lib/gcc/arm-none-eabi/10.3.1/thumb/v6-m/nofp/libgcc.a(_dvmd_tls.o)
 .ARM.attributes
                0x0000000000000b02       0x1e /home/tulip/gcc-arm-none-eabi-10.3-2021.10-x86_64-linux/gcc-arm-none-eabi-10.3-2021.10/bin/../lib/gcc/arm-none-eabi/10.3.1/thumb/v6-m/nofp/libgcc.a(_arm_cmpdf2.o)
 .ARM.attributes
                0x0000000000000b20       0x1e /home/tulip/gcc-arm-none-eabi-10.3-2021.10-x86_64-linux/gcc-arm-none-eabi-10.3-2021.10/bin/../lib/gcc/arm-none-eabi/10.3.1/thumb/v6-m/nofp/libgcc.a(_aeabi_uldivmod.o)
 .ARM.attributes
                0x0000000000000b3e       0x2c /home/tulip/gcc-arm-none-eabi-10.3-2021.10-x86_64-linux/gcc-arm-none-eabi-10.3-2021.10/bin/../lib/gcc/arm-none-eabi/10.3.1/thumb/v6-m/nofp/libgcc.a(_udivmoddi4.o)
 .ARM.attributes
                0x0000000000000b6a       0x2c /home/tulip/gcc-arm-none-eabi-10.3-2021.10-x86_64-linux/gcc-arm-none-eabi-10.3-2021.10/bin/../lib/gcc/arm-none-eabi/10.3.1/thumb/v6-m/nofp/libgcc.a(adddf3.o)
 .ARM.attributes
                0x0000000000000b96       0x2c /home/tulip/gcc-arm-none-eabi-10.3-2021.10-x86_64-linux/gcc-arm-none-eabi-10.3-2021.10/bin/../lib/gcc/arm-none-eabi/10.3.1/thumb/v6-m/nofp/libgcc.a(divdf3.o)
 .ARM.attributes
                0x0000000000000bc2       0x2c /home/tulip/gcc-arm-none-eabi-10.3-2021.10-x86_64-linux/gcc-arm-none-eabi-10.3-2021.10/bin/../lib/gcc/arm-none-eabi/10.3.1/thumb/v6-m/nofp/libgcc.a(eqdf2.o)
 .ARM.attributes
                0x0000000000000bee       0x2c /home/tulip/gcc-arm-none-eabi-10.3-2021.10-x86_64-linux/gcc-arm-none-eabi-10.3-2021.10/bin/../lib/gcc/arm-none-eabi/10.3.1/thumb/v6-m/nofp/libgcc.a(gedf2.o)
 .ARM.attributes
                0x0000000000000c1a       0x2c /home/tulip/gcc-arm-none-eabi-10.3-2021.10-x86_64-linux/gcc-arm-none-eabi-10.3-2021.10/bin/../lib/gcc/arm-none-eabi/10.3.1/thumb/v6-m/nofp/libgcc.a(ledf2.o)
 .ARM.attributes
                0x0000000000000c46       0x2c /home/tulip/gcc-arm-none-eabi-10.3-2021.10-x86_64-linux/gcc-arm-none-eabi-10.3-2021.10/bin/../lib/gcc/arm-none-eabi/10.3.1/thumb/v6-m/nofp/libgcc.a(muldf3.o)
 .ARM.attributes
                0x0000000000000c72       0x2c /home/tulip/gcc-arm-none-eabi-10.3-2021.10-x86_64-linux/gcc-arm-none-eabi-10.3-2021.10/bin/../lib/gcc/arm-none-eabi/10.3.1/thumb/v6-m/nofp/libgcc.a(subdf3.o)
 .ARM.attributes
                0x0000000000000c9e       0x2c /home/tulip/gcc-arm-none-eabi-10.3-2021.10-x86_64-linux/gcc-arm-none-eabi-10.3-2021.10/bin/../lib/gcc/arm-none-eabi/10.3.1/thumb/v6-m/nofp/libgcc.a(unorddf2.o)
 .ARM.attributes
                0x0000000000000cca       0x2c /home/tulip/gcc-arm-none-eabi-10.3-2021.10-x86_64-linux/gcc-arm-none-eabi-10.3-2021.10/bin/../lib/gcc/arm-none-eabi/10.3.1/thumb/v6-m/nofp/libgcc.a(fixdfsi.o)
 .ARM.attributes
                0x0000000000000cf6       0x2c /home/tulip/gcc-arm-none-eabi-10.3-2021.10-x86_64-linux/gcc-arm-none-eabi-10.3-2021.10/bin/../lib/gcc/arm-none-eabi/10.3.1/thumb/v6-m/nofp/libgcc.a(floatsidf.o)
 .ARM.attributes
                0x0000000000000d22       0x2c /home/tulip/gcc-arm-none-eabi-10.3-2021.10-x86_64-linux/gcc-arm-none-eabi-10.3-2021.10/bin/../lib/gcc/arm-none-eabi/10.3.1/thumb/v6-m/nofp/libgcc.a(floatunsidf.o)
 .ARM.attributes
                0x0000000000000d4e       0x1e /home/tulip/gcc-arm-none-eabi-10.3-2021.10-x86_64-linux/gcc-arm-none-eabi-10.3-2021.10/bin/../lib/gcc/arm-none-eabi/10.3.1/thumb/v6-m/nofp/libgcc.a(_clzsi2.o)
 .ARM.attributes
                0x0000000000000d6c       0x1e /home/tulip/gcc-arm-none-eabi-10.3-2021.10-x86_64-linux/gcc-arm-none-eabi-10.3-2021.10/bin/../lib/gcc/arm-none-eabi/10.3.1/thumb/v6-m/nofp/libgcc.a(_clzdi2.o)

.debug_frame    0x0000000000000000     0x180c
 .debug_frame   0x0000000000000000       0x60 build/ble_phy.o
 .debug_frame   0x0000000000000060       0xa0 build/ble_print.o
 .debug_frame   0x0000000000000100       0x38 build/leds.o
 .debug_frame   0x0000000000000138       0x68 build/Main.o
 .debug_frame   0x00000000000001a0       0x38 build/startup.o
 .debug_frame   0x00000000000001d8       0xc4 build/stdlib_impl.o
 .debug_frame   0x000000000000029c       0x30 build/uart.o
 .debug_frame   0x00000000000002cc       0x2c /home/tulip/gcc-arm-none-eabi-10.3-2021.10-x86_64-linux/gcc-arm-none-eabi-10.3-2021.10/bin/../lib/gcc/arm-none-eabi/10.3.1/../../../../arm-none-eabi/lib/thumb/v6-m/nofp/libc.a(lib_a-memcmp.o)
 .debug_frame   0x00000000000002f8       0x34 /home/tulip/gcc-arm-none-eabi-10.3-2021.10-x86_64-linux/gcc-arm-none-eabi-10.3-2021.10/bin/../lib/gcc/arm-none-eabi/10.3.1/../../../../arm-none-eabi/lib/thumb/v6-m/nofp/libc.a(lib_a-memcpy-stub.o)
 .debug_frame   0x000000000000032c       0x30 /home/tulip/gcc-arm-none-eabi-10.3-2021.10-x86_64-linux/gcc-arm-none-eabi-10.3-2021.10/bin/../lib/gcc/arm-none-eabi/10.3.1/../../../../arm-none-eabi/lib/thumb/v6-m/nofp/libc.a(lib_a-memset.o)
 .debug_frame   0x000000000000035c       0x48 /home/tulip/gcc-arm-none-eabi-10.3-2021.10-x86_64-linux/gcc-arm-none-eabi-10.3-2021.10/bin/../lib/gcc/arm-none-eabi/10.3.1/../../../../arm-none-eabi/lib/thumb/v6-m/nofp/libc.a(lib_a-printf.o)
 .debug_frame   0x00000000000003a4       0x40 /home/tulip/gcc-arm-none-eabi-10.3-2021.10-x86_64-linux/gcc-arm-none-eabi-10.3-2021.10/bin/../lib/gcc/arm-none-eabi/10.3.1/../../../../arm-none-eabi/lib/thumb/v6-m/nofp/libc.a(lib_a-putchar.o)
 .debug_frame   0x00000000000003e4       0x50 /home/tulip/gcc-arm-none-eabi-10.3-2021.10-x86_64-linux/gcc-arm-none-eabi-10.3-2021.10/bin/../lib/gcc/arm-none-eabi/10.3.1/../../../../arm-none-eabi/lib/thumb/v6-m/nofp/libc.a(lib_a-reent.o)
 .debug_frame   0x0000000000000434       0x48 /home/tulip/gcc-arm-none-eabi-10.3-2021.10-x86_64-linux/gcc-arm-none-eabi-10.3-2021.10/bin/../lib/gcc/arm-none-eabi/10.3.1/../../../../arm-none-eabi/lib/thumb/v6-m/nofp/libc.a(lib_a-sprintf.o)
 .debug_frame   0x000000000000047c       0x3c /home/tulip/gcc-arm-none-eabi-10.3-2021.10-x86_64-linux/gcc-arm-none-eabi-10.3-2021.10/bin/../lib/gcc/arm-none-eabi/10.3.1/../../../../arm-none-eabi/lib/thumb/v6-m/nofp/libc.a(lib_a-svfprintf.o)
 .debug_frame   0x00000000000004b8       0x78 /home/tulip/gcc-arm-none-eabi-10.3-2021.10-x86_64-linux/gcc-arm-none-eabi-10.3-2021.10/bin/../lib/gcc/arm-none-eabi/10.3.1/../../../../arm-none-eabi/lib/thumb/v6-m/nofp/libc.a(lib_a-vfprintf.o)
 .debug_frame   0x0000000000000530       0x2c /home/tulip/gcc-arm-none-eabi-10.3-2021.10-x86_64-linux/gcc-arm-none-eabi-10.3-2021.10/bin/../lib/gcc/arm-none-eabi/10.3.1/../../../../arm-none-eabi/lib/thumb/v6-m/nofp/libc.a(lib_a-wsetup.o)
 .debug_frame   0x000000000000055c       0x68 /home/tulip/gcc-arm-none-eabi-10.3-2021.10-x86_64-linux/gcc-arm-none-eabi-10.3-2021.10/bin/../lib/gcc/arm-none-eabi/10.3.1/../../../../arm-none-eabi/lib/thumb/v6-m/nofp/libc.a(lib_a-dtoa.o)
 .debug_frame   0x00000000000005c4       0x6c /home/tulip/gcc-arm-none-eabi-10.3-2021.10-x86_64-linux/gcc-arm-none-eabi-10.3-2021.10/bin/../lib/gcc/arm-none-eabi/10.3.1/../../../../arm-none-eabi/lib/thumb/v6-m/nofp/libc.a(lib_a-fflush.o)
 .debug_frame   0x0000000000000630      0x170 /home/tulip/gcc-arm-none-eabi-10.3-2021.10-x86_64-linux/gcc-arm-none-eabi-10.3-2021.10/bin/../lib/gcc/arm-none-eabi/10.3.1/../../../../arm-none-eabi/lib/thumb/v6-m/nofp/libc.a(lib_a-findfp.o)
 .debug_frame   0x00000000000007a0       0x54 /home/tulip/gcc-arm-none-eabi-10.3-2021.10-x86_64-linux/gcc-arm-none-eabi-10.3-2021.10/bin/../lib/gcc/arm-none-eabi/10.3.1/../../../../arm-none-eabi/lib/thumb/v6-m/nofp/libc.a(lib_a-freer.o)
 .debug_frame   0x00000000000007f4       0x5c /home/tulip/gcc-arm-none-eabi-10.3-2021.10-x86_64-linux/gcc-arm-none-eabi-10.3-2021.10/bin/../lib/gcc/arm-none-eabi/10.3.1/../../../../arm-none-eabi/lib/thumb/v6-m/nofp/libc.a(lib_a-fwalk.o)
 .debug_frame   0x0000000000000850       0x40 /home/tulip/gcc-arm-none-eabi-10.3-2021.10-x86_64-linux/gcc-arm-none-eabi-10.3-2021.10/bin/../lib/gcc/arm-none-eabi/10.3.1/../../../../arm-none-eabi/lib/thumb/v6-m/nofp/libc.a(lib_a-localeconv.o)
 .debug_frame   0x0000000000000890       0xb0 /home/tulip/gcc-arm-none-eabi-10.3-2021.10-x86_64-linux/gcc-arm-none-eabi-10.3-2021.10/bin/../lib/gcc/arm-none-eabi/10.3.1/../../../../arm-none-eabi/lib/thumb/v6-m/nofp/libc.a(lib_a-lock.o)
 .debug_frame   0x0000000000000940       0x58 /home/tulip/gcc-arm-none-eabi-10.3-2021.10-x86_64-linux/gcc-arm-none-eabi-10.3-2021.10/bin/../lib/gcc/arm-none-eabi/10.3.1/../../../../arm-none-eabi/lib/thumb/v6-m/nofp/libc.a(lib_a-makebuf.o)
 .debug_frame   0x0000000000000998       0x3c /home/tulip/gcc-arm-none-eabi-10.3-2021.10-x86_64-linux/gcc-arm-none-eabi-10.3-2021.10/bin/../lib/gcc/arm-none-eabi/10.3.1/../../../../arm-none-eabi/lib/thumb/v6-m/nofp/libc.a(lib_a-mallocr.o)
 .debug_frame   0x00000000000009d4       0x2c /home/tulip/gcc-arm-none-eabi-10.3-2021.10-x86_64-linux/gcc-arm-none-eabi-10.3-2021.10/bin/../lib/gcc/arm-none-eabi/10.3.1/../../../../arm-none-eabi/lib/thumb/v6-m/nofp/libc.a(lib_a-memchr-stub.o)
 .debug_frame   0x0000000000000a00       0x40 /home/tulip/gcc-arm-none-eabi-10.3-2021.10-x86_64-linux/gcc-arm-none-eabi-10.3-2021.10/bin/../lib/gcc/arm-none-eabi/10.3.1/../../../../arm-none-eabi/lib/thumb/v6-m/nofp/libc.a(lib_a-mlock.o)
 .debug_frame   0x0000000000000a40      0x258 /home/tulip/gcc-arm-none-eabi-10.3-2021.10-x86_64-linux/gcc-arm-none-eabi-10.3-2021.10/bin/../lib/gcc/arm-none-eabi/10.3.1/../../../../arm-none-eabi/lib/thumb/v6-m/nofp/libc.a(lib_a-mprec.o)
 .debug_frame   0x0000000000000c98       0x48 /home/tulip/gcc-arm-none-eabi-10.3-2021.10-x86_64-linux/gcc-arm-none-eabi-10.3-2021.10/bin/../lib/gcc/arm-none-eabi/10.3.1/../../../../arm-none-eabi/lib/thumb/v6-m/nofp/libc.a(lib_a-putc.o)
 .debug_frame   0x0000000000000ce0       0x2c /home/tulip/gcc-arm-none-eabi-10.3-2021.10-x86_64-linux/gcc-arm-none-eabi-10.3-2021.10/bin/../lib/gcc/arm-none-eabi/10.3.1/../../../../arm-none-eabi/lib/thumb/v6-m/nofp/libc.a(lib_a-s_frexp.o)
 .debug_frame   0x0000000000000d0c       0x2c /home/tulip/gcc-arm-none-eabi-10.3-2021.10-x86_64-linux/gcc-arm-none-eabi-10.3-2021.10/bin/../lib/gcc/arm-none-eabi/10.3.1/../../../../arm-none-eabi/lib/thumb/v6-m/nofp/libc.a(lib_a-sbrkr.o)
 .debug_frame   0x0000000000000d38       0x90 /home/tulip/gcc-arm-none-eabi-10.3-2021.10-x86_64-linux/gcc-arm-none-eabi-10.3-2021.10/bin/../lib/gcc/arm-none-eabi/10.3.1/../../../../arm-none-eabi/lib/thumb/v6-m/nofp/libc.a(lib_a-stdio.o)
 .debug_frame   0x0000000000000dc8       0x28 /home/tulip/gcc-arm-none-eabi-10.3-2021.10-x86_64-linux/gcc-arm-none-eabi-10.3-2021.10/bin/../lib/gcc/arm-none-eabi/10.3.1/../../../../arm-none-eabi/lib/thumb/v6-m/nofp/libc.a(lib_a-strlen-stub.o)
 .debug_frame   0x0000000000000df0       0x30 /home/tulip/gcc-arm-none-eabi-10.3-2021.10-x86_64-linux/gcc-arm-none-eabi-10.3-2021.10/bin/../lib/gcc/arm-none-eabi/10.3.1/../../../../arm-none-eabi/lib/thumb/v6-m/nofp/libc.a(lib_a-strncpy.o)
 .debug_frame   0x0000000000000e20       0x68 /home/tulip/gcc-arm-none-eabi-10.3-2021.10-x86_64-linux/gcc-arm-none-eabi-10.3-2021.10/bin/../lib/gcc/arm-none-eabi/10.3.1/../../../../arm-none-eabi/lib/thumb/v6-m/nofp/libc.a(lib_a-svfiprintf.o)
 .debug_frame   0x0000000000000e88       0xbc /home/tulip/gcc-arm-none-eabi-10.3-2021.10-x86_64-linux/gcc-arm-none-eabi-10.3-2021.10/bin/../lib/gcc/arm-none-eabi/10.3.1/../../../../arm-none-eabi/lib/thumb/v6-m/nofp/libc.a(lib_a-vfiprintf.o)
 .debug_frame   0x0000000000000f44       0x48 /home/tulip/gcc-arm-none-eabi-10.3-2021.10-x86_64-linux/gcc-arm-none-eabi-10.3-2021.10/bin/../lib/gcc/arm-none-eabi/10.3.1/../../../../arm-none-eabi/lib/thumb/v6-m/nofp/libc.a(lib_a-wbuf.o)
 .debug_frame   0x0000000000000f8c       0x2c /home/tulip/gcc-arm-none-eabi-10.3-2021.10-x86_64-linux/gcc-arm-none-eabi-10.3-2021.10/bin/../lib/gcc/arm-none-eabi/10.3.1/../../../../arm-none-eabi/lib/thumb/v6-m/nofp/libc.a(lib_a-writer.o)
 .debug_frame   0x0000000000000fb8       0x44 /home/tulip/gcc-arm-none-eabi-10.3-2021.10-x86_64-linux/gcc-arm-none-eabi-10.3-2021.10/bin/../lib/gcc/arm-none-eabi/10.3.1/../../../../arm-none-eabi/lib/thumb/v6-m/nofp/libc.a(lib_a-assert.o)
 .debug_frame   0x0000000000000ffc       0x2c /home/tulip/gcc-arm-none-eabi-10.3-2021.10-x86_64-linux/gcc-arm-none-eabi-10.3-2021.10/bin/../lib/gcc/arm-none-eabi/10.3.1/../../../../arm-none-eabi/lib/thumb/v6-m/nofp/libc.a(lib_a-callocr.o)
 .debug_frame   0x0000000000001028       0x2c /home/tulip/gcc-arm-none-eabi-10.3-2021.10-x86_64-linux/gcc-arm-none-eabi-10.3-2021.10/bin/../lib/gcc/arm-none-eabi/10.3.1/../../../../arm-none-eabi/lib/thumb/v6-m/nofp/libc.a(lib_a-closer.o)
 .debug_frame   0x0000000000001054       0x20 /home/tulip/gcc-arm-none-eabi-10.3-2021.10-x86_64-linux/gcc-arm-none-eabi-10.3-2021.10/bin/../lib/gcc/arm-none-eabi/10.3.1/../../../../arm-none-eabi/lib/thumb/v6-m/nofp/libc.a(lib_a-errno.o)
 .debug_frame   0x0000000000001074       0x48 /home/tulip/gcc-arm-none-eabi-10.3-2021.10-x86_64-linux/gcc-arm-none-eabi-10.3-2021.10/bin/../lib/gcc/arm-none-eabi/10.3.1/../../../../arm-none-eabi/lib/thumb/v6-m/nofp/libc.a(lib_a-fclose.o)
 .debug_frame   0x00000000000010bc       0x48 /home/tulip/gcc-arm-none-eabi-10.3-2021.10-x86_64-linux/gcc-arm-none-eabi-10.3-2021.10/bin/../lib/gcc/arm-none-eabi/10.3.1/../../../../arm-none-eabi/lib/thumb/v6-m/nofp/libc.a(lib_a-fiprintf.o)
 .debug_frame   0x0000000000001104       0x70 /home/tulip/gcc-arm-none-eabi-10.3-2021.10-x86_64-linux/gcc-arm-none-eabi-10.3-2021.10/bin/../lib/gcc/arm-none-eabi/10.3.1/../../../../arm-none-eabi/lib/thumb/v6-m/nofp/libc.a(lib_a-fputwc.o)
 .debug_frame   0x0000000000001174       0x2c /home/tulip/gcc-arm-none-eabi-10.3-2021.10-x86_64-linux/gcc-arm-none-eabi-10.3-2021.10/bin/../lib/gcc/arm-none-eabi/10.3.1/../../../../arm-none-eabi/lib/thumb/v6-m/nofp/libc.a(lib_a-fstatr.o)
 .debug_frame   0x00000000000011a0       0x3c /home/tulip/gcc-arm-none-eabi-10.3-2021.10-x86_64-linux/gcc-arm-none-eabi-10.3-2021.10/bin/../lib/gcc/arm-none-eabi/10.3.1/../../../../arm-none-eabi/lib/thumb/v6-m/nofp/libc.a(lib_a-fvwrite.o)
 .debug_frame   0x00000000000011dc       0x2c /home/tulip/gcc-arm-none-eabi-10.3-2021.10-x86_64-linux/gcc-arm-none-eabi-10.3-2021.10/bin/../lib/gcc/arm-none-eabi/10.3.1/../../../../arm-none-eabi/lib/thumb/v6-m/nofp/libc.a(lib_a-isattyr.o)
 .debug_frame   0x0000000000001208       0x58 /home/tulip/gcc-arm-none-eabi-10.3-2021.10-x86_64-linux/gcc-arm-none-eabi-10.3-2021.10/bin/../lib/gcc/arm-none-eabi/10.3.1/../../../../arm-none-eabi/lib/thumb/v6-m/nofp/libc.a(lib_a-locale.o)
 .debug_frame   0x0000000000001260       0x2c /home/tulip/gcc-arm-none-eabi-10.3-2021.10-x86_64-linux/gcc-arm-none-eabi-10.3-2021.10/bin/../lib/gcc/arm-none-eabi/10.3.1/../../../../arm-none-eabi/lib/thumb/v6-m/nofp/libc.a(lib_a-lseekr.o)
 .debug_frame   0x000000000000128c       0x40 /home/tulip/gcc-arm-none-eabi-10.3-2021.10-x86_64-linux/gcc-arm-none-eabi-10.3-2021.10/bin/../lib/gcc/arm-none-eabi/10.3.1/../../../../arm-none-eabi/lib/thumb/v6-m/nofp/libc.a(lib_a-mbtowc_r.o)
 .debug_frame   0x00000000000012cc       0x30 /home/tulip/gcc-arm-none-eabi-10.3-2021.10-x86_64-linux/gcc-arm-none-eabi-10.3-2021.10/bin/../lib/gcc/arm-none-eabi/10.3.1/../../../../arm-none-eabi/lib/thumb/v6-m/nofp/libc.a(lib_a-memmove.o)
 .debug_frame   0x00000000000012fc       0x2c /home/tulip/gcc-arm-none-eabi-10.3-2021.10-x86_64-linux/gcc-arm-none-eabi-10.3-2021.10/bin/../lib/gcc/arm-none-eabi/10.3.1/../../../../arm-none-eabi/lib/thumb/v6-m/nofp/libc.a(lib_a-readr.o)
 .debug_frame   0x0000000000001328       0x3c /home/tulip/gcc-arm-none-eabi-10.3-2021.10-x86_64-linux/gcc-arm-none-eabi-10.3-2021.10/bin/../lib/gcc/arm-none-eabi/10.3.1/../../../../arm-none-eabi/lib/thumb/v6-m/nofp/libc.a(lib_a-reallocr.o)
 .debug_frame   0x0000000000001364       0x50 /home/tulip/gcc-arm-none-eabi-10.3-2021.10-x86_64-linux/gcc-arm-none-eabi-10.3-2021.10/bin/../lib/gcc/arm-none-eabi/10.3.1/../../../../arm-none-eabi/lib/thumb/v6-m/nofp/libc.a(lib_a-wcrtomb.o)
 .debug_frame   0x00000000000013b4       0x3c /home/tulip/gcc-arm-none-eabi-10.3-2021.10-x86_64-linux/gcc-arm-none-eabi-10.3-2021.10/bin/../lib/gcc/arm-none-eabi/10.3.1/../../../../arm-none-eabi/lib/thumb/v6-m/nofp/libc.a(lib_a-wctomb_r.o)
 .debug_frame   0x00000000000013f0       0x28 /home/tulip/gcc-arm-none-eabi-10.3-2021.10-x86_64-linux/gcc-arm-none-eabi-10.3-2021.10/bin/../lib/gcc/arm-none-eabi/10.3.1/../../../../arm-none-eabi/lib/thumb/v6-m/nofp/libc.a(lib_a-abort.o)
 .debug_frame   0x0000000000001418       0xfc /home/tulip/gcc-arm-none-eabi-10.3-2021.10-x86_64-linux/gcc-arm-none-eabi-10.3-2021.10/bin/../lib/gcc/arm-none-eabi/10.3.1/../../../../arm-none-eabi/lib/thumb/v6-m/nofp/libc.a(lib_a-signal.o)
 .debug_frame   0x0000000000001514       0x44 /home/tulip/gcc-arm-none-eabi-10.3-2021.10-x86_64-linux/gcc-arm-none-eabi-10.3-2021.10/bin/../lib/gcc/arm-none-eabi/10.3.1/../../../../arm-none-eabi/lib/thumb/v6-m/nofp/libc.a(lib_a-signalr.o)
 .debug_frame   0x0000000000001558       0x20 /home/tulip/gcc-arm-none-eabi-10.3-2021.10-x86_64-linux/gcc-arm-none-eabi-10.3-2021.10/bin/../lib/gcc/arm-none-eabi/10.3.1/thumb/v6-m/nofp/libgcc.a(_udivsi3.o)
 .debug_frame   0x0000000000001578       0x20 /home/tulip/gcc-arm-none-eabi-10.3-2021.10-x86_64-linux/gcc-arm-none-eabi-10.3-2021.10/bin/../lib/gcc/arm-none-eabi/10.3.1/thumb/v6-m/nofp/libgcc.a(_divsi3.o)
 .debug_frame   0x0000000000001598       0x3c /home/tulip/gcc-arm-none-eabi-10.3-2021.10-x86_64-linux/gcc-arm-none-eabi-10.3-2021.10/bin/../lib/gcc/arm-none-eabi/10.3.1/thumb/v6-m/nofp/libgcc.a(_udivmoddi4.o)
 .debug_frame   0x00000000000015d4       0x38 /home/tulip/gcc-arm-none-eabi-10.3-2021.10-x86_64-linux/gcc-arm-none-eabi-10.3-2021.10/bin/../lib/gcc/arm-none-eabi/10.3.1/thumb/v6-m/nofp/libgcc.a(adddf3.o)
 .debug_frame   0x000000000000160c       0x3c /home/tulip/gcc-arm-none-eabi-10.3-2021.10-x86_64-linux/gcc-arm-none-eabi-10.3-2021.10/bin/../lib/gcc/arm-none-eabi/10.3.1/thumb/v6-m/nofp/libgcc.a(divdf3.o)
 .debug_frame   0x0000000000001648       0x38 /home/tulip/gcc-arm-none-eabi-10.3-2021.10-x86_64-linux/gcc-arm-none-eabi-10.3-2021.10/bin/../lib/gcc/arm-none-eabi/10.3.1/thumb/v6-m/nofp/libgcc.a(eqdf2.o)