Archive member included to satisfy reference by file (symbol)

/usr/lib/gcc/arm-none-eabi/14.2.0/thumb/v6-m/nofp/libgcc.a(_divsi3.o)
                              build/Main.o (__aeabi_idiv)
/usr/lib/gcc/arm-none-eabi/14.2.0/thumb/v6-m/nofp/libgcc.a(_dvmd_tls.o)
                              /usr/lib/gcc/arm-none-eabi/14.2.0/thumb/v6-m/nofp/libgcc.a(_divsi3.o) (__aeabi_idiv0)
/usr/lib/gcc/arm-none-eabi/14.2.0/../../../../arm-none-eabi/lib/thumb/v6-m/nofp/libc.a(libc_a-printf.o)
                              build/ble.o (printf)
/usr/lib/gcc/arm-none-eabi/14.2.0/../../../../arm-none-eabi/lib/thumb/v6-m/nofp/libc.a(libc_a-putchar.o)
                              build/utils.o (putchar)
/usr/lib/gcc/arm-none-eabi/14.2.0/../../../../arm-none-eabi/lib/thumb/v6-m/nofp/libc.a(libc_a-memcmp.o)
                              build/device_store.o (memcmp)
/usr/lib/gcc/arm-none-eabi/14.2.0/../../../../arm-none-eabi/lib/thumb/v6-m/nofp/libc.a(libc_a-memset.o)
                              build/startup.o (memset)
/usr/lib/gcc/arm-none-eabi/14.2.0/../../../../arm-none-eabi/lib/thumb/v6-m/nofp/libc.a(libc_a-strncmp.o)
                              build/device_store.o (strncmp)
/usr/lib/gcc/arm-none-eabi/14.2.0/../../../../arm-none-eabi/lib/thumb/v6-m/nofp/libc.a(libc_a-reent.o)
                              build/stdlib_impl.o (errno)
/usr/lib/gcc/arm-none-eabi/14.2.0/../../../../arm-none-eabi/lib/thumb/v6-m/nofp/libc.a(libc_a-impure.o)
                              /usr/lib/gcc/arm-none-eabi/14.2.0/../../../../arm-none-eabi/lib/thumb/v6-m/nofp/libc.a(libc_a-printf.o) (_impure_ptr)
/usr/lib/gcc/arm-none-eabi/14.2.0/../../../../arm-none-eabi/lib/thumb/v6-m/nofp/libc.a(libc_a-memcpy-stub.o)
                              build/device_store.o (memcpy)
/usr/lib/gcc/arm-none-eabi/14.2.0/../../../../arm-none-eabi/lib/thumb/v6-m/nofp/libc.a(libc_a-strlen-stub.o)
                              build/device_store.o (strlen)
/usr/lib/gcc/arm-none-eabi/14.2.0/../../../../arm-none-eabi/lib/thumb/v6-m/nofp/libc.a(libc_a-freer.o)
                              /usr/lib/gcc/arm-none-eabi/14.2.0/../../../../arm-none-eabi/lib/thumb/v6-m/nofp/libc.a(libc_a-reent.o) (_free_r)
/usr/lib/gcc/arm-none-eabi/14.2.0/../../../../arm-none-eabi/lib/thumb/v6-m/nofp/libc.a(libc_a-mallocr.o)
                              /usr/lib/gcc/arm-none-eabi/14.2.0/../../../../arm-none-eabi/lib/thumb/v6-m/nofp/libc.a(libc_a-freer.o) (__malloc_av_)
/usr/lib/gcc/arm-none-eabi/14.2.0/../../../../arm-none-eabi/lib/thumb/v6-m/nofp/libc.a(libc_a-mlock.o)
                              /usr/lib/gcc/arm-none-eabi/14.2.0/../../../../arm-none-eabi/lib/thumb/v6-m/nofp/libc.a(libc_a-freer.o) (__malloc_lock)
/usr/lib/gcc/arm-none-eabi/14.2.0/../../../../arm-none-eabi/lib/thumb/v6-m/nofp/libc.a(libc_a-vfprintf.o)
                              /usr/lib/gcc/arm-none-eabi/14.2.0/../../../../arm-none-eabi/lib/thumb/v6-m/nofp/libc.a(libc_a-printf.o) (_vfprintf_r)
/usr/lib/gcc/arm-none-eabi/14.2.0/../../../../arm-none-eabi/lib/thumb/v6-m/nofp/libc.a(libc_a-sprint_r.o)
                              /usr/lib/gcc/arm-none-eabi/14.2.0/../../../../arm-none-eabi/lib/thumb/v6-m/nofp/libc.a(libc_a-vfprintf.o) (__sprint_r)
/usr/lib/gcc/arm-none-eabi/14.2.0/../../../../arm-none-eabi/lib/thumb/v6-m/nofp/libc.a(libc_a-fflush.o)
                              /usr/lib/gcc/arm-none-eabi/14.2.0/../../../../arm-none-eabi/lib/thumb/v6-m/nofp/libc.a(libc_a-vfprintf.o) (_fflush_r)
/usr/lib/gcc/arm-none-eabi/14.2.0/../../../../arm-none-eabi/lib/thumb/v6-m/nofp/libc.a(libc_a-findfp.o)
                              /usr/lib/gcc/arm-none-eabi/14.2.0/../../../../arm-none-eabi/lib/thumb/v6-m/nofp/libc.a(libc_a-fflush.o) (__sglue)
/usr/lib/gcc/arm-none-eabi/14.2.0/../../../../arm-none-eabi/lib/thumb/v6-m/nofp/libc.a(libc_a-fvwrite.o)
                              /usr/lib/gcc/arm-none-eabi/14.2.0/../../../../arm-none-eabi/lib/thumb/v6-m/nofp/libc.a(libc_a-sprint_r.o) (__sfvwrite_r)
/usr/lib/gcc/arm-none-eabi/14.2.0/../../../../arm-none-eabi/lib/thumb/v6-m/nofp/libc.a(libc_a-fwalk.o)
                              /usr/lib/gcc/arm-none-eabi/14.2.0/../../../../arm-none-eabi/lib/thumb/v6-m/nofp/libc.a(libc_a-fflush.o) (_fwalk_sglue)
/usr/lib/gcc/arm-none-eabi/14.2.0/../../../../arm-none-eabi/lib/thumb/v6-m/nofp/libc.a(libc_a-putc.o)
                              /usr/lib/gcc/arm-none-eabi/14.2.0/../../../../arm-none-eabi/lib/thumb/v6-m/nofp/libc.a(libc_a-putchar.o) (_putc_r)
/usr/lib/gcc/arm-none-eabi/14.2.0/../../../../arm-none-eabi/lib/thumb/v6-m/nofp/libc.a(libc_a-stdio.o)
                              /usr/lib/gcc/arm-none-eabi/14.2.0/../../../../arm-none-eabi/lib/thumb/v6-m/nofp/libc.a(libc_a-findfp.o) (__sread)
/usr/lib/gcc/arm-none-eabi/14.2.0/../../../../arm-none-eabi/lib/thumb/v6-m/nofp/libc.a(libc_a-wbuf.o)
                              /usr/lib/gcc/arm-none-eabi/14.2.0/../../../../arm-none-eabi/lib/thumb/v6-m/nofp/libc.a(libc_a-putc.o) (__swbuf_r)
[...]
Memory Configuration

Name             Origin             Length             Attributes
FLASH            0x00000000         0x00040000         xr
RAM              0x20000000         0x00008000         xrw
*default*        0x00000000         0xffffffff

Linker script and memory map

LOAD build/ble.o
LOAD build/ble_phy.o
LOAD build/device_store.o
LOAD build/leds.o
LOAD build/Main.o
LOAD build/startup.o
LOAD build/stdlib_impl.o
LOAD build/timer.o
LOAD build/uart.o
LOAD build/utils.o
START GROUP
LOAD /usr/lib/gcc/arm-none-eabi/14.2.0/thumb/v6-m/nofp/libgcc.a
LOAD /usr/lib/gcc/arm-none-eabi/14.2.0/../../../../arm-none-eabi/lib/thumb/v6-m/nofp/libc.a
END GROUP
                0x00000800                        _minimum_stack_size = 0x800

.text           0x00000000     0x9cc0
 *(.isr_vector)
 .isr_vector    0x00000000       0xc0 build/startup.o
                0x00000000                interrupt_vectors
 *(.text)
 .text          0x000000c0       0xa8 /usr/lib/gcc/arm-none-eabi/14.2.0/thumb/v6-m/nofp/libgcc.a(_divsi3.o)
                0x000000c0                __aeabi_idiv
                0x000000c0                __divsi3
                0x00000154                __aeabi_idivmod
 .text          0x00000168        0x4 /usr/lib/gcc/arm-none-eabi/14.2.0/thumb/v6-m/nofp/libgcc.a(_dvmd_tls.o)
                0x00000168                __aeabi_ldiv0
                0x00000168                __aeabi_idiv0
 .text          0x0000016c       0x8c /usr/lib/gcc/arm-none-eabi/14.2.0/thumb/v6-m/nofp/libgcc.a(_udivsi3.o)
                0x0000016c                __udivsi3
                0x0000016c                __aeabi_uidiv
                0x000001e4                __aeabi_uidivmod
 .text          0x000001f8       0x7c /usr/lib/gcc/arm-none-eabi/14.2.0/thumb/v6-m/nofp/libgcc.a(_arm_cmpdf2.o)
                0x000001f8                __aeabi_cdrcmple
                0x00000208                __aeabi_cdcmple
                0x00000208                __aeabi_cdcmpeq
                0x00000218                __aeabi_dcmpeq
                0x00000224                __aeabi_dcmplt
                0x00000238                __aeabi_dcmple
                0x0000024c                __aeabi_dcmpgt
                0x00000260                __aeabi_dcmpge
 .text          0x00000274       0x40 /usr/lib/gcc/arm-none-eabi/14.2.0/thumb/v6-m/nofp/libgcc.a(_aeabi_uldivmod.o)
                0x00000274                __aeabi_uldivmod
 .text          0x000002b4       0x14 /usr/lib/gcc/arm-none-eabi/14.2.0/thumb/v6-m/nofp/libgcc.a(_thumb1_case_uhi.o)
                0x000002b4                __gnu_thumb1_case_uhi
 .text          0x000002c8       0x18 /usr/lib/gcc/arm-none-eabi/14.2.0/thumb/v6-m/nofp/libgcc.a(_lshrdi3.o)
                0x000002c8                __aeabi_llsr
                0x000002c8                __lshrdi3
 .text          0x000002e0       0x18 /usr/lib/gcc/arm-none-eabi/14.2.0/thumb/v6-m/nofp/libgcc.a(_ashldi3.o)
                0x000002e0                __ashldi3
                0x000002e0                __aeabi_llsl
 .text          0x000002f8       0x3c /usr/lib/gcc/arm-none-eabi/14.2.0/thumb/v6-m/nofp/libgcc.a(_clzsi2.o)
                0x000002f8                __clzsi2
 .text          0x00000334       0x18 /usr/lib/gcc/arm-none-eabi/14.2.0/thumb/v6-m/nofp/libgcc.a(_clzdi2.o)
                0x00000334                __clzdi2
 *(.text.*)
 .text.init_pdu_buffer_pointer
                0x0000034c        0xc build/ble.o
                0x0000034c                init_pdu_buffer_pointer
 .text.analyse_adv_pdu
                0x00000358       0x38 build/ble.o
                0x00000358                analyse_adv_pdu
 .text.analyse_packet_data
                0x00000390      0x118 build/ble.o
                0x00000390                analyse_packet_data
 .text.ble_init
                0x000004a8       0xe8 build/ble_phy.o
                0x000004a8                ble_init
 .text.ble_start_rx
                0x00000590       0xd4 build/ble_phy.o
                0x00000590                ble_start_rx
 .text.RADIO_IRQHandler
                0x00000664      0x124 build/ble_phy.o
                0x00000664                RADIO_IRQHandler
 .text.set_device_name_prefix_filter
                0x00000788       0x28 build/device_store.o
                0x00000788                set_device_name_prefix_filter
 .text.get_device_name
                0x000007b0       0x44 build/device_store.o
                0x000007b0                get_device_name
 .text.add_device_with_matched_name
                0x000007f4       0xd8 build/device_store.o
                0x000007f4                add_device_with_matched_name
 .text.update_existing_device
                0x000008cc       0x94 build/device_store.o
                0x000008cc                update_existing_device
 .text.execute_callback_advdata_for_each_device
                0x00000960       0x54 build/device_store.o
                0x00000960                execute_callback_advdata_for_each_device
 .text.led_toogle
                0x000009b4       0x28 build/leds.o
                0x000009b4                led_toogle
 .text.led_init
                0x000009dc       0x3c build/leds.o
                0x000009dc                led_init
 .text.analyse_sensor_data
                0x00000a18       0x80 build/Main.o
 .text.startup.main
                0x00000a98       0xec build/Main.o
                0x00000a98                main
 .text.Default_Handler
                0x00000b84        0x4 build/Main.o
                0x00000b84                Default_Handler
 .text.Default_Handler
                0x00000b88        0x4 build/startup.o
                0x00000b88                SPI0_TWI0_IRQHandler
                0x00000b88                RTC0_IRQHandler
                0x00000b88                HardFault_Handler
                0x00000b88                SysTick_Handler
                0x00000b88                GPIOTE_IRQHandler
                0x00000b88                PendSV_Handler
                0x00000b88                NMI_Handler
                0x00000b88                POWER_CLOCK_IRQHandler
                0x00000b88                LPCOMP_IRQHandler
                0x00000b88                SWI4_IRQHandler
                0x00000b88                TEMP_IRQHandler
                0x00000b88                QDEC_IRQHandler
                0x00000b88                UART0_IRQHandler
                0x00000b88                SWI5_IRQHandler
                0x00000b88                TIMER0_IRQHandler
                0x00000b88                SWI0_IRQHandler
                0x00000b88                TIMER1_IRQHandler
                0x00000b88                ECB_IRQHandler
                0x00000b88                ADC_IRQHandler
                0x00000b88                SWI3_IRQHandler
                0x00000b88                CCM_AAR_IRQHandler
                0x00000b88                WDT_IRQHandler
                0x00000b88                SVC_Handler
                0x00000b88                SWI2_IRQHandler
                0x00000b88                RNG_IRQHandler
                0x00000b88                SPI1_TWI1_IRQHandler
                0x00000b88                RTC1_IRQHandler
                0x00000b88                SWI1_IRQHandler
 .text.Reset_Handler
                0x00000b8c       0x4c build/startup.o
 .text._write   0x00000bd8       0x1c build/stdlib_impl.o
                0x00000bd8                _write
 .text._sbrk    0x00000bf4       0x24 build/stdlib_impl.o
                0x00000bf4                _sbrk
 .text._close   0x00000c18       0x10 build/stdlib_impl.o
                0x00000c18                _close
 .text._lseek   0x00000c28        0x4 build/stdlib_impl.o
                0x00000c28                _lseek
 .text._read    0x00000c2c        0x4 build/stdlib_impl.o
                0x00000c2c                _read
 .text._fstat   0x00000c30        0xc build/stdlib_impl.o
                0x00000c30                _fstat
 .text._isatty  0x00000c3c        0x4 build/stdlib_impl.o
                0x00000c3c                _isatty
 .text._exit    0x00000c40        0x8 build/stdlib_impl.o
                0x00000c40                _exit
 .text._kill    0x00000c48       0x10 build/stdlib_impl.o
                0x00000c48                _kill
 .text._getpid  0x00000c58        0x4 build/stdlib_impl.o
                0x00000c58                _getpid
 .text.timer_get_time
                0x00000c5c        0xc build/timer.o
                0x00000c5c                timer_get_time
 .text.timer_init
                0x00000c68       0x5c build/timer.o
                0x00000c68                timer_init
 .text.TIMER2_IRQHandler
                0x00000cc4       0x1c build/timer.o
                0x00000cc4                TIMER2_IRQHandler
 .text.uart_init
                0x00000ce0       0x58 build/uart.o
                0x00000ce0                uart_init
 .text.uart_put
                0x00000d38       0x20 build/uart.o
                0x00000d38                uart_put
 .text.printf   0x00000d58       0x24 /usr/lib/gcc/arm-none-eabi/14.2.0/../../../../arm-none-eabi/lib/thumb/v6-m/nofp/libc.a(libc_a-printf.o)
                0x00000d58                printf
 .text.memcmp   0x00000d7c       0x48 /usr/lib/gcc/arm-none-eabi/14.2.0/../../../../arm-none-eabi/lib/thumb/v6-m/nofp/libc.a(libc_a-memcmp.o)
                0x00000d7c                memcmp
 .text.memset   0x00000dc4       0x94 /usr/lib/gcc/arm-none-eabi/14.2.0/../../../../arm-none-eabi/lib/thumb/v6-m/nofp/libc.a(libc_a-memset.o)
                0x00000dc4                memset
 .text.strncmp  0x00000e58       0x68 /usr/lib/gcc/arm-none-eabi/14.2.0/../../../../arm-none-eabi/lib/thumb/v6-m/nofp/libc.a(libc_a-strncmp.o)
                0x00000e58                strncmp
 .text.memcpy   0x00000ec0       0xac /usr/lib/gcc/arm-none-eabi/14.2.0/../../../../arm-none-eabi/lib/thumb/v6-m/nofp/libc.a(libc_a-memcpy-stub.o)
                0x00000ec0                memcpy
 .text.strlen   0x00000f6c       0x5c /usr/lib/gcc/arm-none-eabi/14.2.0/../../../../arm-none-eabi/lib/thumb/v6-m/nofp/libc.a(libc_a-strlen-stub.o)
                0x00000f6c                strlen
 .text._malloc_trim_r
                0x00000fc8       0xb4 /usr/lib/gcc/arm-none-eabi/14.2.0/../../../../arm-none-eabi/lib/thumb/v6-m/nofp/libc.a(libc_a-freer.o)
                0x00000fc8                _malloc_trim_r
 .text._free_r  0x0000107c      0x1f0 /usr/lib/gcc/arm-none-eabi/14.2.0/../../../../arm-none-eabi/lib/thumb/v6-m/nofp/libc.a(libc_a-freer.o)
                0x0000107c                _free_r
 .text._malloc_r
                0x0000126c      0x5cc /usr/lib/gcc/arm-none-eabi/14.2.0/../../../../arm-none-eabi/lib/thumb/v6-m/nofp/libc.a(libc_a-mallocr.o)
                0x0000126c                _malloc_r
 .text.__malloc_lock
                0x00001838       0x10 /usr/lib/gcc/arm-none-eabi/14.2.0/../../../../arm-none-eabi/lib/thumb/v6-m/nofp/libc.a(libc_a-mlock.o)
                0x00001838                __malloc_lock
 .text.__malloc_unlock
                0x00001848       0x10 /usr/lib/gcc/arm-none-eabi/14.2.0/../../../../arm-none-eabi/lib/thumb/v6-m/nofp/libc.a(libc_a-mlock.o)
                0x00001848                __malloc_unlock
 .text._vfprintf_r
                0x00001858     0x23c4 /usr/lib/gcc/arm-none-eabi/14.2.0/../../../../arm-none-eabi/lib/thumb/v6-m/nofp/libc.a(libc_a-vfprintf.o)
                0x00001858                _vfprintf_r
 .text.__sbprintf
                0x00003c1c       0x8c /usr/lib/gcc/arm-none-eabi/14.2.0/../../../../arm-none-eabi/lib/thumb/v6-m/nofp/libc.a(libc_a-vfprintf.o)
 .text.__sprint_r
                0x00003ca8       0x20 /usr/lib/gcc/arm-none-eabi/14.2.0/../../../../arm-none-eabi/lib/thumb/v6-m/nofp/libc.a(libc_a-sprint_r.o)
                0x00003ca8                __sprint_r
 .text.__sflush_r
                0x00003cc8      0x13c /usr/lib/gcc/arm-none-eabi/14.2.0/../../../../arm-none-eabi/lib/thumb/v6-m/nofp/libc.a(libc_a-fflush.o)
                0x00003cc8                __sflush_r
 .text._fflush_r
                0x00003e04       0x68 /usr/lib/gcc/arm-none-eabi/14.2.0/../../../../arm-none-eabi/lib/thumb/v6-m/nofp/libc.a(libc_a-fflush.o)
                0x00003e04                _fflush_r
 .text.stdio_exit_handler
                0x00003e6c       0x1c /usr/lib/gcc/arm-none-eabi/14.2.0/../../../../arm-none-eabi/lib/thumb/v6-m/nofp/libc.a(libc_a-findfp.o)
 .text.cleanup_stdio
                0x00003e88       0x3c /usr/lib/gcc/arm-none-eabi/14.2.0/../../../../arm-none-eabi/lib/thumb/v6-m/nofp/libc.a(libc_a-findfp.o)
 .text.global_stdio_init.part.0
                0x00003ec4      0x118 /usr/lib/gcc/arm-none-eabi/14.2.0/../../../../arm-none-eabi/lib/thumb/v6-m/nofp/libc.a(libc_a-findfp.o)
 .text.__sinit  0x00003fdc       0x38 /usr/lib/gcc/arm-none-eabi/14.2.0/../../../../arm-none-eabi/lib/thumb/v6-m/nofp/libc.a(libc_a-findfp.o)
                0x00003fdc                __sinit
 .text.__sfp_lock_acquire
                0x00004014       0x10 /usr/lib/gcc/arm-none-eabi/14.2.0/../../../../arm-none-eabi/lib/thumb/v6-m/nofp/libc.a(libc_a-findfp.o)
                0x00004014                __sfp_lock_acquire
 .text.__sfp_lock_release
                0x00004024       0x10 /usr/lib/gcc/arm-none-eabi/14.2.0/../../../../arm-none-eabi/lib/thumb/v6-m/nofp/libc.a(libc_a-findfp.o)
                0x00004024                __sfp_lock_release
 .text.__sfvwrite_r
                0x00004034      0x2e8 /usr/lib/gcc/arm-none-eabi/14.2.0/../../../../arm-none-eabi/lib/thumb/v6-m/nofp/libc.a(libc_a-fvwrite.o)
                0x00004034                __sfvwrite_r
 .text._fwalk_sglue
                0x0000431c       0x44 /usr/lib/gcc/arm-none-eabi/14.2.0/../../../../arm-none-eabi/lib/thumb/v6-m/nofp/libc.a(libc_a-fwalk.o)
                0x0000431c                _fwalk_sglue
 .text.__sread  0x00004360       0x28 /usr/lib/gcc/arm-none-eabi/14.2.0/../../../../arm-none-eabi/lib/thumb/v6-m/nofp/libc.a(libc_a-stdio.o)
                0x00004360                __sread
 .text.__swrite
                0x00004388       0x40 /usr/lib/gcc/arm-none-eabi/14.2.0/../../../../arm-none-eabi/lib/thumb/v6-m/nofp/libc.a(libc_a-stdio.o)
                0x00004388                __swrite
 .text.__sseek  0x000043c8       0x2c /usr/lib/gcc/arm-none-eabi/14.2.0/../../../../arm-none-eabi/lib/thumb/v6-m/nofp/libc.a(libc_a-stdio.o)
                0x000043c8                __sseek
 .text.__sclose
                0x000043f4        0xc /usr/lib/gcc/arm-none-eabi/14.2.0/../../../../arm-none-eabi/lib/thumb/v6-m/nofp/libc.a(libc_a-stdio.o)
                0x000043f4                __sclose
 .text.__swsetup_r
                0x00004400      0x100 /usr/lib/gcc/arm-none-eabi/14.2.0/../../../../arm-none-eabi/lib/thumb/v6-m/nofp/libc.a(libc_a-wsetup.o)
                0x00004400                __swsetup_r
 .text.memmove  0x00004500       0xc4 /usr/lib/gcc/arm-none-eabi/14.2.0/../../../../arm-none-eabi/lib/thumb/v6-m/nofp/libc.a(libc_a-memmove.o)
                0x00004500                memmove
 .text.strncpy  0x000045c4       0x5c /usr/lib/gcc/arm-none-eabi/14.2.0/../../../../arm-none-eabi/lib/thumb/v6-m/nofp/libc.a(libc_a-strncpy.o)
                0x000045c4                strncpy
 .text._localeconv_r
                0x00004620        0x8 /usr/lib/gcc/arm-none-eabi/14.2.0/../../../../arm-none-eabi/lib/thumb/v6-m/nofp/libc.a(libc_a-localeconv.o)
                0x00004620                _localeconv_r
 .text._close_r
                0x00004628       0x24 /usr/lib/gcc/arm-none-eabi/14.2.0/../../../../arm-none-eabi/lib/thumb/v6-m/nofp/libc.a(libc_a-closer.o)
                0x00004628                _close_r
 .text._lseek_r
                0x0000464c       0x28 /usr/lib/gcc/arm-none-eabi/14.2.0/../../../../arm-none-eabi/lib/thumb/v6-m/nofp/libc.a(libc_a-lseekr.o)
                0x0000464c                _lseek_r
 .text._read_r  0x00004674       0x28 /usr/lib/gcc/arm-none-eabi/14.2.0/../../../../arm-none-eabi/lib/thumb/v6-m/nofp/libc.a(libc_a-readr.o)
                0x00004674                _read_r
 .text._sbrk_r  0x0000469c       0x24 /usr/lib/gcc/arm-none-eabi/14.2.0/../../../../arm-none-eabi/lib/thumb/v6-m/nofp/libc.a(libc_a-sbrkr.o)
                0x0000469c                _sbrk_r
 .text._write_r
                0x000046c0       0x28 /usr/lib/gcc/arm-none-eabi/14.2.0/../../../../arm-none-eabi/lib/thumb/v6-m/nofp/libc.a(libc_a-writer.o)
                0x000046c0                _write_r
 .text.__retarget_lock_init_recursive
                0x000046e8        0x4 /usr/lib/gcc/arm-none-eabi/14.2.0/../../../../arm-none-eabi/lib/thumb/v6-m/nofp/libc.a(libc_a-lock.o)
                0x000046e8                __retarget_lock_init_recursive
 .text.__retarget_lock_close_recursive
                0x000046ec        0x4 /usr/lib/gcc/arm-none-eabi/14.2.0/../../../../arm-none-eabi/lib/thumb/v6-m/nofp/libc.a(libc_a-lock.o)
                0x000046ec                __retarget_lock_close_recursive
 .text.__retarget_lock_acquire_recursive
                0x000046f0        0x4 /usr/lib/gcc/arm-none-eabi/14.2.0/../../../../arm-none-eabi/lib/thumb/v6-m/nofp/libc.a(libc_a-lock.o)
                0x000046f0                __retarget_lock_acquire_recursive
 .text.__retarget_lock_release_recursive
                0x000046f4        0x4 /usr/lib/gcc/arm-none-eabi/14.2.0/../../../../arm-none-eabi/lib/thumb/v6-m/nofp/libc.a(libc_a-lock.o)
                0x000046f4                __retarget_lock_release_recursive
 .text.sysconf  0x000046f8       0x1c /usr/lib/gcc/arm-none-eabi/14.2.0/../../../../arm-none-eabi/lib/thumb/v6-m/nofp/libc.a(libc_a-sysconf.o)
                0x000046f8                sysconf
 .text.memchr   0x00004714       0x7c /usr/lib/gcc/arm-none-eabi/14.2.0/../../../../arm-none-eabi/lib/thumb/v6-m/nofp/libc.a(libc_a-memchr-stub.o)
                0x00004714                memchr
 .text.frexp    0x00004790       0x68 /usr/lib/gcc/arm-none-eabi/14.2.0/../../../../arm-none-eabi/lib/thumb/v6-m/nofp/libc.a(libm_a-s_frexp.o)
                0x00004790                frexp
 .text.quorem   0x000047f8      0x150 /usr/lib/gcc/arm-none-eabi/14.2.0/../../../../arm-none-eabi/lib/thumb/v6-m/nofp/libc.a(libc_a-dtoa.o)
 .text._dtoa_r  0x00004948     0x1110 /usr/lib/gcc/arm-none-eabi/14.2.0/../../../../arm-none-eabi/lib/thumb/v6-m/nofp/libc.a(libc_a-dtoa.o)
                0x00004948                _dtoa_r
 .text._Balloc  0x00005a58       0x50 /usr/lib/gcc/arm-none-eabi/14.2.0/../../../../arm-none-eabi/lib/thumb/v6-m/nofp/libc.a(libc_a-mprec.o)
                0x00005a58                _Balloc
 .text._Bfree   0x00005aa8       0x14 /usr/lib/gcc/arm-none-eabi/14.2.0/../../../../arm-none-eabi/lib/thumb/v6-m/nofp/libc.a(libc_a-mprec.o)
                0x00005aa8                _Bfree
 .text.__multadd
                0x00005abc       0xa4 /usr/lib/gcc/arm-none-eabi/14.2.0/../../../../arm-none-eabi/lib/thumb/v6-m/nofp/libc.a(libc_a-mprec.o)
                0x00005abc                __multadd
 .text.__hi0bits
                0x00005b60       0x60 /usr/lib/gcc/arm-none-eabi/14.2.0/../../../../arm-none-eabi/lib/thumb/v6-m/nofp/libc.a(libc_a-mprec.o)
                0x00005b60                __hi0bits
 .text.__lo0bits
                0x00005bc0       0x90 /usr/lib/gcc/arm-none-eabi/14.2.0/../../../../arm-none-eabi/lib/thumb/v6-m/nofp/libc.a(libc_a-mprec.o)
                0x00005bc0                __lo0bits
 .text.__i2b    0x00005c50       0x60 /usr/lib/gcc/arm-none-eabi/14.2.0/../../../../arm-none-eabi/lib/thumb/v6-m/nofp/libc.a(libc_a-mprec.o)
                0x00005c50                __i2b
 .text.__multiply
                0x00005cb0      0x1b0 /usr/lib/gcc/arm-none-eabi/14.2.0/../../../../arm-none-eabi/lib/thumb/v6-m/nofp/libc.a(libc_a-mprec.o)
                0x00005cb0                __multiply
 .text.__pow5mult
                0x00005e60       0xd8 /usr/lib/gcc/arm-none-eabi/14.2.0/../../../../arm-none-eabi/lib/thumb/v6-m/nofp/libc.a(libc_a-mprec.o)
                0x00005e60                __pow5mult
 .text.__lshift
                0x00005f38       0xfc /usr/lib/gcc/arm-none-eabi/14.2.0/../../../../arm-none-eabi/lib/thumb/v6-m/nofp/libc.a(libc_a-mprec.o)
                0x00005f38                __lshift
 .text.__mcmp   0x00006034       0x3c /usr/lib/gcc/arm-none-eabi/14.2.0/../../../../arm-none-eabi/lib/thumb/v6-m/nofp/libc.a(libc_a-mprec.o)
                0x00006034                __mcmp
 .text.__mdiff  0x00006070      0x1a8 /usr/lib/gcc/arm-none-eabi/14.2.0/../../../../arm-none-eabi/lib/thumb/v6-m/nofp/libc.a(libc_a-mprec.o)
                0x00006070                __mdiff
 .text.__d2b    0x00006218       0xc4 /usr/lib/gcc/arm-none-eabi/14.2.0/../../../../arm-none-eabi/lib/thumb/v6-m/nofp/libc.a(libc_a-mprec.o)
                0x00006218                __d2b
 .text._realloc_r
                0x000062dc      0x350 /usr/lib/gcc/arm-none-eabi/14.2.0/../../../../arm-none-eabi/lib/thumb/v6-m/nofp/libc.a(libc_a-reallocr.o)
                0x000062dc                _realloc_r
 .text._fclose_r
                0x0000662c       0xcc /usr/lib/gcc/arm-none-eabi/14.2.0/../../../../arm-none-eabi/lib/thumb/v6-m/nofp/libc.a(libc_a-fclose.o)
                0x0000662c                _fclose_r
 .text.__smakebuf_r
                0x000066f8       0xd4 /usr/lib/gcc/arm-none-eabi/14.2.0/../../../../arm-none-eabi/lib/thumb/v6-m/nofp/libc.a(libc_a-makebuf.o)
                0x000066f8                __smakebuf_r
 .text._fstat_r
                0x000067cc       0x28 /usr/lib/gcc/arm-none-eabi/14.2.0/../../../../arm-none-eabi/lib/thumb/v6-m/nofp/libc.a(libc_a-fstatr.o)
                0x000067cc                _fstat_r
 .text._isatty_r
                0x000067f4       0x24 /usr/lib/gcc/arm-none-eabi/14.2.0/../../../../arm-none-eabi/lib/thumb/v6-m/nofp/libc.a(libc_a-isattyr.o)
                0x000067f4                _isatty_r
 .text.__errno  0x00006818        0xc /usr/lib/gcc/arm-none-eabi/14.2.0/../../../../arm-none-eabi/lib/thumb/v6-m/nofp/libc.a(libc_a-errno.o)
                0x00006818                __errno
 .text.__assert_func
                0x00006824       0x40 /usr/lib/gcc/arm-none-eabi/14.2.0/../../../../arm-none-eabi/lib/thumb/v6-m/nofp/libc.a(libc_a-assert.o)
                0x00006824                __assert_func
 .text._calloc_r
                0x00006864       0xa8 /usr/lib/gcc/arm-none-eabi/14.2.0/../../../../arm-none-eabi/lib/thumb/v6-m/nofp/libc.a(libc_a-callocr.o)
                0x00006864                _calloc_r
 .text.__ascii_mbtowc
                0x0000690c       0x2c /usr/lib/gcc/arm-none-eabi/14.2.0/../../../../arm-none-eabi/lib/thumb/v6-m/nofp/libc.a(libc_a-mbtowc_r.o)
                0x0000690c                __ascii_mbtowc
 .text.__ascii_wctomb
                0x00006938       0x1c /usr/lib/gcc/arm-none-eabi/14.2.0/../../../../arm-none-eabi/lib/thumb/v6-m/nofp/libc.a(libc_a-wctomb_r.o)
                0x00006938                __ascii_wctomb
 .text.fiprintf
                0x00006954       0x24 /usr/lib/gcc/arm-none-eabi/14.2.0/../../../../arm-none-eabi/lib/thumb/v6-m/nofp/libc.a(libc_a-fiprintf.o)
                0x00006954                fiprintf
 .text._vfiprintf_r
                0x00006978     0x1108 /usr/lib/gcc/arm-none-eabi/14.2.0/../../../../arm-none-eabi/lib/thumb/v6-m/nofp/libc.a(libc_a-vfiprintf.o)
                0x00006978                _vfiprintf_r
 .text.__sbprintf
                0x00007a80       0x8c /usr/lib/gcc/arm-none-eabi/14.2.0/../../../../arm-none-eabi/lib/thumb/v6-m/nofp/libc.a(libc_a-vfiprintf.o)
 .text.abort    0x00007b0c       0x10 /usr/lib/gcc/arm-none-eabi/14.2.0/../../../../arm-none-eabi/lib/thumb/v6-m/nofp/libc.a(libc_a-abort.o)
                0x00007b0c                abort
 .text.raise    0x00007b1c       0x5c /usr/lib/gcc/arm-none-eabi/14.2.0/../../../../arm-none-eabi/lib/thumb/v6-m/nofp/libc.a(libc_a-signal.o)
                0x00007b1c                raise
 .text._kill_r  0x00007b78       0x28 /usr/lib/gcc/arm-none-eabi/14.2.0/../../../../arm-none-eabi/lib/thumb/v6-m/nofp/libc.a(libc_a-signalr.o)
                0x00007b78                _kill_r
 .text._getpid_r
                0x00007ba0        0x8 /usr/lib/gcc/arm-none-eabi/14.2.0/../../../../arm-none-eabi/lib/thumb/v6-m/nofp/libc.a(libc_a-signalr.o)
                0x00007ba0                _getpid_r
 .text.__udivmoddi4
                0x00007ba8       0xea /usr/lib/gcc/arm-none-eabi/14.2.0/thumb/v6-m/nofp/libgcc.a(_udivmoddi4.o)
                0x00007ba8                __udivmoddi4
 *fill*         0x00007c92        0x2 ff
 .text.__aeabi_dadd
                0x00007c94      0x590 /usr/lib/gcc/arm-none-eabi/14.2.0/thumb/v6-m/nofp/libgcc.a(adddf3.o)
                0x00007c94                __aeabi_dadd
 .text.__aeabi_ddiv
                0x00008224      0x50c /usr/lib/gcc/arm-none-eabi/14.2.0/thumb/v6-m/nofp/libgcc.a(divdf3.o)
                0x00008224                __aeabi_ddiv
 .text.__eqdf2  0x00008730       0x84 /usr/lib/gcc/arm-none-eabi/14.2.0/thumb/v6-m/nofp/libgcc.a(eqdf2.o)
                0x00008730                __eqdf2
                0x00008730                __nedf2
 .text.__gedf2  0x000087b4       0xc8 /usr/lib/gcc/arm-none-eabi/14.2.0/thumb/v6-m/nofp/libgcc.a(gedf2.o)
                0x000087b4                __gtdf2
                0x000087b4                __gedf2
 .text.__ledf2  0x0000887c       0xc8 /usr/lib/gcc/arm-none-eabi/14.2.0/thumb/v6-m/nofp/libgcc.a(ledf2.o)
                0x0000887c                __ltdf2
                0x0000887c                __ledf2
 .text.__aeabi_dmul
                0x00008944      0x44c /usr/lib/gcc/arm-none-eabi/14.2.0/thumb/v6-m/nofp/libgcc.a(muldf3.o)
                0x00008944                __aeabi_dmul
 .text.__aeabi_dsub
                0x00008d90      0x5a4 /usr/lib/gcc/arm-none-eabi/14.2.0/thumb/v6-m/nofp/libgcc.a(subdf3.o)
                0x00008d90                __aeabi_dsub
 .text.__aeabi_dcmpun
                0x00009334       0x3c /usr/lib/gcc/arm-none-eabi/14.2.0/thumb/v6-m/nofp/libgcc.a(unorddf2.o)
                0x00009334                __aeabi_dcmpun
 .text.__aeabi_d2iz
                0x00009370       0x64 /usr/lib/gcc/arm-none-eabi/14.2.0/thumb/v6-m/nofp/libgcc.a(fixdfsi.o)
                0x00009370                __aeabi_d2iz
 .text.__aeabi_i2d
                0x000093d4       0x50 /usr/lib/gcc/arm-none-eabi/14.2.0/thumb/v6-m/nofp/libgcc.a(floatsidf.o)
                0x000093d4                __aeabi_i2d
 .text.__aeabi_ui2d
                0x00009424       0x40 /usr/lib/gcc/arm-none-eabi/14.2.0/thumb/v6-m/nofp/libgcc.a(floatunsidf.o)
                0x00009424                __aeabi_ui2d
 *(.rodata)
 *(.rodata.*)
 .rodata.analyse_packet_data.str1.4
                0x00009464      0x29b build/ble.o
                                 0x2c (size before relaxing)
 .rodata.ble_init.str1.4
                0x000096ff       0x22 build/ble_phy.o
 .rodata.ble_start_rx.str1.4
                0x000096ff       0x1e build/ble_phy.o
 *fill*         0x000096ff        0x1 ff
 .rodata.CSWTCH.20
                0x00009700        0x3 build/ble_phy.o
 .rodata.add_device_with_matched_name.str1.4
                0x00009703       0x2b build/device_store.o
 *fill*         0x00009703        0x1 ff
 .rodata.LED4   0x00009704        0x4 build/leds.o
                0x00009704                LED4
 .rodata.LED3   0x00009708        0x4 build/leds.o
                0x00009708                LED3
 .rodata.LED1   0x0000970c        0x4 build/leds.o
                0x0000970c                LED1
 .rodata.analyse_sensor_data.str1.4
                0x00009710       0x72 build/Main.o
 .rodata.main.str1.4
                0x00009710       0x4d build/Main.o
 .rodata._vfprintf_r.str1.4
                0x00009710       0x42 /usr/lib/gcc/arm-none-eabi/14.2.0/../../../../arm-none-eabi/lib/thumb/v6-m/nofp/libc.a(libc_a-vfprintf.o)
 .rodata._vfprintf_r
                0x00009710      0x204 /usr/lib/gcc/arm-none-eabi/14.2.0/../../../../arm-none-eabi/lib/thumb/v6-m/nofp/libc.a(libc_a-vfprintf.o)
 .rodata.zeroes.0
                0x00009914       0x10 /usr/lib/gcc/arm-none-eabi/14.2.0/../../../../arm-none-eabi/lib/thumb/v6-m/nofp/libc.a(libc_a-vfprintf.o)
 .rodata.blanks.1
                0x00009924       0x10 /usr/lib/gcc/arm-none-eabi/14.2.0/../../../../arm-none-eabi/lib/thumb/v6-m/nofp/libc.a(libc_a-vfprintf.o)
 .rodata._dtoa_r.str1.4
                0x00009934       0x6a /usr/lib/gcc/arm-none-eabi/14.2.0/../../../../arm-none-eabi/lib/thumb/v6-m/nofp/libc.a(libc_a-dtoa.o)
 .rodata.__multadd.str1.4
                0x00009934       0x57 /usr/lib/gcc/arm-none-eabi/14.2.0/../../../../arm-none-eabi/lib/thumb/v6-m/nofp/libc.a(libc_a-mprec.o)
 .rodata.p05.0  0x00009934        0xc /usr/lib/gcc/arm-none-eabi/14.2.0/../../../../arm-none-eabi/lib/thumb/v6-m/nofp/libc.a(libc_a-mprec.o)
 .rodata.__mprec_bigtens
                0x00009940       0x28 /usr/lib/gcc/arm-none-eabi/14.2.0/../../../../arm-none-eabi/lib/thumb/v6-m/nofp/libc.a(libc_a-mprec.o)
                0x00009940                __mprec_bigtens
 .rodata.__mprec_tens
                0x00009968       0xc8 /usr/lib/gcc/arm-none-eabi/14.2.0/../../../../arm-none-eabi/lib/thumb/v6-m/nofp/libc.a(libc_a-mprec.o)
                0x00009968                __mprec_tens
 .rodata._setlocale_r.str1.4
                0x00009a30        0xd /usr/lib/gcc/arm-none-eabi/14.2.0/../../../../arm-none-eabi/lib/thumb/v6-m/nofp/libc.a(libc_a-locale.o)
 .rodata.str1.4
                0x00009a30        0x2 /usr/lib/gcc/arm-none-eabi/14.2.0/../../../../arm-none-eabi/lib/thumb/v6-m/nofp/libc.a(libc_a-locale.o)
 .rodata.__assert_func.str1.4
                0x00009a30       0x43 /usr/lib/gcc/arm-none-eabi/14.2.0/../../../../arm-none-eabi/lib/thumb/v6-m/nofp/libc.a(libc_a-assert.o)
 .rodata._ctype_
                0x00009a30      0x101 /usr/lib/gcc/arm-none-eabi/14.2.0/../../../../arm-none-eabi/lib/thumb/v6-m/nofp/libc.a(libc_a-ctype_.o)
                0x00009a30                _ctype_
 .rodata._vfiprintf_r.str1.4
                0x00009b31       0x2f /usr/lib/gcc/arm-none-eabi/14.2.0/../../../../arm-none-eabi/lib/thumb/v6-m/nofp/libc.a(libc_a-vfiprintf.o)
 *fill*         0x00009b31        0x3 ff
 .rodata._vfiprintf_r
                0x00009b34      0x16c /usr/lib/gcc/arm-none-eabi/14.2.0/../../../../arm-none-eabi/lib/thumb/v6-m/nofp/libc.a(libc_a-vfiprintf.o)
 .rodata.zeroes.0
                0x00009ca0       0x10 /usr/lib/gcc/arm-none-eabi/14.2.0/../../../../arm-none-eabi/lib/thumb/v6-m/nofp/libc.a(libc_a-vfiprintf.o)
 .rodata.blanks.1
                0x00009cb0       0x10 /usr/lib/gcc/arm-none-eabi/14.2.0/../../../../arm-none-eabi/lib/thumb/v6-m/nofp/libc.a(libc_a-vfiprintf.o)
                0x00009cc0                        . = ALIGN (0x4)
                0x00009cc0                        _etext = .
                0x00009cc0                        _sidata = _etext

.glue_7         0x00009cc0        0x0
 .glue_7        0x00009cc0        0x0 linker stubs

.glue_7t        0x00009cc0        0x0
 .glue_7t       0x00009cc0        0x0 linker stubs

.vfp11_veneer   0x00009cc0        0x0
 .vfp11_veneer  0x00009cc0        0x0 linker stubs

.v4_bx          0x00009cc0        0x0
 .v4_bx         0x00009cc0        0x0 linker stubs

.iplt           0x00009cc0        0x0
 .iplt          0x00009cc0        0x0 build/ble.o

.rel.dyn        0x00009cc0        0x0
 .rel.iplt      0x00009cc0        0x0 build/ble.o

.data           0x20000000      0x6d0 load address 0x00009cc0
                0x20000000                        . = ALIGN (0x4)
                0x20000000                        _sdata = .
 *(.data)
 *(.data.*)
 .data._impure_ptr
                0x20000000        0x4 /usr/lib/gcc/arm-none-eabi/14.2.0/../../../../arm-none-eabi/lib/thumb/v6-m/nofp/libc.a(libc_a-impure.o)
                0x20000000                _impure_ptr
 *fill*         0x20000004        0x4 00000000
 .data._impure_data
                0x20000008      0x140 /usr/lib/gcc/arm-none-eabi/14.2.0/../../../../arm-none-eabi/lib/thumb/v6-m/nofp/libc.a(libc_a-impure.o)
                0x20000008                _impure_data
 .data.__malloc_sbrk_base
                0x20000148        0x4 /usr/lib/gcc/arm-none-eabi/14.2.0/../../../../arm-none-eabi/lib/thumb/v6-m/nofp/libc.a(libc_a-mallocr.o)
                0x20000148                __malloc_sbrk_base
 .data.__malloc_trim_threshold
                0x2000014c        0x4 /usr/lib/gcc/arm-none-eabi/14.2.0/../../../../arm-none-eabi/lib/thumb/v6-m/nofp/libc.a(libc_a-mallocr.o)
                0x2000014c                __malloc_trim_threshold
 .data.__malloc_av_
                0x20000150      0x408 /usr/lib/gcc/arm-none-eabi/14.2.0/../../../../arm-none-eabi/lib/thumb/v6-m/nofp/libc.a(libc_a-mallocr.o)
                0x20000150                __malloc_av_
 .data.__sglue  0x20000558        0xc /usr/lib/gcc/arm-none-eabi/14.2.0/../../../../arm-none-eabi/lib/thumb/v6-m/nofp/libc.a(libc_a-findfp.o)
                0x20000558                __sglue
 .data.__global_locale
                0x20000564      0x16c /usr/lib/gcc/arm-none-eabi/14.2.0/../../../../arm-none-eabi/lib/thumb/v6-m/nofp/libc.a(libc_a-locale.o)
                0x20000564                __global_locale
                0x200006d0                        . = ALIGN (0x4)
                0x200006d0                        _edata = .

.igot.plt       0x200006d0        0x0 load address 0x0000a390
 .igot.plt      0x200006d0        0x0 build/ble.o

.bss            0x200006d0     0x32a0 load address 0x0000a390
                0x200006d0                        . = ALIGN (0x4)
                0x200006d0                        _sbss = .
 *(.bss)
 *(.bss.*)
 .bss.rx_pdu_buffer
                0x200006d0        0x4 build/ble.o
 .bss.rx_fifo   0x200006d4      0xa18 build/ble_phy.o
                0x200006d4                rx_fifo
 .bss.rx_pdu_buffer
                0x200010ec       0xff build/ble_phy.o
 *fill*         0x200011eb        0x1 
 .bss.name_prefix
                0x200011ec       0xff build/device_store.o
 *fill*         0x200012eb        0x1 
 .bss.device_last_advlen
                0x200012ec       0x14 build/device_store.o
 .bss.device_last_advdata
                0x20001300     0x13ec build/device_store.o
 .bss.device_previous_reception_time
                0x200026ec       0x50 build/device_store.o
 .bss.device_last_reception_time
                0x2000273c       0x50 build/device_store.o
 .bss.device_rssi
                0x2000278c       0x14 build/device_store.o
 .bss.device_name
                0x200027a0      0x7d0 build/device_store.o
 .bss.device_mac
                0x20002f70       0x78 build/device_store.o
 .bss.stored_devices
                0x20002fe8        0x1 build/device_store.o
 *fill*         0x20002fe9        0x3 
 .bss.heap.0    0x20002fec      0x800 build/stdlib_impl.o
 .bss.last.1    0x200037ec        0x2 build/stdlib_impl.o
 *fill*         0x200037ee        0x2 
 .bss.ms_counter
                0x200037f0        0x4 build/timer.o
                0x200037f0                ms_counter
 .bss.errno     0x200037f4        0x4 /usr/lib/gcc/arm-none-eabi/14.2.0/../../../../arm-none-eabi/lib/thumb/v6-m/nofp/libc.a(libc_a-reent.o)
                0x200037f4                errno
 .bss.__malloc_current_mallinfo
                0x200037f8       0x28 /usr/lib/gcc/arm-none-eabi/14.2.0/../../../../arm-none-eabi/lib/thumb/v6-m/nofp/libc.a(libc_a-mallocr.o)
                0x200037f8                __malloc_current_mallinfo
 .bss.__malloc_max_total_mem
                0x20003820        0x4 /usr/lib/gcc/arm-none-eabi/14.2.0/../../../../arm-none-eabi/lib/thumb/v6-m/nofp/libc.a(libc_a-mallocr.o)
                0x20003820                __malloc_max_total_mem
 .bss.__malloc_max_sbrked_mem
                0x20003824        0x4 /usr/lib/gcc/arm-none-eabi/14.2.0/../../../../arm-none-eabi/lib/thumb/v6-m/nofp/libc.a(libc_a-mallocr.o)
                0x20003824                __malloc_max_sbrked_mem
 .bss.__malloc_top_pad
                0x20003828        0x4 /usr/lib/gcc/arm-none-eabi/14.2.0/../../../../arm-none-eabi/lib/thumb/v6-m/nofp/libc.a(libc_a-mallocr.o)
                0x20003828                __malloc_top_pad
 .bss.__sf      0x2000382c      0x138 /usr/lib/gcc/arm-none-eabi/14.2.0/../../../../arm-none-eabi/lib/thumb/v6-m/nofp/libc.a(libc_a-findfp.o)
                0x2000382c                __sf
 .bss.__stdio_exit_handler
                0x20003964        0x4 /usr/lib/gcc/arm-none-eabi/14.2.0/../../../../arm-none-eabi/lib/thumb/v6-m/nofp/libc.a(libc_a-findfp.o)
                0x20003964                __stdio_exit_handler
 .bss.__lock___malloc_recursive_mutex
                0x20003968        0x1 /usr/lib/gcc/arm-none-eabi/14.2.0/../../../../arm-none-eabi/lib/thumb/v6-m/nofp/libc.a(libc_a-lock.o)
                0x20003968                __lock___malloc_recursive_mutex
 *fill*         0x20003969        0x3 
 .bss.__lock___sfp_recursive_mutex
                0x2000396c        0x1 /usr/lib/gcc/arm-none-eabi/14.2.0/../../../../arm-none-eabi/lib/thumb/v6-m/nofp/libc.a(libc_a-lock.o)
                0x2000396c                __lock___sfp_recursive_mutex
 *(COMMON)
                0x20003970                        . = ALIGN (0x4)
 *fill*         0x2000396d        0x3 
                0x20003970                        _ebss = .
                0x20008000                        _estack = ((ORIGIN (RAM) + LENGTH (RAM)) & 0xfffffffc)
                0x00000001                        ASSERT (((_ebss + _minimum_stack_size) <= _estack), There is not enough space in RAM for stack.)

/DISCARD/
 *(.ARM.exidx*)
                [!provide]                        PROVIDE (end = _ebss)
OUTPUT(outputs/output.elf elf32-littlearm)
LOAD linker stubs

.debug_info     0x00000000    0x227ac
 .debug_info    0x00000000      0x8d8 build/ble.o
 .debug_info    0x000008d8      0xdbc build/ble_phy.o
 .debug_info    0x00001694      0x8c4 build/device_store.o
 .debug_info    0x00001f58      0x2d1 build/leds.o
 .debug_info    0x00002229      0xb3e build/Main.o
 .debug_info    0x00002d67      0x12f build/startup.o
 .debug_info    0x00002e96      0x566 build/stdlib_impl.o
 .debug_info    0x000033fc      0x634 build/timer.o
 .debug_info    0x00003a30      0x4c2 build/uart.o
 .debug_info    0x00003ef2       0x3e /usr/lib/gcc/arm-none-eabi/14.2.0/thumb/v6-m/nofp/libgcc.a(_divsi3.o)
 .debug_info    0x00003f30       0x3c /usr/lib/gcc/arm-none-eabi/14.2.0/thumb/v6-m/nofp/libgcc.a(_dvmd_tls.o)
 .debug_info    0x00003f6c      0x87c /usr/lib/gcc/arm-none-eabi/14.2.0/../../../../arm-none-eabi/lib/thumb/v6-m/nofp/libc.a(libc_a-printf.o)
 .debug_info    0x000047e8      0x12b /usr/lib/gcc/arm-none-eabi/14.2.0/../../../../arm-none-eabi/lib/thumb/v6-m/nofp/libc.a(libc_a-memcmp.o)
 .debug_info    0x00004913      0x135 /usr/lib/gcc/arm-none-eabi/14.2.0/../../../../arm-none-eabi/lib/thumb/v6-m/nofp/libc.a(libc_a-memset.o)
 .debug_info    0x00004a48      0x108 /usr/lib/gcc/arm-none-eabi/14.2.0/../../../../arm-none-eabi/lib/thumb/v6-m/nofp/libc.a(libc_a-strncmp.o)
 .debug_info    0x00004b50      0x851 /usr/lib/gcc/arm-none-eabi/14.2.0/../../../../arm-none-eabi/lib/thumb/v6-m/nofp/libc.a(libc_a-reent.o)
 .debug_info    0x000053a1      0x750 /usr/lib/gcc/arm-none-eabi/14.2.0/../../../../arm-none-eabi/lib/thumb/v6-m/nofp/libc.a(libc_a-impure.o)
 .debug_info    0x00005af1      0x152 /usr/lib/gcc/arm-none-eabi/14.2.0/../../../../arm-none-eabi/lib/thumb/v6-m/nofp/libc.a(libc_a-memcpy-stub.o)
 .debug_info    0x00005c43       0xeb /usr/lib/gcc/arm-none-eabi/14.2.0/../../../../arm-none-eabi/lib/thumb/v6-m/nofp/libc.a(libc_a-strlen-stub.o)
 .debug_info    0x00005d2e      0xb71 /usr/lib/gcc/arm-none-eabi/14.2.0/../../../../arm-none-eabi/lib/thumb/v6-m/nofp/libc.a(libc_a-freer.o)
 .debug_info    0x0000689f      0xcf0 /usr/lib/gcc/arm-none-eabi/14.2.0/../../../../arm-none-eabi/lib/thumb/v6-m/nofp/libc.a(libc_a-mallocr.o)
 .debug_info    0x0000758f      0x7a6 /usr/lib/gcc/arm-none-eabi/14.2.0/../../../../arm-none-eabi/lib/thumb/v6-m/nofp/libc.a(libc_a-mlock.o)
 .debug_info    0x00007d35     0x1e3c /usr/lib/gcc/arm-none-eabi/14.2.0/../../../../arm-none-eabi/lib/thumb/v6-m/nofp/libc.a(libc_a-vfprintf.o)
 .debug_info    0x00009b71      0x847 /usr/lib/gcc/arm-none-eabi/14.2.0/../../../../arm-none-eabi/lib/thumb/v6-m/nofp/libc.a(libc_a-sprint_r.o)
 .debug_info    0x0000a3b8      0xaf3 /usr/lib/gcc/arm-none-eabi/14.2.0/../../../../arm-none-eabi/lib/thumb/v6-m/nofp/libc.a(libc_a-fflush.o)
 .debug_info    0x0000aeab     0x1133 /usr/lib/gcc/arm-none-eabi/14.2.0/../../../../arm-none-eabi/lib/thumb/v6-m/nofp/libc.a(libc_a-findfp.o)
 .debug_info    0x0000bfde      0xb6e /usr/lib/gcc/arm-none-eabi/14.2.0/../../../../arm-none-eabi/lib/thumb/v6-m/nofp/libc.a(libc_a-fvwrite.o)
 .debug_info    0x0000cb4c      0x80b /usr/lib/gcc/arm-none-eabi/14.2.0/../../../../arm-none-eabi/lib/thumb/v6-m/nofp/libc.a(libc_a-fwalk.o)
 .debug_info    0x0000d357      0xab7 /usr/lib/gcc/arm-none-eabi/14.2.0/../../../../arm-none-eabi/lib/thumb/v6-m/nofp/libc.a(libc_a-stdio.o)
 .debug_info    0x0000de0e      0x7f6 /usr/lib/gcc/arm-none-eabi/14.2.0/../../../../arm-none-eabi/lib/thumb/v6-m/nofp/libc.a(libc_a-wsetup.o)
 .debug_info    0x0000e604      0x148 /usr/lib/gcc/arm-none-eabi/14.2.0/../../../../arm-none-eabi/lib/thumb/v6-m/nofp/libc.a(libc_a-memmove.o)
 .debug_info    0x0000e74c      0x14a /usr/lib/gcc/arm-none-eabi/14.2.0/../../../../arm-none-eabi/lib/thumb/v6-m/nofp/libc.a(libc_a-strncpy.o)
 .debug_info    0x0000e896      0xa43 /usr/lib/gcc/arm-none-eabi/14.2.0/../../../../arm-none-eabi/lib/thumb/v6-m/nofp/libc.a(libc_a-localeconv.o)
 .debug_info    0x0000f2d9      0x798 /usr/lib/gcc/arm-none-eabi/14.2.0/../../../../arm-none-eabi/lib/thumb/v6-m/nofp/libc.a(libc_a-closer.o)
 .debug_info    0x0000fa71      0x7e3 /usr/lib/gcc/arm-none-eabi/14.2.0/../../../../arm-none-eabi/lib/thumb/v6-m/nofp/libc.a(libc_a-lseekr.o)
 .debug_info    0x00010254      0x7fa /usr/lib/gcc/arm-none-eabi/14.2.0/../../../../arm-none-eabi/lib/thumb/v6-m/nofp/libc.a(libc_a-readr.o)
 .debug_info    0x00010a4e      0x7bd /usr/lib/gcc/arm-none-eabi/14.2.0/../../../../arm-none-eabi/lib/thumb/v6-m/nofp/libc.a(libc_a-sbrkr.o)
 .debug_info    0x0001120b      0x800 /usr/lib/gcc/arm-none-eabi/14.2.0/../../../../arm-none-eabi/lib/thumb/v6-m/nofp/libc.a(libc_a-writer.o)
 .debug_info    0x00011a0b      0x218 /usr/lib/gcc/arm-none-eabi/14.2.0/../../../../arm-none-eabi/lib/thumb/v6-m/nofp/libc.a(libc_a-lock.o)
 .debug_info    0x00011c23       0xc1 /usr/lib/gcc/arm-none-eabi/14.2.0/../../../../arm-none-eabi/lib/thumb/v6-m/nofp/libc.a(libc_a-sysconf.o)
 .debug_info    0x00011ce4      0x14a /usr/lib/gcc/arm-none-eabi/14.2.0/../../../../arm-none-eabi/lib/thumb/v6-m/nofp/libc.a(libc_a-memchr-stub.o)
 .debug_info    0x00011e2e      0x1e4 /usr/lib/gcc/arm-none-eabi/14.2.0/../../../../arm-none-eabi/lib/thumb/v6-m/nofp/libc.a(libm_a-s_frexp.o)
 .debug_info    0x00012012     0x1a11 /usr/lib/gcc/arm-none-eabi/14.2.0/../../../../arm-none-eabi/lib/thumb/v6-m/nofp/libc.a(libc_a-dtoa.o)
 .debug_info    0x00013a23     0x1e4a /usr/lib/gcc/arm-none-eabi/14.2.0/../../../../arm-none-eabi/lib/thumb/v6-m/nofp/libc.a(libc_a-mprec.o)
 .debug_info    0x0001586d      0xbd1 /usr/lib/gcc/arm-none-eabi/14.2.0/../../../../arm-none-eabi/lib/thumb/v6-m/nofp/libc.a(libc_a-reallocr.o)
 .debug_info    0x0001643e      0x90c /usr/lib/gcc/arm-none-eabi/14.2.0/../../../../arm-none-eabi/lib/thumb/v6-m/nofp/libc.a(libc_a-fclose.o)
 .debug_info    0x00016d4a      0xc2f /usr/lib/gcc/arm-none-eabi/14.2.0/../../../../arm-none-eabi/lib/thumb/v6-m/nofp/libc.a(libc_a-makebuf.o)
 .debug_info    0x00017979      0xbe8 /usr/lib/gcc/arm-none-eabi/14.2.0/../../../../arm-none-eabi/lib/thumb/v6-m/nofp/libc.a(libc_a-locale.o)
 .debug_info    0x00018561      0x9bc /usr/lib/gcc/arm-none-eabi/14.2.0/../../../../arm-none-eabi/lib/thumb/v6-m/nofp/libc.a(libc_a-fstatr.o)
 .debug_info    0x00018f1d      0x798 /usr/lib/gcc/arm-none-eabi/14.2.0/../../../../arm-none-eabi/lib/thumb/v6-m/nofp/libc.a(libc_a-isattyr.o)
 .debug_info    0x000196b5      0x736 /usr/lib/gcc/arm-none-eabi/14.2.0/../../../../arm-none-eabi/lib/thumb/v6-m/nofp/libc.a(libc_a-errno.o)
 .debug_info    0x00019deb      0x86e /usr/lib/gcc/arm-none-eabi/14.2.0/../../../../arm-none-eabi/lib/thumb/v6-m/nofp/libc.a(libc_a-assert.o)
 .debug_info    0x0001a659      0x912 /usr/lib/gcc/arm-none-eabi/14.2.0/../../../../arm-none-eabi/lib/thumb/v6-m/nofp/libc.a(libc_a-callocr.o)
 .debug_info    0x0001af6b      0xaea /usr/lib/gcc/arm-none-eabi/14.2.0/../../../../arm-none-eabi/lib/thumb/v6-m/nofp/libc.a(libc_a-mbtowc_r.o)
 .debug_info    0x0001ba55      0xaa4 /usr/lib/gcc/arm-none-eabi/14.2.0/../../../../arm-none-eabi/lib/thumb/v6-m/nofp/libc.a(libc_a-wctomb_r.o)
 .debug_info    0x0001c4f9       0xb9 /usr/lib/gcc/arm-none-eabi/14.2.0/../../../../arm-none-eabi/lib/thumb/v6-m/nofp/libc.a(libc_a-ctype_.o)
 .debug_info    0x0001c5b2      0x899 /usr/lib/gcc/arm-none-eabi/14.2.0/../../../../arm-none-eabi/lib/thumb/v6-m/nofp/libc.a(libc_a-fiprintf.o)
 .debug_info    0x0001ce4b     0x13ac /usr/lib/gcc/arm-none-eabi/14.2.0/../../../../arm-none-eabi/lib/thumb/v6-m/nofp/libc.a(libc_a-vfiprintf.o)
 .debug_info    0x0001e1f7       0xd8 /usr/lib/gcc/arm-none-eabi/14.2.0/../../../../arm-none-eabi/lib/thumb/v6-m/nofp/libc.a(libc_a-abort.o)
 .debug_info    0x0001e2cf      0xc69 /usr/lib/gcc/arm-none-eabi/14.2.0/../../../../arm-none-eabi/lib/thumb/v6-m/nofp/libc.a(libc_a-signal.o)
 .debug_info    0x0001ef38      0x829 /usr/lib/gcc/arm-none-eabi/14.2.0/../../../../arm-none-eabi/lib/thumb/v6-m/nofp/libc.a(libc_a-signalr.o)
 .debug_info    0x0001f761       0x3d /usr/lib/gcc/arm-none-eabi/14.2.0/thumb/v6-m/nofp/libgcc.a(_udivsi3.o)
 .debug_info    0x0001f79e       0x7e /usr/lib/gcc/arm-none-eabi/14.2.0/thumb/v6-m/nofp/libgcc.a(_arm_cmpdf2.o)
 .debug_info    0x0001f81c       0x31 /usr/lib/gcc/arm-none-eabi/14.2.0/thumb/v6-m/nofp/libgcc.a(_aeabi_uldivmod.o)
 .debug_info    0x0001f84d      0x3e7 /usr/lib/gcc/arm-none-eabi/14.2.0/thumb/v6-m/nofp/libgcc.a(_udivmoddi4.o)
 .debug_info    0x0001fc34      0x589 /usr/lib/gcc/arm-none-eabi/14.2.0/thumb/v6-m/nofp/libgcc.a(adddf3.o)
 .debug_info    0x000201bd      0x7ca /usr/lib/gcc/arm-none-eabi/14.2.0/thumb/v6-m/nofp/libgcc.a(divdf3.o)
 .debug_info    0x00020987      0x243 /usr/lib/gcc/arm-none-eabi/14.2.0/thumb/v6-m/nofp/libgcc.a(eqdf2.o)
 .debug_info    0x00020bca      0x251 /usr/lib/gcc/arm-none-eabi/14.2.0/thumb/v6-m/nofp/libgcc.a(gedf2.o)
 .debug_info    0x00020e1b      0x251 /usr/lib/gcc/arm-none-eabi/14.2.0/thumb/v6-m/nofp/libgcc.a(ledf2.o)
 .debug_info    0x0002106c      0x7b4 /usr/lib/gcc/arm-none-eabi/14.2.0/thumb/v6-m/nofp/libgcc.a(muldf3.o)
 .debug_info    0x00021820      0x589 /usr/lib/gcc/arm-none-eabi/14.2.0/thumb/v6-m/nofp/libgcc.a(subdf3.o)
 .debug_info    0x00021da9      0x21f /usr/lib/gcc/arm-none-eabi/14.2.0/thumb/v6-m/nofp/libgcc.a(unorddf2.o)
 .debug_info    0x00021fc8      0x1d9 /usr/lib/gcc/arm-none-eabi/14.2.0/thumb/v6-m/nofp/libgcc.a(fixdfsi.o)
 .debug_info    0x000221a1      0x28f /usr/lib/gcc/arm-none-eabi/14.2.0/thumb/v6-m/nofp/libgcc.a(floatsidf.o)
 .debug_info    0x00022430      0x27e /usr/lib/gcc/arm-none-eabi/14.2.0/thumb/v6-m/nofp/libgcc.a(floatunsidf.o)
 .debug_info    0x000226ae       0x31 /usr/lib/gcc/arm-none-eabi/14.2.0/thumb/v6-m/nofp/libgcc.a(_thumb1_case_uhi.o)
 .debug_info    0x000226df       0x3c /usr/lib/gcc/arm-none-eabi/14.2.0/thumb/v6-m/nofp/libgcc.a(_lshrdi3.o)
 .debug_info    0x0002271b       0x3c /usr/lib/gcc/arm-none-eabi/14.2.0/thumb/v6-m/nofp/libgcc.a(_ashldi3.o)
 .debug_info    0x00022757       0x31 /usr/lib/gcc/arm-none-eabi/14.2.0/thumb/v6-m/nofp/libgcc.a(_clzsi2.o)
 .debug_info    0x00022788       0x24 /usr/lib/gcc/arm-none-eabi/14.2.0/thumb/v6-m/nofp/libgcc.a(_clzdi2.o)

.debug_abbrev   0x00000000     0x8c8e
 .debug_abbrev  0x00000000      0x21e build/ble.o
 .debug_abbrev  0x0000021e      0x37f build/ble_phy.o
 .debug_abbrev  0x0000059d      0x255 build/device_store.o
 .debug_abbrev  0x000007f2      0x1af build/leds.o
 .debug_abbrev  0x000009a1      0x385 build/Main.o
 .debug_abbrev  0x00000d26      0x106 build/startup.o
 .debug_abbrev  0x00000e2c      0x1d8 build/stdlib_impl.o
 .debug_abbrev  0x00001004      0x1e9 build/timer.o
 .debug_abbrev  0x000011ed      0x115 build/uart.o
 .debug_abbrev  0x00001302       0x28 /usr/lib/gcc/arm-none-eabi/14.2.0/thumb/v6-m/nofp/libgcc.a(_divsi3.o)
 .debug_abbrev  0x0000132a       0x26 /usr/lib/gcc/arm-none-eabi/14.2.0/thumb/v6-m/nofp/libgcc.a(_dvmd_tls.o)
 .debug_abbrev  0x00001350      0x256 /usr/lib/gcc/arm-none-eabi/14.2.0/../../../../arm-none-eabi/lib/thumb/v6-m/nofp/libc.a(libc_a-printf.o)
 .debug_abbrev  0x000015a6       0x90 /usr/lib/gcc/arm-none-eabi/14.2.0/../../../../arm-none-eabi/lib/thumb/v6-m/nofp/libc.a(libc_a-memcmp.o)
 .debug_abbrev  0x00001636       0xb7 /usr/lib/gcc/arm-none-eabi/14.2.0/../../../../arm-none-eabi/lib/thumb/v6-m/nofp/libc.a(libc_a-memset.o)
 .debug_abbrev  0x000016ed       0x92 /usr/lib/gcc/arm-none-eabi/14.2.0/../../../../arm-none-eabi/lib/thumb/v6-m/nofp/libc.a(libc_a-strncmp.o)
 .debug_abbrev  0x0000177f      0x227 /usr/lib/gcc/arm-none-eabi/14.2.0/../../../../arm-none-eabi/lib/thumb/v6-m/nofp/libc.a(libc_a-reent.o)
 .debug_abbrev  0x000019a6      0x185 /usr/lib/gcc/arm-none-eabi/14.2.0/../../../../arm-none-eabi/lib/thumb/v6-m/nofp/libc.a(libc_a-impure.o)
 .debug_abbrev  0x00001b2b       0xca /usr/lib/gcc/arm-none-eabi/14.2.0/../../../../arm-none-eabi/lib/thumb/v6-m/nofp/libc.a(libc_a-memcpy-stub.o)
 .debug_abbrev  0x00001bf5       0x90 /usr/lib/gcc/arm-none-eabi/14.2.0/../../../../arm-none-eabi/lib/thumb/v6-m/nofp/libc.a(libc_a-strlen-stub.o)
 .debug_abbrev  0x00001c85      0x289 /usr/lib/gcc/arm-none-eabi/14.2.0/../../../../arm-none-eabi/lib/thumb/v6-m/nofp/libc.a(libc_a-freer.o)
 .debug_abbrev  0x00001f0e      0x2d7 /usr/lib/gcc/arm-none-eabi/14.2.0/../../../../arm-none-eabi/lib/thumb/v6-m/nofp/libc.a(libc_a-mallocr.o)
 .debug_abbrev  0x000021e5      0x1f8 /usr/lib/gcc/arm-none-eabi/14.2.0/../../../../arm-none-eabi/lib/thumb/v6-m/nofp/libc.a(libc_a-mlock.o)
 .debug_abbrev  0x000023dd      0x4c0 /usr/lib/gcc/arm-none-eabi/14.2.0/../../../../arm-none-eabi/lib/thumb/v6-m/nofp/libc.a(libc_a-vfprintf.o)
 .debug_abbrev  0x0000289d      0x1dd /usr/lib/gcc/arm-none-eabi/14.2.0/../../../../arm-none-eabi/lib/thumb/v6-m/nofp/libc.a(libc_a-sprint_r.o)
 .debug_abbrev  0x00002a7a      0x31a /usr/lib/gcc/arm-none-eabi/14.2.0/../../../../arm-none-eabi/lib/thumb/v6-m/nofp/libc.a(libc_a-fflush.o)
 .debug_abbrev  0x00002d94      0x473 /usr/lib/gcc/arm-none-eabi/14.2.0/../../../../arm-none-eabi/lib/thumb/v6-m/nofp/libc.a(libc_a-findfp.o)
 .debug_abbrev  0x00003207      0x26d /usr/lib/gcc/arm-none-eabi/14.2.0/../../../../arm-none-eabi/lib/thumb/v6-m/nofp/libc.a(libc_a-fvwrite.o)
 .debug_abbrev  0x00003474      0x1d9 /usr/lib/gcc/arm-none-eabi/14.2.0/../../../../arm-none-eabi/lib/thumb/v6-m/nofp/libc.a(libc_a-fwalk.o)
 .debug_abbrev  0x0000364d      0x242 /usr/lib/gcc/arm-none-eabi/14.2.0/../../../../arm-none-eabi/lib/thumb/v6-m/nofp/libc.a(libc_a-stdio.o)
 .debug_abbrev  0x0000388f      0x21e /usr/lib/gcc/arm-none-eabi/14.2.0/../../../../arm-none-eabi/lib/thumb/v6-m/nofp/libc.a(libc_a-wsetup.o)
 .debug_abbrev  0x00003aad       0xc3 /usr/lib/gcc/arm-none-eabi/14.2.0/../../../../arm-none-eabi/lib/thumb/v6-m/nofp/libc.a(libc_a-memmove.o)
 .debug_abbrev  0x00003b70       0xbe /usr/lib/gcc/arm-none-eabi/14.2.0/../../../../arm-none-eabi/lib/thumb/v6-m/nofp/libc.a(libc_a-strncpy.o)
 .debug_abbrev  0x00003c2e      0x273 /usr/lib/gcc/arm-none-eabi/14.2.0/../../../../arm-none-eabi/lib/thumb/v6-m/nofp/libc.a(libc_a-localeconv.o)
 .debug_abbrev  0x00003ea1      0x1ec /usr/lib/gcc/arm-none-eabi/14.2.0/../../../../arm-none-eabi/lib/thumb/v6-m/nofp/libc.a(libc_a-closer.o)
 .debug_abbrev  0x0000408d      0x200 /usr/lib/gcc/arm-none-eabi/14.2.0/../../../../arm-none-eabi/lib/thumb/v6-m/nofp/libc.a(libc_a-lseekr.o)
 .debug_abbrev  0x0000428d      0x1ec /usr/lib/gcc/arm-none-eabi/14.2.0/../../../../arm-none-eabi/lib/thumb/v6-m/nofp/libc.a(libc_a-readr.o)
 .debug_abbrev  0x00004479      0x216 /usr/lib/gcc/arm-none-eabi/14.2.0/../../../../arm-none-eabi/lib/thumb/v6-m/nofp/libc.a(libc_a-sbrkr.o)
 .debug_abbrev  0x0000468f      0x1f1 /usr/lib/gcc/arm-none-eabi/14.2.0/../../../../arm-none-eabi/lib/thumb/v6-m/nofp/libc.a(libc_a-writer.o)
 .debug_abbrev  0x00004880      0x115 /usr/lib/gcc/arm-none-eabi/14.2.0/../../../../arm-none-eabi/lib/thumb/v6-m/nofp/libc.a(libc_a-lock.o)
 .debug_abbrev  0x00004995       0x80 /usr/lib/gcc/arm-none-eabi/14.2.0/../../../../arm-none-eabi/lib/thumb/v6-m/nofp/libc.a(libc_a-sysconf.o)
 .debug_abbrev  0x00004a15       0xc7 /usr/lib/gcc/arm-none-eabi/14.2.0/../../../../arm-none-eabi/lib/thumb/v6-m/nofp/libc.a(libc_a-memchr-stub.o)
 .debug_abbrev  0x00004adc      0x162 /usr/lib/gcc/arm-none-eabi/14.2.0/../../../../arm-none-eabi/lib/thumb/v6-m/nofp/libc.a(libm_a-s_frexp.o)
 .debug_abbrev  0x00004c3e      0x36d /usr/lib/gcc/arm-none-eabi/14.2.0/../../../../arm-none-eabi/lib/thumb/v6-m/nofp/libc.a(libc_a-dtoa.o)
 .debug_abbrev  0x00004fab      0x51a /usr/lib/gcc/arm-none-eabi/14.2.0/../../../../arm-none-eabi/lib/thumb/v6-m/nofp/libc.a(libc_a-mprec.o)
 .debug_abbrev  0x000054c5      0x280 /usr/lib/gcc/arm-none-eabi/14.2.0/../../../../arm-none-eabi/lib/thumb/v6-m/nofp/libc.a(libc_a-reallocr.o)
 .debug_abbrev  0x00005745      0x296 /usr/lib/gcc/arm-none-eabi/14.2.0/../../../../arm-none-eabi/lib/thumb/v6-m/nofp/libc.a(libc_a-fclose.o)
 .debug_abbrev  0x000059db      0x2d9 /usr/lib/gcc/arm-none-eabi/14.2.0/../../../../arm-none-eabi/lib/thumb/v6-m/nofp/libc.a(libc_a-makebuf.o)
 .debug_abbrev  0x00005cb4      0x2e2 /usr/lib/gcc/arm-none-eabi/14.2.0/../../../../arm-none-eabi/lib/thumb/v6-m/nofp/libc.a(libc_a-locale.o)
 .debug_abbrev  0x00005f96      0x1ff /usr/lib/gcc/arm-none-eabi/14.2.0/../../../../arm-none-eabi/lib/thumb/v6-m/nofp/libc.a(libc_a-fstatr.o)
 .debug_abbrev  0x00006195      0x1ec /usr/lib/gcc/arm-none-eabi/14.2.0/../../../../arm-none-eabi/lib/thumb/v6-m/nofp/libc.a(libc_a-isattyr.o)
 .debug_abbrev  0x00006381      0x19a /usr/lib/gcc/arm-none-eabi/14.2.0/../../../../arm-none-eabi/lib/thumb/v6-m/nofp/libc.a(libc_a-errno.o)
 .debug_abbrev  0x0000651b      0x226 /usr/lib/gcc/arm-none-eabi/14.2.0/../../../../arm-none-eabi/lib/thumb/v6-m/nofp/libc.a(libc_a-assert.o)
 .debug_abbrev  0x00006741      0x25b /usr/lib/gcc/arm-none-eabi/14.2.0/../../../../arm-none-eabi/lib/thumb/v6-m/nofp/libc.a(libc_a-callocr.o)
 .debug_abbrev  0x0000699c      0x26d /usr/lib/gcc/arm-none-eabi/14.2.0/../../../../arm-none-eabi/lib/thumb/v6-m/nofp/libc.a(libc_a-mbtowc_r.o)
 .debug_abbrev  0x00006c09      0x257 /usr/lib/gcc/arm-none-eabi/14.2.0/../../../../arm-none-eabi/lib/thumb/v6-m/nofp/libc.a(libc_a-wctomb_r.o)
 .debug_abbrev  0x00006e60       0x62 /usr/lib/gcc/arm-none-eabi/14.2.0/../../../../arm-none-eabi/lib/thumb/v6-m/nofp/libc.a(libc_a-ctype_.o)
 .debug_abbrev  0x00006ec2      0x252 /usr/lib/gcc/arm-none-eabi/14.2.0/../../../../arm-none-eabi/lib/thumb/v6-m/nofp/libc.a(libc_a-fiprintf.o)
 .debug_abbrev  0x00007114      0x3d3 /usr/lib/gcc/arm-none-eabi/14.2.0/../../../../arm-none-eabi/lib/thumb/v6-m/nofp/libc.a(libc_a-vfiprintf.o)
 .debug_abbrev  0x000074e7       0x99 /usr/lib/gcc/arm-none-eabi/14.2.0/../../../../arm-none-eabi/lib/thumb/v6-m/nofp/libc.a(libc_a-abort.o)
 .debug_abbrev  0x00007580      0x307 /usr/lib/gcc/arm-none-eabi/14.2.0/../../../../arm-none-eabi/lib/thumb/v6-m/nofp/libc.a(libc_a-signal.o)
 .debug_abbrev  0x00007887      0x229 /usr/lib/gcc/arm-none-eabi/14.2.0/../../../../arm-none-eabi/lib/thumb/v6-m/nofp/libc.a(libc_a-signalr.o)
 .debug_abbrev  0x00007ab0       0x28 /usr/lib/gcc/arm-none-eabi/14.2.0/thumb/v6-m/nofp/libgcc.a(_udivsi3.o)
 .debug_abbrev  0x00007ad8       0x28 /usr/lib/gcc/arm-none-eabi/14.2.0/thumb/v6-m/nofp/libgcc.a(_arm_cmpdf2.o)
 .debug_abbrev  0x00007b00       0x28 /usr/lib/gcc/arm-none-eabi/14.2.0/thumb/v6-m/nofp/libgcc.a(_aeabi_uldivmod.o)
 .debug_abbrev  0x00007b28      0x120 /usr/lib/gcc/arm-none-eabi/14.2.0/thumb/v6-m/nofp/libgcc.a(_udivmoddi4.o)
 .debug_abbrev  0x00007c48      0x187 /usr/lib/gcc/arm-none-eabi/14.2.0/thumb/v6-m/nofp/libgcc.a(adddf3.o)
 .debug_abbrev  0x00007dcf      0x16e /usr/lib/gcc/arm-none-eabi/14.2.0/thumb/v6-m/nofp/libgcc.a(divdf3.o)
 .debug_abbrev  0x00007f3d      0x157 /usr/lib/gcc/arm-none-eabi/14.2.0/thumb/v6-m/nofp/libgcc.a(eqdf2.o)
 .debug_abbrev  0x00008094      0x159 /usr/lib/gcc/arm-none-eabi/14.2.0/thumb/v6-m/nofp/libgcc.a(gedf2.o)
 .debug_abbrev  0x000081ed      0x159 /usr/lib/gcc/arm-none-eabi/14.2.0/thumb/v6-m/nofp/libgcc.a(ledf2.o)
 .debug_abbrev  0x00008346      0x186 /usr/lib/gcc/arm-none-eabi/14.2.0/thumb/v6-m/nofp/libgcc.a(muldf3.o)
 .debug_abbrev  0x000084cc      0x187 /usr/lib/gcc/arm-none-eabi/14.2.0/thumb/v6-m/nofp/libgcc.a(subdf3.o)
 .debug_abbrev  0x00008653      0x143 /usr/lib/gcc/arm-none-eabi/14.2.0/thumb/v6-m/nofp/libgcc.a(unorddf2.o)
 .debug_abbrev  0x00008796      0x144 /usr/lib/gcc/arm-none-eabi/14.2.0/thumb/v6-m/nofp/libgcc.a(fixdfsi.o)
 .debug_abbrev  0x000088da      0x178 /usr/lib/gcc/arm-none-eabi/14.2.0/thumb/v6-m/nofp/libgcc.a(floatsidf.o)
 .debug_abbrev  0x00008a52      0x188 /usr/lib/gcc/arm-none-eabi/14.2.0/thumb/v6-m/nofp/libgcc.a(floatunsidf.o)
 .debug_abbrev  0x00008bda       0x28 /usr/lib/gcc/arm-none-eabi/14.2.0/thumb/v6-m/nofp/libgcc.a(_thumb1_case_uhi.o)
 .debug_abbrev  0x00008c02       0x28 /usr/lib/gcc/arm-none-eabi/14.2.0/thumb/v6-m/nofp/libgcc.a(_lshrdi3.o)
 .debug_abbrev  0x00008c2a       0x28 /usr/lib/gcc/arm-none-eabi/14.2.0/thumb/v6-m/nofp/libgcc.a(_ashldi3.o)
 .debug_abbrev  0x00008c52       0x28 /usr/lib/gcc/arm-none-eabi/14.2.0/thumb/v6-m/nofp/libgcc.a(_clzsi2.o)
 .debug_abbrev  0x00008c7a       0x14 /usr/lib/gcc/arm-none-eabi/14.2.0/thumb/v6-m/nofp/libgcc.a(_clzdi2.o)

.debug_loclists
                0x00000000    0x165da
 .debug_loclists
                0x00000000      0x7f3 build/ble.o
 .debug_loclists
                0x000007f3      0x116 build/ble_phy.o
 .debug_loclists
                0x00000909      0x37c build/device_store.o
 .debug_loclists
                0x00000c85       0x64 build/leds.o
 .debug_loclists
                0x00000ce9      0x147 build/Main.o
 .debug_loclists
                0x00000e30      0x189 build/stdlib_impl.o
 .debug_loclists
                0x00000fb9       0x3c build/timer.o
 .debug_loclists
                0x00000ff5       0x4a /usr/lib/gcc/arm-none-eabi/14.2.0/../../../../arm-none-eabi/lib/thumb/v6-m/nofp/libc.a(libc_a-printf.o)
 .debug_loclists
                0x0000103f      0x155 /usr/lib/gcc/arm-none-eabi/14.2.0/../../../../arm-none-eabi/lib/thumb/v6-m/nofp/libc.a(libc_a-memcmp.o)
 .debug_loclists
                0x00001194      0x20a /usr/lib/gcc/arm-none-eabi/14.2.0/../../../../arm-none-eabi/lib/thumb/v6-m/nofp/libc.a(libc_a-memset.o)
 .debug_loclists
                0x0000139e      0x115 /usr/lib/gcc/arm-none-eabi/14.2.0/../../../../arm-none-eabi/lib/thumb/v6-m/nofp/libc.a(libc_a-strncmp.o)
 .debug_loclists
                0x000014b3       0x6e /usr/lib/gcc/arm-none-eabi/14.2.0/../../../../arm-none-eabi/lib/thumb/v6-m/nofp/libc.a(libc_a-reent.o)
 .debug_loclists
                0x00001521      0x3f7 /usr/lib/gcc/arm-none-eabi/14.2.0/../../../../arm-none-eabi/lib/thumb/v6-m/nofp/libc.a(libc_a-memcpy-stub.o)
 .debug_loclists
                0x00001918       0x64 /usr/lib/gcc/arm-none-eabi/14.2.0/../../../../arm-none-eabi/lib/thumb/v6-m/nofp/libc.a(libc_a-strlen-stub.o)
 .debug_loclists
                0x0000197c      0x3ae /usr/lib/gcc/arm-none-eabi/14.2.0/../../../../arm-none-eabi/lib/thumb/v6-m/nofp/libc.a(libc_a-freer.o)
 .debug_loclists
                0x00001d2a      0xab6 /usr/lib/gcc/arm-none-eabi/14.2.0/../../../../arm-none-eabi/lib/thumb/v6-m/nofp/libc.a(libc_a-mallocr.o)
 .debug_loclists
                0x000027e0       0x46 /usr/lib/gcc/arm-none-eabi/14.2.0/../../../../arm-none-eabi/lib/thumb/v6-m/nofp/libc.a(libc_a-mlock.o)
 .debug_loclists
                0x00002826     0x5756 /usr/lib/gcc/arm-none-eabi/14.2.0/../../../../arm-none-eabi/lib/thumb/v6-m/nofp/libc.a(libc_a-vfprintf.o)
 .debug_loclists
                0x00007f7c       0x7f /usr/lib/gcc/arm-none-eabi/14.2.0/../../../../arm-none-eabi/lib/thumb/v6-m/nofp/libc.a(libc_a-sprint_r.o)
 .debug_loclists
                0x00007ffb      0x312 /usr/lib/gcc/arm-none-eabi/14.2.0/../../../../arm-none-eabi/lib/thumb/v6-m/nofp/libc.a(libc_a-fflush.o)
 .debug_loclists
                0x0000830d      0x318 /usr/lib/gcc/arm-none-eabi/14.2.0/../../../../arm-none-eabi/lib/thumb/v6-m/nofp/libc.a(libc_a-findfp.o)
 .debug_loclists
                0x00008625      0x49e /usr/lib/gcc/arm-none-eabi/14.2.0/../../../../arm-none-eabi/lib/thumb/v6-m/nofp/libc.a(libc_a-fvwrite.o)
 .debug_loclists
                0x00008ac3       0xbc /usr/lib/gcc/arm-none-eabi/14.2.0/../../../../arm-none-eabi/lib/thumb/v6-m/nofp/libc.a(libc_a-fwalk.o)
 .debug_loclists
                0x00008b7f      0x2e0 /usr/lib/gcc/arm-none-eabi/14.2.0/../../../../arm-none-eabi/lib/thumb/v6-m/nofp/libc.a(libc_a-stdio.o)
 .debug_loclists
                0x00008e5f       0x8c /usr/lib/gcc/arm-none-eabi/14.2.0/../../../../arm-none-eabi/lib/thumb/v6-m/nofp/libc.a(libc_a-wsetup.o)
 .debug_loclists
                0x00008eeb      0x465 /usr/lib/gcc/arm-none-eabi/14.2.0/../../../../arm-none-eabi/lib/thumb/v6-m/nofp/libc.a(libc_a-memmove.o)
 .debug_loclists
                0x00009350       0xff /usr/lib/gcc/arm-none-eabi/14.2.0/../../../../arm-none-eabi/lib/thumb/v6-m/nofp/libc.a(libc_a-strncpy.o)
 .debug_loclists
                0x0000944f       0x57 /usr/lib/gcc/arm-none-eabi/14.2.0/../../../../arm-none-eabi/lib/thumb/v6-m/nofp/libc.a(libc_a-localeconv.o)
 .debug_loclists
                0x000094a6       0x5f /usr/lib/gcc/arm-none-eabi/14.2.0/../../../../arm-none-eabi/lib/thumb/v6-m/nofp/libc.a(libc_a-closer.o)
 .debug_loclists
                0x00009505       0xae /usr/lib/gcc/arm-none-eabi/14.2.0/../../../../arm-none-eabi/lib/thumb/v6-m/nofp/libc.a(libc_a-lseekr.o)
 .debug_loclists
                0x000095b3       0xae /usr/lib/gcc/arm-none-eabi/14.2.0/../../../../arm-none-eabi/lib/thumb/v6-m/nofp/libc.a(libc_a-readr.o)
 .debug_loclists
                0x00009661       0x5f /usr/lib/gcc/arm-none-eabi/14.2.0/../../../../arm-none-eabi/lib/thumb/v6-m/nofp/libc.a(libc_a-sbrkr.o)
 .debug_loclists
                0x000096c0       0xae /usr/lib/gcc/arm-none-eabi/14.2.0/../../../../arm-none-eabi/lib/thumb/v6-m/nofp/libc.a(libc_a-writer.o)
 .debug_loclists
                0x0000976e       0x29 /usr/lib/gcc/arm-none-eabi/14.2.0/../../../../arm-none-eabi/lib/thumb/v6-m/nofp/libc.a(libc_a-lock.o)
 .debug_loclists
                0x00009797       0x40 /usr/lib/gcc/arm-none-eabi/14.2.0/../../../../arm-none-eabi/lib/thumb/v6-m/nofp/libc.a(libc_a-sysconf.o)
 .debug_loclists
                0x000097d7      0x1bb /usr/lib/gcc/arm-none-eabi/14.2.0/../../../../arm-none-eabi/lib/thumb/v6-m/nofp/libc.a(libc_a-memchr-stub.o)
 .debug_loclists
                0x00009992       0xfd /usr/lib/gcc/arm-none-eabi/14.2.0/../../../../arm-none-eabi/lib/thumb/v6-m/nofp/libc.a(libm_a-s_frexp.o)
 .debug_loclists
                0x00009a8f     0x24e5 /usr/lib/gcc/arm-none-eabi/14.2.0/../../../../arm-none-eabi/lib/thumb/v6-m/nofp/libc.a(libc_a-dtoa.o)
 .debug_loclists
                0x0000bf74     0x1be0 /usr/lib/gcc/arm-none-eabi/14.2.0/../../../../arm-none-eabi/lib/thumb/v6-m/nofp/libc.a(libc_a-mprec.o)
 .debug_loclists
                0x0000db54      0xd5d /usr/lib/gcc/arm-none-eabi/14.2.0/../../../../arm-none-eabi/lib/thumb/v6-m/nofp/libc.a(libc_a-reallocr.o)
 .debug_loclists
                0x0000e8b1      0x10f /usr/lib/gcc/arm-none-eabi/14.2.0/../../../../arm-none-eabi/lib/thumb/v6-m/nofp/libc.a(libc_a-fclose.o)
 .debug_loclists
                0x0000e9c0      0x264 /usr/lib/gcc/arm-none-eabi/14.2.0/../../../../arm-none-eabi/lib/thumb/v6-m/nofp/libc.a(libc_a-makebuf.o)
 .debug_loclists
                0x0000ec24      0x170 /usr/lib/gcc/arm-none-eabi/14.2.0/../../../../arm-none-eabi/lib/thumb/v6-m/nofp/libc.a(libc_a-locale.o)
 .debug_loclists
                0x0000ed94       0x83 /usr/lib/gcc/arm-none-eabi/14.2.0/../../../../arm-none-eabi/lib/thumb/v6-m/nofp/libc.a(libc_a-fstatr.o)
 .debug_loclists
                0x0000ee17       0x5f /usr/lib/gcc/arm-none-eabi/14.2.0/../../../../arm-none-eabi/lib/thumb/v6-m/nofp/libc.a(libc_a-isattyr.o)
 .debug_loclists
                0x0000ee76      0x110 /usr/lib/gcc/arm-none-eabi/14.2.0/../../../../arm-none-eabi/lib/thumb/v6-m/nofp/libc.a(libc_a-assert.o)
 .debug_loclists
                0x0000ef86      0x216 /usr/lib/gcc/arm-none-eabi/14.2.0/../../../../arm-none-eabi/lib/thumb/v6-m/nofp/libc.a(libc_a-callocr.o)
 .debug_loclists
                0x0000f19c      0x12c /usr/lib/gcc/arm-none-eabi/14.2.0/../../../../arm-none-eabi/lib/thumb/v6-m/nofp/libc.a(libc_a-mbtowc_r.o)
 .debug_loclists
                0x0000f2c8      0x111 /usr/lib/gcc/arm-none-eabi/14.2.0/../../../../arm-none-eabi/lib/thumb/v6-m/nofp/libc.a(libc_a-wctomb_r.o)
 .debug_loclists
                0x0000f3d9       0x80 /usr/lib/gcc/arm-none-eabi/14.2.0/../../../../arm-none-eabi/lib/thumb/v6-m/nofp/libc.a(libc_a-fiprintf.o)
 .debug_loclists
                0x0000f459     0x254e /usr/lib/gcc/arm-none-eabi/14.2.0/../../../../arm-none-eabi/lib/thumb/v6-m/nofp/libc.a(libc_a-vfiprintf.o)
 .debug_loclists
                0x000119a7      0x4d0 /usr/lib/gcc/arm-none-eabi/14.2.0/../../../../arm-none-eabi/lib/thumb/v6-m/nofp/libc.a(libc_a-signal.o)
 .debug_loclists
                0x00011e77       0xab /usr/lib/gcc/arm-none-eabi/14.2.0/../../../../arm-none-eabi/lib/thumb/v6-m/nofp/libc.a(libc_a-signalr.o)
 .debug_loclists
                0x00011f22      0x1ba /usr/lib/gcc/arm-none-eabi/14.2.0/thumb/v6-m/nofp/libgcc.a(_udivmoddi4.o)
 .debug_loclists
                0x000120dc      0xe2c /usr/lib/gcc/arm-none-eabi/14.2.0/thumb/v6-m/nofp/libgcc.a(adddf3.o)
 .debug_loclists
                0x00012f08      0xf7d /usr/lib/gcc/arm-none-eabi/14.2.0/thumb/v6-m/nofp/libgcc.a(divdf3.o)
 .debug_loclists
                0x00013e85       0xfa /usr/lib/gcc/arm-none-eabi/14.2.0/thumb/v6-m/nofp/libgcc.a(eqdf2.o)
 .debug_loclists
                0x00013f7f      0x186 /usr/lib/gcc/arm-none-eabi/14.2.0/thumb/v6-m/nofp/libgcc.a(gedf2.o)
 .debug_loclists
                0x00014105      0x17f /usr/lib/gcc/arm-none-eabi/14.2.0/thumb/v6-m/nofp/libgcc.a(ledf2.o)
 .debug_loclists
                0x00014284      0xca0 /usr/lib/gcc/arm-none-eabi/14.2.0/thumb/v6-m/nofp/libgcc.a(muldf3.o)
 .debug_loclists
                0x00014f24     0x1238 /usr/lib/gcc/arm-none-eabi/14.2.0/thumb/v6-m/nofp/libgcc.a(subdf3.o)
 .debug_loclists
                0x0001615c       0x91 /usr/lib/gcc/arm-none-eabi/14.2.0/thumb/v6-m/nofp/libgcc.a(unorddf2.o)
 .debug_loclists
                0x000161ed      0x162 /usr/lib/gcc/arm-none-eabi/14.2.0/thumb/v6-m/nofp/libgcc.a(fixdfsi.o)
 .debug_loclists
                0x0001634f      0x161 /usr/lib/gcc/arm-none-eabi/14.2.0/thumb/v6-m/nofp/libgcc.a(floatsidf.o)
 .debug_loclists
                0x000164b0      0x12a /usr/lib/gcc/arm-none-eabi/14.2.0/thumb/v6-m/nofp/libgcc.a(floatunsidf.o)

.debug_aranges  0x00000000      0xd18
 .debug_aranges
                0x00000000       0x30 build/ble.o
 .debug_aranges
                0x00000030       0x30 build/ble_phy.o
 .debug_aranges
                0x00000060       0x50 build/device_store.o
 .debug_aranges
                0x000000b0       0x28 build/leds.o
 .debug_aranges
                0x000000d8       0x40 build/Main.o
 .debug_aranges
                0x00000118       0x28 build/startup.o
 .debug_aranges
                0x00000140       0x68 build/stdlib_impl.o
 .debug_aranges
                0x000001a8       0x30 build/timer.o
 .debug_aranges
                0x000001d8       0x28 build/uart.o
 .debug_aranges
                0x00000200       0x20 /usr/lib/gcc/arm-none-eabi/14.2.0/thumb/v6-m/nofp/libgcc.a(_divsi3.o)
 .debug_aranges
                0x00000220       0x20 /usr/lib/gcc/arm-none-eabi/14.2.0/thumb/v6-m/nofp/libgcc.a(_dvmd_tls.o)
 .debug_aranges
                0x00000240       0x28 /usr/lib/gcc/arm-none-eabi/14.2.0/../../../../arm-none-eabi/lib/thumb/v6-m/nofp/libc.a(libc_a-printf.o)
 .debug_aranges
                0x00000268       0x20 /usr/lib/gcc/arm-none-eabi/14.2.0/../../../../arm-none-eabi/lib/thumb/v6-m/nofp/libc.a(libc_a-memcmp.o)
 .debug_aranges
                0x00000288       0x20 /usr/lib/gcc/arm-none-eabi/14.2.0/../../../../arm-none-eabi/lib/thumb/v6-m/nofp/libc.a(libc_a-memset.o)
 .debug_aranges
                0x000002a8       0x20 /usr/lib/gcc/arm-none-eabi/14.2.0/../../../../arm-none-eabi/lib/thumb/v6-m/nofp/libc.a(libc_a-strncmp.o)
 .debug_aranges
                0x000002c8       0x20 /usr/lib/gcc/arm-none-eabi/14.2.0/../../../../arm-none-eabi/lib/thumb/v6-m/nofp/libc.a(libc_a-reent.o)
 .debug_aranges
                0x000002e8       0x18 /usr/lib/gcc/arm-none-eabi/14.2.0/../../../../arm-none-eabi/lib/thumb/v6-m/nofp/libc.a(libc_a-impure.o)
 .debug_aranges
                0x00000300       0x20 /usr/lib/gcc/arm-none-eabi/14.2.0/../../../../arm-none-eabi/lib/thumb/v6-m/nofp/libc.a(libc_a-memcpy-stub.o)
 .debug_aranges
                0x00000320       0x20 /usr/lib/gcc/arm-none-eabi/14.2.0/../../../../arm-none-eabi/lib/thumb/v6-m/nofp/libc.a(libc_a-strlen-stub.o)
 .debug_aranges
                0x00000340       0x28 /usr/lib/gcc/arm-none-eabi/14.2.0/../../../../arm-none-eabi/lib/thumb/v6-m/nofp/libc.a(libc_a-freer.o)
 .debug_aranges
                0x00000368       0x20 /usr/lib/gcc/arm-none-eabi/14.2.0/../../../../arm-none-eabi/lib/thumb/v6-m/nofp/libc.a(libc_a-mallocr.o)
 .debug_aranges
                0x00000388       0x28 /usr/lib/gcc/arm-none-eabi/14.2.0/../../../../arm-none-eabi/lib/thumb/v6-m/nofp/libc.a(libc_a-mlock.o)
 .debug_aranges
                0x000003b0       0x30 /usr/lib/gcc/arm-none-eabi/14.2.0/../../../../arm-none-eabi/lib/thumb/v6-m/nofp/libc.a(libc_a-vfprintf.o)
 .debug_aranges
                0x000003e0       0x20 /usr/lib/gcc/arm-none-eabi/14.2.0/../../../../arm-none-eabi/lib/thumb/v6-m/nofp/libc.a(libc_a-sprint_r.o)
 .debug_aranges
                0x00000400       0x30 /usr/lib/gcc/arm-none-eabi/14.2.0/../../../../arm-none-eabi/lib/thumb/v6-m/nofp/libc.a(libc_a-fflush.o)
 .debug_aranges
                0x00000430       0x70 /usr/lib/gcc/arm-none-eabi/14.2.0/../../../../arm-none-eabi/lib/thumb/v6-m/nofp/libc.a(libc_a-findfp.o)
 .debug_aranges
                0x000004a0       0x20 /usr/lib/gcc/arm-none-eabi/14.2.0/../../../../arm-none-eabi/lib/thumb/v6-m/nofp/libc.a(libc_a-fvwrite.o)
 .debug_aranges
                0x000004c0       0x20 /usr/lib/gcc/arm-none-eabi/14.2.0/../../../../arm-none-eabi/lib/thumb/v6-m/nofp/libc.a(libc_a-fwalk.o)
 .debug_aranges
                0x000004e0       0x40 /usr/lib/gcc/arm-none-eabi/14.2.0/../../../../arm-none-eabi/lib/thumb/v6-m/nofp/libc.a(libc_a-stdio.o)
 .debug_aranges
                0x00000520       0x20 /usr/lib/gcc/arm-none-eabi/14.2.0/../../../../arm-none-eabi/lib/thumb/v6-m/nofp/libc.a(libc_a-wsetup.o)
 .debug_aranges
                0x00000540       0x20 /usr/lib/gcc/arm-none-eabi/14.2.0/../../../../arm-none-eabi/lib/thumb/v6-m/nofp/libc.a(libc_a-memmove.o)
 .debug_aranges
                0x00000560       0x20 /usr/lib/gcc/arm-none-eabi/14.2.0/../../../../arm-none-eabi/lib/thumb/v6-m/nofp/libc.a(libc_a-strncpy.o)
 .debug_aranges
                0x00000580       0x30 /usr/lib/gcc/arm-none-eabi/14.2.0/../../../../arm-none-eabi/lib/thumb/v6-m/nofp/libc.a(libc_a-localeconv.o)
 .debug_aranges
                0x000005b0       0x20 /usr/lib/gcc/arm-none-eabi/14.2.0/../../../../arm-none-eabi/lib/thumb/v6-m/nofp/libc.a(libc_a-closer.o)
 .debug_aranges
                0x000005d0       0x20 /usr/lib/gcc/arm-none-eabi/14.2.0/../../../../arm-none-eabi/lib/thumb/v6-m/nofp/libc.a(libc_a-lseekr.o)
 .debug_aranges
                0x000005f0       0x20 /usr/lib/gcc/arm-none-eabi/14.2.0/../../../../arm-none-eabi/lib/thumb/v6-m/nofp/libc.a(libc_a-readr.o)
 .debug_aranges
                0x00000610       0x20 /usr/lib/gcc/arm-none-eabi/14.2.0/../../../../arm-none-eabi/lib/thumb/v6-m/nofp/libc.a(libc_a-sbrkr.o)
 .debug_aranges
                0x00000630       0x20 /usr/lib/gcc/arm-none-eabi/14.2.0/../../../../arm-none-eabi/lib/thumb/v6-m/nofp/libc.a(libc_a-writer.o)
 .debug_aranges
                0x00000650       0x68 /usr/lib/gcc/arm-none-eabi/14.2.0/../../../../arm-none-eabi/lib/thumb/v6-m/nofp/libc.a(libc_a-lock.o)
 .debug_aranges
                0x000006b8       0x20 /usr/lib/gcc/arm-none-eabi/14.2.0/../../../../arm-none-eabi/lib/thumb/v6-m/nofp/libc.a(libc_a-sysconf.o)
 .debug_aranges
                0x000006d8       0x20 /usr/lib/gcc/arm-none-eabi/14.2.0/../../../../arm-none-eabi/lib/thumb/v6-m/nofp/libc.a(libc_a-memchr-stub.o)
 .debug_aranges
                0x000006f8       0x20 /usr/lib/gcc/arm-none-eabi/14.2.0/../../../../arm-none-eabi/lib/thumb/v6-m/nofp/libc.a(libm_a-s_frexp.o)
 .debug_aranges
                0x00000718       0x28 /usr/lib/gcc/arm-none-eabi/14.2.0/../../../../arm-none-eabi/lib/thumb/v6-m/nofp/libc.a(libc_a-dtoa.o)
 .debug_aranges
                0x00000740       0xb0 /usr/lib/gcc/arm-none-eabi/14.2.0/../../../../arm-none-eabi/lib/thumb/v6-m/nofp/libc.a(libc_a-mprec.o)
 .debug_aranges
                0x000007f0       0x20 /usr/lib/gcc/arm-none-eabi/14.2.0/../../../../arm-none-eabi/lib/thumb/v6-m/nofp/libc.a(libc_a-reallocr.o)
 .debug_aranges
                0x00000810       0x28 /usr/lib/gcc/arm-none-eabi/14.2.0/../../../../arm-none-eabi/lib/thumb/v6-m/nofp/libc.a(libc_a-fclose.o)
 .debug_aranges
                0x00000838       0x28 /usr/lib/gcc/arm-none-eabi/14.2.0/../../../../arm-none-eabi/lib/thumb/v6-m/nofp/libc.a(libc_a-makebuf.o)
 .debug_aranges
                0x00000860       0x30 /usr/lib/gcc/arm-none-eabi/14.2.0/../../../../arm-none-eabi/lib/thumb/v6-m/nofp/libc.a(libc_a-locale.o)
 .debug_aranges
                0x00000890       0x20 /usr/lib/gcc/arm-none-eabi/14.2.0/../../../../arm-none-eabi/lib/thumb/v6-m/nofp/libc.a(libc_a-fstatr.o)
 .debug_aranges
                0x000008b0       0x20 /usr/lib/gcc/arm-none-eabi/14.2.0/../../../../arm-none-eabi/lib/thumb/v6-m/nofp/libc.a(libc_a-isattyr.o)
 .debug_aranges
                0x000008d0       0x20 /usr/lib/gcc/arm-none-eabi/14.2.0/../../../../arm-none-eabi/lib/thumb/v6-m/nofp/libc.a(libc_a-errno.o)
 .debug_aranges
                0x000008f0       0x28 /usr/lib/gcc/arm-none-eabi/14.2.0/../../../../arm-none-eabi/lib/thumb/v6-m/nofp/libc.a(libc_a-assert.o)
 .debug_aranges
                0x00000918       0x20 /usr/lib/gcc/arm-none-eabi/14.2.0/../../../../arm-none-eabi/lib/thumb/v6-m/nofp/libc.a(libc_a-callocr.o)
 .debug_aranges
                0x00000938       0x28 /usr/lib/gcc/arm-none-eabi/14.2.0/../../../../arm-none-eabi/lib/thumb/v6-m/nofp/libc.a(libc_a-mbtowc_r.o)
 .debug_aranges
                0x00000960       0x28 /usr/lib/gcc/arm-none-eabi/14.2.0/../../../../arm-none-eabi/lib/thumb/v6-m/nofp/libc.a(libc_a-wctomb_r.o)
 .debug_aranges
                0x00000988       0x18 /usr/lib/gcc/arm-none-eabi/14.2.0/../../../../arm-none-eabi/lib/thumb/v6-m/nofp/libc.a(libc_a-ctype_.o)
 .debug_aranges
                0x000009a0       0x28 /usr/lib/gcc/arm-none-eabi/14.2.0/../../../../arm-none-eabi/lib/thumb/v6-m/nofp/libc.a(libc_a-fiprintf.o)
 .debug_aranges
                0x000009c8       0x30 /usr/lib/gcc/arm-none-eabi/14.2.0/../../../../arm-none-eabi/lib/thumb/v6-m/nofp/libc.a(libc_a-vfiprintf.o)
 .debug_aranges
                0x000009f8       0x20 /usr/lib/gcc/arm-none-eabi/14.2.0/../../../../arm-none-eabi/lib/thumb/v6-m/nofp/libc.a(libc_a-abort.o)
 .debug_aranges
                0x00000a18       0x58 /usr/lib/gcc/arm-none-eabi/14.2.0/../../../../arm-none-eabi/lib/thumb/v6-m/nofp/libc.a(libc_a-signal.o)
 .debug_aranges
                0x00000a70       0x28 /usr/lib/gcc/arm-none-eabi/14.2.0/../../../../arm-none-eabi/lib/thumb/v6-m/nofp/libc.a(libc_a-signalr.o)
 .debug_aranges
                0x00000a98       0x20 /usr/lib/gcc/arm-none-eabi/14.2.0/thumb/v6-m/nofp/libgcc.a(_udivsi3.o)
 .debug_aranges
                0x00000ab8       0x20 /usr/lib/gcc/arm-none-eabi/14.2.0/thumb/v6-m/nofp/libgcc.a(_arm_cmpdf2.o)
 .debug_aranges
                0x00000ad8       0x20 /usr/lib/gcc/arm-none-eabi/14.2.0/thumb/v6-m/nofp/libgcc.a(_aeabi_uldivmod.o)
 .debug_aranges
                0x00000af8       0x20 /usr/lib/gcc/arm-none-eabi/14.2.0/thumb/v6-m/nofp/libgcc.a(_udivmoddi4.o)
 .debug_aranges
                0x00000b18       0x20 /usr/lib/gcc/arm-none-eabi/14.2.0/thumb/v6-m/nofp/libgcc.a(adddf3.o)
 .debug_aranges
                0x00000b38       0x20 /usr/lib/gcc/arm-none-eabi/14.2.0/thumb/v6-m/nofp/libgcc.a(divdf3.o)
 .debug_aranges
                0x00000b58       0x20 /usr/lib/gcc/arm-none-eabi/14.2.0/thumb/v6-m/nofp/libgcc.a(eqdf2.o)
 .debug_aranges
                0x00000b78       0x20 /usr/lib/gcc/arm-none-eabi/14.2.0/thumb/v6-m/nofp/libgcc.a(gedf2.o)
 .debug_aranges
                0x00000b98       0x20 /usr/lib/gcc/arm-none-eabi/14.2.0/thumb/v6-m/nofp/libgcc.a(ledf2.o)
 .debug_aranges
                0x00000bb8       0x20 /usr/lib/gcc/arm-none-eabi/14.2.0/thumb/v6-m/nofp/libgcc.a(muldf3.o)
 .debug_aranges
                0x00000bd8       0x20 /usr/lib/gcc/arm-none-eabi/14.2.0/thumb/v6-m/nofp/libgcc.a(subdf3.o)
 .debug_aranges
                0x00000bf8       0x20 /usr/lib/gcc/arm-none-eabi/14.2.0/thumb/v6-m/nofp/libgcc.a(unorddf2.o)
 .debug_aranges
                0x00000c18       0x20 /usr/lib/gcc/arm-none-eabi/14.2.0/thumb/v6-m/nofp/libgcc.a(fixdfsi.o)
 .debug_aranges
                0x00000c38       0x20 /usr/lib/gcc/arm-none-eabi/14.2.0/thumb/v6-m/nofp/libgcc.a(floatsidf.o)
 .debug_aranges
                0x00000c58       0x20 /usr/lib/gcc/arm-none-eabi/14.2.0/thumb/v6-m/nofp/libgcc.a(floatunsidf.o)
 .debug_aranges
                0x00000c78       0x20 /usr/lib/gcc/arm-none-eabi/14.2.0/thumb/v6-m/nofp/libgcc.a(_thumb1_case_uhi.o)
 .debug_aranges
                0x00000c98       0x20 /usr/lib/gcc/arm-none-eabi/14.2.0/thumb/v6-m/nofp/libgcc.a(_lshrdi3.o)
 .debug_aranges
                0x00000cb8       0x20 /usr/lib/gcc/arm-none-eabi/14.2.0/thumb/v6-m/nofp/libgcc.a(_ashldi3.o)
 .debug_aranges
                0x00000cd8       0x20 /usr/lib/gcc/arm-none-eabi/14.2.0/thumb/v6-m/nofp/libgcc.a(_clzsi2.o)
 .debug_aranges
                0x00000cf8       0x20 /usr/lib/gcc/arm-none-eabi/14.2.0/thumb/v6-m/nofp/libgcc.a(_clzdi2.o)

.debug_rnglists
                0x00000000     0x12f1
 .debug_rnglists
                0x00000000       0x8c build/ble.o
 .debug_rnglists
                0x0000008c       0x2e build/ble_phy.o
 .debug_rnglists
                0x000000ba       0xa5 build/device_store.o
 .debug_rnglists
                0x0000015f       0x25 build/leds.o
 .debug_rnglists
                0x00000184       0x86 build/Main.o
 .debug_rnglists
                0x0000020a       0x19 build/startup.o
 .debug_rnglists
                0x00000223       0x49 build/stdlib_impl.o
 .debug_rnglists
                0x0000026c       0x2b build/timer.o
 .debug_rnglists
                0x00000297       0x19 build/uart.o
 .debug_rnglists
                0x000002b0       0x19 /usr/lib/gcc/arm-none-eabi/14.2.0/../../../../arm-none-eabi/lib/thumb/v6-m/nofp/libc.a(libc_a-printf.o)
 .debug_rnglists
                0x000002c9       0x13 /usr/lib/gcc/arm-none-eabi/14.2.0/../../../../arm-none-eabi/lib/thumb/v6-m/nofp/libc.a(libc_a-memcmp.o)
 .debug_rnglists
                0x000002dc       0x14 /usr/lib/gcc/arm-none-eabi/14.2.0/../../../../arm-none-eabi/lib/thumb/v6-m/nofp/libc.a(libc_a-memset.o)
 .debug_rnglists
                0x000002f0       0x13 /usr/lib/gcc/arm-none-eabi/14.2.0/../../../../arm-none-eabi/lib/thumb/v6-m/nofp/libc.a(libc_a-strncmp.o)
 .debug_rnglists
                0x00000303       0x13 /usr/lib/gcc/arm-none-eabi/14.2.0/../../../../arm-none-eabi/lib/thumb/v6-m/nofp/libc.a(libc_a-reent.o)
 .debug_rnglists
                0x00000316       0x14 /usr/lib/gcc/arm-none-eabi/14.2.0/../../../../arm-none-eabi/lib/thumb/v6-m/nofp/libc.a(libc_a-memcpy-stub.o)
 .debug_rnglists
                0x0000032a       0x13 /usr/lib/gcc/arm-none-eabi/14.2.0/../../../../arm-none-eabi/lib/thumb/v6-m/nofp/libc.a(libc_a-strlen-stub.o)
 .debug_rnglists
                0x0000033d       0x1b /usr/lib/gcc/arm-none-eabi/14.2.0/../../../../arm-none-eabi/lib/thumb/v6-m/nofp/libc.a(libc_a-freer.o)
 .debug_rnglists
                0x00000358       0x3c /usr/lib/gcc/arm-none-eabi/14.2.0/../../../../arm-none-eabi/lib/thumb/v6-m/nofp/libc.a(libc_a-mallocr.o)
 .debug_rnglists
                0x00000394       0x19 /usr/lib/gcc/arm-none-eabi/14.2.0/../../../../arm-none-eabi/lib/thumb/v6-m/nofp/libc.a(libc_a-mlock.o)
 .debug_rnglists
                0x000003ad      0x1d4 /usr/lib/gcc/arm-none-eabi/14.2.0/../../../../arm-none-eabi/lib/thumb/v6-m/nofp/libc.a(libc_a-vfprintf.o)
 .debug_rnglists
                0x00000581       0x13 /usr/lib/gcc/arm-none-eabi/14.2.0/../../../../arm-none-eabi/lib/thumb/v6-m/nofp/libc.a(libc_a-sprint_r.o)
 .debug_rnglists
                0x00000594       0x6e /usr/lib/gcc/arm-none-eabi/14.2.0/../../../../arm-none-eabi/lib/thumb/v6-m/nofp/libc.a(libc_a-fflush.o)
 .debug_rnglists
                0x00000602       0xc8 /usr/lib/gcc/arm-none-eabi/14.2.0/../../../../arm-none-eabi/lib/thumb/v6-m/nofp/libc.a(libc_a-findfp.o)
 .debug_rnglists
                0x000006ca       0x32 /usr/lib/gcc/arm-none-eabi/14.2.0/../../../../arm-none-eabi/lib/thumb/v6-m/nofp/libc.a(libc_a-fvwrite.o)
 .debug_rnglists
                0x000006fc       0x13 /usr/lib/gcc/arm-none-eabi/14.2.0/../../../../arm-none-eabi/lib/thumb/v6-m/nofp/libc.a(libc_a-fwalk.o)
 .debug_rnglists
                0x0000070f       0x2b /usr/lib/gcc/arm-none-eabi/14.2.0/../../../../arm-none-eabi/lib/thumb/v6-m/nofp/libc.a(libc_a-stdio.o)
 .debug_rnglists
                0x0000073a       0x28 /usr/lib/gcc/arm-none-eabi/14.2.0/../../../../arm-none-eabi/lib/thumb/v6-m/nofp/libc.a(libc_a-wsetup.o)
 .debug_rnglists
                0x00000762       0x14 /usr/lib/gcc/arm-none-eabi/14.2.0/../../../../arm-none-eabi/lib/thumb/v6-m/nofp/libc.a(libc_a-memmove.o)
 .debug_rnglists
                0x00000776       0x13 /usr/lib/gcc/arm-none-eabi/14.2.0/../../../../arm-none-eabi/lib/thumb/v6-m/nofp/libc.a(libc_a-strncpy.o)
 .debug_rnglists
                0x00000789       0x1f /usr/lib/gcc/arm-none-eabi/14.2.0/../../../../arm-none-eabi/lib/thumb/v6-m/nofp/libc.a(libc_a-localeconv.o)
 .debug_rnglists
                0x000007a8       0x13 /usr/lib/gcc/arm-none-eabi/14.2.0/../../../../arm-none-eabi/lib/thumb/v6-m/nofp/libc.a(libc_a-closer.o)
 .debug_rnglists
                0x000007bb       0x13 /usr/lib/gcc/arm-none-eabi/14.2.0/../../../../arm-none-eabi/lib/thumb/v6-m/nofp/libc.a(libc_a-lseekr.o)
 .debug_rnglists
                0x000007ce       0x13 /usr/lib/gcc/arm-none-eabi/14.2.0/../../../../arm-none-eabi/lib/thumb/v6-m/nofp/libc.a(libc_a-readr.o)
 .debug_rnglists
                0x000007e1       0x13 /usr/lib/gcc/arm-none-eabi/14.2.0/../../../../arm-none-eabi/lib/thumb/v6-m/nofp/libc.a(libc_a-sbrkr.o)
 .debug_rnglists
                0x000007f4       0x13 /usr/lib/gcc/arm-none-eabi/14.2.0/../../../../arm-none-eabi/lib/thumb/v6-m/nofp/libc.a(libc_a-writer.o)
 .debug_rnglists
                0x00000807       0x49 /usr/lib/gcc/arm-none-eabi/14.2.0/../../../../arm-none-eabi/lib/thumb/v6-m/nofp/libc.a(libc_a-lock.o)
 .debug_rnglists
                0x00000850       0x13 /usr/lib/gcc/arm-none-eabi/14.2.0/../../../../arm-none-eabi/lib/thumb/v6-m/nofp/libc.a(libc_a-sysconf.o)
 .debug_rnglists
                0x00000863       0x13 /usr/lib/gcc/arm-none-eabi/14.2.0/../../../../arm-none-eabi/lib/thumb/v6-m/nofp/libc.a(libc_a-memchr-stub.o)
 .debug_rnglists
                0x00000876       0x1f /usr/lib/gcc/arm-none-eabi/14.2.0/../../../../arm-none-eabi/lib/thumb/v6-m/nofp/libc.a(libm_a-s_frexp.o)
 .debug_rnglists
                0x00000895       0x4b /usr/lib/gcc/arm-none-eabi/14.2.0/../../../../arm-none-eabi/lib/thumb/v6-m/nofp/libc.a(libc_a-dtoa.o)
 .debug_rnglists
                0x000008e0      0x135 /usr/lib/gcc/arm-none-eabi/14.2.0/../../../../arm-none-eabi/lib/thumb/v6-m/nofp/libc.a(libc_a-mprec.o)
 .debug_rnglists
                0x00000a15       0x93 /usr/lib/gcc/arm-none-eabi/14.2.0/../../../../arm-none-eabi/lib/thumb/v6-m/nofp/libc.a(libc_a-reallocr.o)
 .debug_rnglists
                0x00000aa8       0x28 /usr/lib/gcc/arm-none-eabi/14.2.0/../../../../arm-none-eabi/lib/thumb/v6-m/nofp/libc.a(libc_a-fclose.o)
 .debug_rnglists
                0x00000ad0       0x38 /usr/lib/gcc/arm-none-eabi/14.2.0/../../../../arm-none-eabi/lib/thumb/v6-m/nofp/libc.a(libc_a-makebuf.o)
 .debug_rnglists
                0x00000b08       0x2e /usr/lib/gcc/arm-none-eabi/14.2.0/../../../../arm-none-eabi/lib/thumb/v6-m/nofp/libc.a(libc_a-locale.o)
 .debug_rnglists
                0x00000b36       0x13 /usr/lib/gcc/arm-none-eabi/14.2.0/../../../../arm-none-eabi/lib/thumb/v6-m/nofp/libc.a(libc_a-fstatr.o)
 .debug_rnglists
                0x00000b49       0x13 /usr/lib/gcc/arm-none-eabi/14.2.0/../../../../arm-none-eabi/lib/thumb/v6-m/nofp/libc.a(libc_a-isattyr.o)
 .debug_rnglists
                0x00000b5c       0x13 /usr/lib/gcc/arm-none-eabi/14.2.0/../../../../arm-none-eabi/lib/thumb/v6-m/nofp/libc.a(libc_a-errno.o)
 .debug_rnglists
                0x00000b6f       0x19 /usr/lib/gcc/arm-none-eabi/14.2.0/../../../../arm-none-eabi/lib/thumb/v6-m/nofp/libc.a(libc_a-assert.o)
 .debug_rnglists
                0x00000b88       0x30 /usr/lib/gcc/arm-none-eabi/14.2.0/../../../../arm-none-eabi/lib/thumb/v6-m/nofp/libc.a(libc_a-callocr.o)
 .debug_rnglists
                0x00000bb8       0x19 /usr/lib/gcc/arm-none-eabi/14.2.0/../../../../arm-none-eabi/lib/thumb/v6-m/nofp/libc.a(libc_a-mbtowc_r.o)
 .debug_rnglists
                0x00000bd1       0x19 /usr/lib/gcc/arm-none-eabi/14.2.0/../../../../arm-none-eabi/lib/thumb/v6-m/nofp/libc.a(libc_a-wctomb_r.o)
 .debug_rnglists
                0x00000bea       0x19 /usr/lib/gcc/arm-none-eabi/14.2.0/../../../../arm-none-eabi/lib/thumb/v6-m/nofp/libc.a(libc_a-fiprintf.o)
 .debug_rnglists
                0x00000c03       0x48 /usr/lib/gcc/arm-none-eabi/14.2.0/../../../../arm-none-eabi/lib/thumb/v6-m/nofp/libc.a(libc_a-vfiprintf.o)
 .debug_rnglists
                0x00000c4b       0x13 /usr/lib/gcc/arm-none-eabi/14.2.0/../../../../arm-none-eabi/lib/thumb/v6-m/nofp/libc.a(libc_a-abort.o)
 .debug_rnglists
                0x00000c5e       0x79 /usr/lib/gcc/arm-none-eabi/14.2.0/../../../../arm-none-eabi/lib/thumb/v6-m/nofp/libc.a(libc_a-signal.o)
 .debug_rnglists
                0x00000cd7       0x19 /usr/lib/gcc/arm-none-eabi/14.2.0/../../../../arm-none-eabi/lib/thumb/v6-m/nofp/libc.a(libc_a-signalr.o)
 .debug_rnglists
                0x00000cf0       0x14 /usr/lib/gcc/arm-none-eabi/14.2.0/thumb/v6-m/nofp/libgcc.a(_udivmoddi4.o)
 .debug_rnglists
                0x00000d04      0x14d /usr/lib/gcc/arm-none-eabi/14.2.0/thumb/v6-m/nofp/libgcc.a(adddf3.o)
 .debug_rnglists
                0x00000e51       0xd0 /usr/lib/gcc/arm-none-eabi/14.2.0/thumb/v6-m/nofp/libgcc.a(divdf3.o)
 .debug_rnglists
                0x00000f21       0x2f /usr/lib/gcc/arm-none-eabi/14.2.0/thumb/v6-m/nofp/libgcc.a(eqdf2.o)
 .debug_rnglists
                0x00000f50       0x3e /usr/lib/gcc/arm-none-eabi/14.2.0/thumb/v6-m/nofp/libgcc.a(gedf2.o)
 .debug_rnglists
                0x00000f8e       0x3e /usr/lib/gcc/arm-none-eabi/14.2.0/thumb/v6-m/nofp/libgcc.a(ledf2.o)
 .debug_rnglists
                0x00000fcc      0x101 /usr/lib/gcc/arm-none-eabi/14.2.0/thumb/v6-m/nofp/libgcc.a(muldf3.o)
 .debug_rnglists
                0x000010cd      0x154 /usr/lib/gcc/arm-none-eabi/14.2.0/thumb/v6-m/nofp/libgcc.a(subdf3.o)
 .debug_rnglists
                0x00001221       0x34 /usr/lib/gcc/arm-none-eabi/14.2.0/thumb/v6-m/nofp/libgcc.a(unorddf2.o)
 .debug_rnglists
                0x00001255       0x25 /usr/lib/gcc/arm-none-eabi/14.2.0/thumb/v6-m/nofp/libgcc.a(fixdfsi.o)
 .debug_rnglists
                0x0000127a       0x3a /usr/lib/gcc/arm-none-eabi/14.2.0/thumb/v6-m/nofp/libgcc.a(floatsidf.o)
 .debug_rnglists
                0x000012b4       0x3d /usr/lib/gcc/arm-none-eabi/14.2.0/thumb/v6-m/nofp/libgcc.a(floatunsidf.o)

.debug_macro    0x00000000     0x971e
 .debug_macro   0x00000000      0x1c7 build/ble.o
 .debug_macro   0x000001c7      0xa9c build/ble.o
 .debug_macro   0x00000c63       0x22 build/ble.o
 .debug_macro   0x00000c85       0x8e build/ble.o
 .debug_macro   0x00000d13       0x51 build/ble.o
 .debug_macro   0x00000d64      0x103 build/ble.o
 .debug_macro   0x00000e67       0x6a build/ble.o
 .debug_macro   0x00000ed1      0x1df build/ble.o
 .debug_macro   0x000010b0       0x22 build/ble.o
 .debug_macro   0x000010d2       0x74 build/ble.o
 .debug_macro   0x00001146       0x24 build/ble.o
 .debug_macro   0x0000116a       0x3c build/ble.o
 .debug_macro   0x000011a6       0x34 build/ble.o
 .debug_macro   0x000011da       0x16 build/ble.o
 .debug_macro   0x000011f0       0x9e build/ble.o
 .debug_macro   0x0000128e      0x364 build/ble.o
 .debug_macro   0x000015f2      0x112 build/ble.o
 .debug_macro   0x00001704       0x10 build/ble.o
 .debug_macro   0x00001714       0x16 build/ble.o
 .debug_macro   0x0000172a       0x4a build/ble.o
 .debug_macro   0x00001774       0x34 build/ble.o
 .debug_macro   0x000017a8       0x10 build/ble.o
 .debug_macro   0x000017b8       0x58 build/ble.o
 .debug_macro   0x00001810      0x1e5 build/ble.o
 .debug_macro   0x000019f5       0x16 build/ble.o
 .debug_macro   0x00001a0b       0x16 build/ble.o
 .debug_macro   0x00001a21      0x170 build/ble.o
 .debug_macro   0x00001b91       0x16 build/ble.o
 .debug_macro   0x00001ba7       0x3c build/ble.o
 .debug_macro   0x00001be3       0x22 build/ble.o
 .debug_macro   0x00001c05       0x3a build/ble.o
 .debug_macro   0x00001c3f       0x26 build/ble.o
 .debug_macro   0x00001c65      0x30d build/ble.o
 .debug_macro   0x00001f72      0x1b6 build/ble.o
 .debug_macro   0x00002128     0x6504 build/ble.o
 .debug_macro   0x0000862c      0x1d1 build/ble_phy.o
 .debug_macro   0x000087fd       0x6e build/ble_phy.o
 .debug_macro   0x0000886b       0x94 build/ble_phy.o
 .debug_macro   0x000088ff       0x57 build/ble_phy.o
 .debug_macro   0x00008956       0x34 build/ble_phy.o
 .debug_macro   0x0000898a      0x199 build/device_store.o
 .debug_macro   0x00008b23       0xb1 build/leds.o
 .debug_macro   0x00008bd4      0x1ce build/Main.o
 .debug_macro   0x00008da2       0x17 build/startup.o
 .debug_macro   0x00008db9      0x1ef build/stdlib_impl.o
 .debug_macro   0x00008fa8       0x10 build/stdlib_impl.o
 .debug_macro   0x00008fb8      0x242 build/stdlib_impl.o
 .debug_macro   0x000091fa       0x16 build/stdlib_impl.o
 .debug_macro   0x00009210       0x10 build/stdlib_impl.o
 .debug_macro   0x00009220       0x10 build/stdlib_impl.o
 .debug_macro   0x00009230       0x10 build/stdlib_impl.o
 .debug_macro   0x00009240       0x1c build/stdlib_impl.o
 .debug_macro   0x0000925c       0x52 build/stdlib_impl.o
 .debug_macro   0x000092ae       0x22 build/stdlib_impl.o
 .debug_macro   0x000092d0       0x10 build/stdlib_impl.o
 .debug_macro   0x000092e0       0x52 build/stdlib_impl.o
 .debug_macro   0x00009332       0xc1 build/stdlib_impl.o
 .debug_macro   0x000093f3       0x1c build/stdlib_impl.o
 .debug_macro   0x0000940f       0x3d build/stdlib_impl.o
 .debug_macro   0x0000944c       0x35 build/stdlib_impl.o
 .debug_macro   0x00009481      0x12c build/stdlib_impl.o
 .debug_macro   0x000095ad       0xba build/timer.o
 .debug_macro   0x00009667       0xb7 build/uart.o

.debug_line     0x00000000    0x155ea
 .debug_line    0x00000000      0x57c build/ble.o
 .debug_line    0x0000057c      0x627 build/ble_phy.o
 .debug_line    0x00000ba3      0x613 build/device_store.o
 .debug_line    0x000011b6      0x25a build/leds.o
 .debug_line    0x00001410      0x567 build/Main.o
 .debug_line    0x00001977       0x8b build/startup.o
 .debug_line    0x00001a02      0x416 build/stdlib_impl.o
 .debug_line    0x00001e18      0x29c build/timer.o
 .debug_line    0x000020b4      0x236 build/uart.o
 .debug_line    0x000022ea       0x6f /usr/lib/gcc/arm-none-eabi/14.2.0/thumb/v6-m/nofp/libgcc.a(_divsi3.o)
 .debug_line    0x00002359       0x4a /usr/lib/gcc/arm-none-eabi/14.2.0/thumb/v6-m/nofp/libgcc.a(_dvmd_tls.o)
 .debug_line    0x000023a3      0x1f2 /usr/lib/gcc/arm-none-eabi/14.2.0/../../../../arm-none-eabi/lib/thumb/v6-m/nofp/libc.a(libc_a-printf.o)
 .debug_line    0x00002595      0x185 /usr/lib/gcc/arm-none-eabi/14.2.0/../../../../arm-none-eabi/lib/thumb/v6-m/nofp/libc.a(libc_a-memcmp.o)
 .debug_line    0x0000271a      0x1cf /usr/lib/gcc/arm-none-eabi/14.2.0/../../../../arm-none-eabi/lib/thumb/v6-m/nofp/libc.a(libc_a-memset.o)
 .debug_line    0x000028e9      0x1e3 /usr/lib/gcc/arm-none-eabi/14.2.0/../../../../arm-none-eabi/lib/thumb/v6-m/nofp/libc.a(libc_a-strncmp.o)
 .debug_line    0x00002acc      0x216 /usr/lib/gcc/arm-none-eabi/14.2.0/../../../../arm-none-eabi/lib/thumb/v6-m/nofp/libc.a(libc_a-reent.o)
 .debug_line    0x00002ce2      0x108 /usr/lib/gcc/arm-none-eabi/14.2.0/../../../../arm-none-eabi/lib/thumb/v6-m/nofp/libc.a(libc_a-impure.o)
 .debug_line    0x00002dea      0x233 /usr/lib/gcc/arm-none-eabi/14.2.0/../../../../arm-none-eabi/lib/thumb/v6-m/nofp/libc.a(libc_a-memcpy-stub.o)
 .debug_line    0x0000301d      0x1e1 /usr/lib/gcc/arm-none-eabi/14.2.0/../../../../arm-none-eabi/lib/thumb/v6-m/nofp/libc.a(libc_a-strlen-stub.o)
 .debug_line    0x000031fe      0x593 /usr/lib/gcc/arm-none-eabi/14.2.0/../../../../arm-none-eabi/lib/thumb/v6-m/nofp/libc.a(libc_a-freer.o)
 .debug_line    0x00003791      0x965 /usr/lib/gcc/arm-none-eabi/14.2.0/../../../../arm-none-eabi/lib/thumb/v6-m/nofp/libc.a(libc_a-mallocr.o)
 .debug_line    0x000040f6      0x19c /usr/lib/gcc/arm-none-eabi/14.2.0/../../../../arm-none-eabi/lib/thumb/v6-m/nofp/libc.a(libc_a-mlock.o)
 .debug_line    0x00004292     0x3111 /usr/lib/gcc/arm-none-eabi/14.2.0/../../../../arm-none-eabi/lib/thumb/v6-m/nofp/libc.a(libc_a-vfprintf.o)
 .debug_line    0x000073a3      0x1bb /usr/lib/gcc/arm-none-eabi/14.2.0/../../../../arm-none-eabi/lib/thumb/v6-m/nofp/libc.a(libc_a-sprint_r.o)
 .debug_line    0x0000755e      0x4e8 /usr/lib/gcc/arm-none-eabi/14.2.0/../../../../arm-none-eabi/lib/thumb/v6-m/nofp/libc.a(libc_a-fflush.o)
 .debug_line    0x00007a46      0x75f /usr/lib/gcc/arm-none-eabi/14.2.0/../../../../arm-none-eabi/lib/thumb/v6-m/nofp/libc.a(libc_a-findfp.o)
 .debug_line    0x000081a5      0x62c /usr/lib/gcc/arm-none-eabi/14.2.0/../../../../arm-none-eabi/lib/thumb/v6-m/nofp/libc.a(libc_a-fvwrite.o)
 .debug_line    0x000087d1      0x1de /usr/lib/gcc/arm-none-eabi/14.2.0/../../../../arm-none-eabi/lib/thumb/v6-m/nofp/libc.a(libc_a-fwalk.o)